Archive member included to satisfy reference by file (symbol)

c:/st/stm32cubeide_1.2.0/stm32cubeide/plugins/com.st.stm32cube.ide.mcu.externaltools.gnu-tools-for-stm32.7-2018-q2-update.win32_1.0.0.201904181610/tools/bin/../lib/gcc/arm-none-eabi/7.3.1/../../../../arm-none-eabi/lib/thumb/v7e-m/fpv4-sp/hard\libc_nano.a(lib_a-exit.o)
                              c:/st/stm32cubeide_1.2.0/stm32cubeide/plugins/com.st.stm32cube.ide.mcu.externaltools.gnu-tools-for-stm32.7-2018-q2-update.win32_1.0.0.201904181610/tools/bin/../lib/gcc/arm-none-eabi/7.3.1/../../../../arm-none-eabi/lib/thumb/v7e-m/fpv4-sp/hard/crt0.o (exit)
c:/st/stm32cubeide_1.2.0/stm32cubeide/plugins/com.st.stm32cube.ide.mcu.externaltools.gnu-tools-for-stm32.7-2018-q2-update.win32_1.0.0.201904181610/tools/bin/../lib/gcc/arm-none-eabi/7.3.1/../../../../arm-none-eabi/lib/thumb/v7e-m/fpv4-sp/hard\libc_nano.a(lib_a-impure.o)
                              c:/st/stm32cubeide_1.2.0/stm32cubeide/plugins/com.st.stm32cube.ide.mcu.externaltools.gnu-tools-for-stm32.7-2018-q2-update.win32_1.0.0.201904181610/tools/bin/../lib/gcc/arm-none-eabi/7.3.1/../../../../arm-none-eabi/lib/thumb/v7e-m/fpv4-sp/hard\libc_nano.a(lib_a-exit.o) (_global_impure_ptr)
c:/st/stm32cubeide_1.2.0/stm32cubeide/plugins/com.st.stm32cube.ide.mcu.externaltools.gnu-tools-for-stm32.7-2018-q2-update.win32_1.0.0.201904181610/tools/bin/../lib/gcc/arm-none-eabi/7.3.1/../../../../arm-none-eabi/lib/thumb/v7e-m/fpv4-sp/hard\libc_nano.a(lib_a-init.o)
                              c:/st/stm32cubeide_1.2.0/stm32cubeide/plugins/com.st.stm32cube.ide.mcu.externaltools.gnu-tools-for-stm32.7-2018-q2-update.win32_1.0.0.201904181610/tools/bin/../lib/gcc/arm-none-eabi/7.3.1/../../../../arm-none-eabi/lib/thumb/v7e-m/fpv4-sp/hard/crt0.o (__libc_init_array)
c:/st/stm32cubeide_1.2.0/stm32cubeide/plugins/com.st.stm32cube.ide.mcu.externaltools.gnu-tools-for-stm32.7-2018-q2-update.win32_1.0.0.201904181610/tools/bin/../lib/gcc/arm-none-eabi/7.3.1/../../../../arm-none-eabi/lib/thumb/v7e-m/fpv4-sp/hard\libc_nano.a(lib_a-memset.o)
                              c:/st/stm32cubeide_1.2.0/stm32cubeide/plugins/com.st.stm32cube.ide.mcu.externaltools.gnu-tools-for-stm32.7-2018-q2-update.win32_1.0.0.201904181610/tools/bin/../lib/gcc/arm-none-eabi/7.3.1/../../../../arm-none-eabi/lib/thumb/v7e-m/fpv4-sp/hard/crt0.o (memset)
c:/st/stm32cubeide_1.2.0/stm32cubeide/plugins/com.st.stm32cube.ide.mcu.externaltools.gnu-tools-for-stm32.7-2018-q2-update.win32_1.0.0.201904181610/tools/bin/../lib/gcc/arm-none-eabi/7.3.1/../../../../arm-none-eabi/lib/thumb/v7e-m/fpv4-sp/hard\libnosys.a(_exit.o)
                              c:/st/stm32cubeide_1.2.0/stm32cubeide/plugins/com.st.stm32cube.ide.mcu.externaltools.gnu-tools-for-stm32.7-2018-q2-update.win32_1.0.0.201904181610/tools/bin/../lib/gcc/arm-none-eabi/7.3.1/../../../../arm-none-eabi/lib/thumb/v7e-m/fpv4-sp/hard\libc_nano.a(lib_a-exit.o) (_exit)

Allocating common symbols
Common symbol       size              file

I2C1Handle          0x28              Src/010i2c_master_rx_testing.o
rcv_buf             0x20              Src/010i2c_master_rx_testing.o

Discarded input sections

 .text          0x0000000000000000        0x0 c:/st/stm32cubeide_1.2.0/stm32cubeide/plugins/com.st.stm32cube.ide.mcu.externaltools.gnu-tools-for-stm32.7-2018-q2-update.win32_1.0.0.201904181610/tools/bin/../lib/gcc/arm-none-eabi/7.3.1/thumb/v7e-m/fpv4-sp/hard/crti.o
 .data          0x0000000000000000        0x0 c:/st/stm32cubeide_1.2.0/stm32cubeide/plugins/com.st.stm32cube.ide.mcu.externaltools.gnu-tools-for-stm32.7-2018-q2-update.win32_1.0.0.201904181610/tools/bin/../lib/gcc/arm-none-eabi/7.3.1/thumb/v7e-m/fpv4-sp/hard/crti.o
 .bss           0x0000000000000000        0x0 c:/st/stm32cubeide_1.2.0/stm32cubeide/plugins/com.st.stm32cube.ide.mcu.externaltools.gnu-tools-for-stm32.7-2018-q2-update.win32_1.0.0.201904181610/tools/bin/../lib/gcc/arm-none-eabi/7.3.1/thumb/v7e-m/fpv4-sp/hard/crti.o
 .data          0x0000000000000000        0x4 c:/st/stm32cubeide_1.2.0/stm32cubeide/plugins/com.st.stm32cube.ide.mcu.externaltools.gnu-tools-for-stm32.7-2018-q2-update.win32_1.0.0.201904181610/tools/bin/../lib/gcc/arm-none-eabi/7.3.1/thumb/v7e-m/fpv4-sp/hard/crtbegin.o
 .text          0x0000000000000000       0x74 c:/st/stm32cubeide_1.2.0/stm32cubeide/plugins/com.st.stm32cube.ide.mcu.externaltools.gnu-tools-for-stm32.7-2018-q2-update.win32_1.0.0.201904181610/tools/bin/../lib/gcc/arm-none-eabi/7.3.1/../../../../arm-none-eabi/lib/thumb/v7e-m/fpv4-sp/hard/crt0.o
 .data          0x0000000000000000        0x0 c:/st/stm32cubeide_1.2.0/stm32cubeide/plugins/com.st.stm32cube.ide.mcu.externaltools.gnu-tools-for-stm32.7-2018-q2-update.win32_1.0.0.201904181610/tools/bin/../lib/gcc/arm-none-eabi/7.3.1/../../../../arm-none-eabi/lib/thumb/v7e-m/fpv4-sp/hard/crt0.o
 .bss           0x0000000000000000        0x0 c:/st/stm32cubeide_1.2.0/stm32cubeide/plugins/com.st.stm32cube.ide.mcu.externaltools.gnu-tools-for-stm32.7-2018-q2-update.win32_1.0.0.201904181610/tools/bin/../lib/gcc/arm-none-eabi/7.3.1/../../../../arm-none-eabi/lib/thumb/v7e-m/fpv4-sp/hard/crt0.o
 .ARM.extab     0x0000000000000000        0x0 c:/st/stm32cubeide_1.2.0/stm32cubeide/plugins/com.st.stm32cube.ide.mcu.externaltools.gnu-tools-for-stm32.7-2018-q2-update.win32_1.0.0.201904181610/tools/bin/../lib/gcc/arm-none-eabi/7.3.1/../../../../arm-none-eabi/lib/thumb/v7e-m/fpv4-sp/hard/crt0.o
 .ARM.exidx     0x0000000000000000        0x8 c:/st/stm32cubeide_1.2.0/stm32cubeide/plugins/com.st.stm32cube.ide.mcu.externaltools.gnu-tools-for-stm32.7-2018-q2-update.win32_1.0.0.201904181610/tools/bin/../lib/gcc/arm-none-eabi/7.3.1/../../../../arm-none-eabi/lib/thumb/v7e-m/fpv4-sp/hard/crt0.o
 .ARM.attributes
                0x0000000000000000       0x20 c:/st/stm32cubeide_1.2.0/stm32cubeide/plugins/com.st.stm32cube.ide.mcu.externaltools.gnu-tools-for-stm32.7-2018-q2-update.win32_1.0.0.201904181610/tools/bin/../lib/gcc/arm-none-eabi/7.3.1/../../../../arm-none-eabi/lib/thumb/v7e-m/fpv4-sp/hard/crt0.o
 .group         0x0000000000000000        0xc Src/010i2c_master_rx_testing.o
 .group         0x0000000000000000        0xc Src/010i2c_master_rx_testing.o
 .group         0x0000000000000000        0xc Src/010i2c_master_rx_testing.o
 .group         0x0000000000000000        0xc Src/010i2c_master_rx_testing.o
 .group         0x0000000000000000        0xc Src/010i2c_master_rx_testing.o
 .group         0x0000000000000000        0xc Src/010i2c_master_rx_testing.o
 .group         0x0000000000000000        0xc Src/010i2c_master_rx_testing.o
 .group         0x0000000000000000        0xc Src/010i2c_master_rx_testing.o
 .group         0x0000000000000000        0xc Src/010i2c_master_rx_testing.o
 .group         0x0000000000000000        0xc Src/010i2c_master_rx_testing.o
 .group         0x0000000000000000        0xc Src/010i2c_master_rx_testing.o
 .group         0x0000000000000000        0xc Src/010i2c_master_rx_testing.o
 .group         0x0000000000000000        0xc Src/010i2c_master_rx_testing.o
 .group         0x0000000000000000        0xc Src/010i2c_master_rx_testing.o
 .group         0x0000000000000000        0xc Src/010i2c_master_rx_testing.o
 .group         0x0000000000000000        0xc Src/010i2c_master_rx_testing.o
 .group         0x0000000000000000        0xc Src/010i2c_master_rx_testing.o
 .group         0x0000000000000000        0xc Src/010i2c_master_rx_testing.o
 .group         0x0000000000000000        0xc Src/010i2c_master_rx_testing.o
 .group         0x0000000000000000        0xc Src/010i2c_master_rx_testing.o
 .group         0x0000000000000000        0xc Src/010i2c_master_rx_testing.o
 .group         0x0000000000000000        0xc Src/010i2c_master_rx_testing.o
 .group         0x0000000000000000        0xc Src/010i2c_master_rx_testing.o
 .group         0x0000000000000000        0xc Src/010i2c_master_rx_testing.o
 .text          0x0000000000000000        0x0 Src/010i2c_master_rx_testing.o
 .data          0x0000000000000000        0x0 Src/010i2c_master_rx_testing.o
 .bss           0x0000000000000000        0x0 Src/010i2c_master_rx_testing.o
 .text          0x0000000000000000       0x14 Startup/startup_stm32f401retx.o
 .data          0x0000000000000000        0x0 Startup/startup_stm32f401retx.o
 .bss           0x0000000000000000        0x0 Startup/startup_stm32f401retx.o
 .group         0x0000000000000000        0xc drivers/Src/stm32f401xx_gpio_driver.o
 .group         0x0000000000000000        0xc drivers/Src/stm32f401xx_gpio_driver.o
 .group         0x0000000000000000        0xc drivers/Src/stm32f401xx_gpio_driver.o
 .group         0x0000000000000000        0xc drivers/Src/stm32f401xx_gpio_driver.o
 .group         0x0000000000000000        0xc drivers/Src/stm32f401xx_gpio_driver.o
 .group         0x0000000000000000        0xc drivers/Src/stm32f401xx_gpio_driver.o
 .group         0x0000000000000000        0xc drivers/Src/stm32f401xx_gpio_driver.o
 .group         0x0000000000000000        0xc drivers/Src/stm32f401xx_gpio_driver.o
 .group         0x0000000000000000        0xc drivers/Src/stm32f401xx_gpio_driver.o
 .group         0x0000000000000000        0xc drivers/Src/stm32f401xx_gpio_driver.o
 .text          0x0000000000000000        0x0 drivers/Src/stm32f401xx_gpio_driver.o
 .data          0x0000000000000000        0x0 drivers/Src/stm32f401xx_gpio_driver.o
 .bss           0x0000000000000000        0x0 drivers/Src/stm32f401xx_gpio_driver.o
 .text.GPIO_DeInit
                0x0000000000000000       0xfc drivers/Src/stm32f401xx_gpio_driver.o
 .text.GPIO_ReadFromInputPort
                0x0000000000000000       0x1c drivers/Src/stm32f401xx_gpio_driver.o
 .text.GPIO_WriteToOutputPin
                0x0000000000000000       0x4a drivers/Src/stm32f401xx_gpio_driver.o
 .text.GPIO_WriteToOutputPort
                0x0000000000000000       0x1e drivers/Src/stm32f401xx_gpio_driver.o
 .text.GPIO_ToggleOutputPin
                0x0000000000000000       0x2a drivers/Src/stm32f401xx_gpio_driver.o
 .text.GPIO_IRQInterruptConfig
                0x0000000000000000      0x10c drivers/Src/stm32f401xx_gpio_driver.o
 .text.GPIO_IRQPriorityConfig
                0x0000000000000000       0x54 drivers/Src/stm32f401xx_gpio_driver.o
 .text.GPIO_IRQHandling
                0x0000000000000000       0x40 drivers/Src/stm32f401xx_gpio_driver.o
 .debug_macro   0x0000000000000000      0xa60 drivers/Src/stm32f401xx_gpio_driver.o
 .debug_macro   0x0000000000000000      0x174 drivers/Src/stm32f401xx_gpio_driver.o
 .debug_macro   0x0000000000000000       0x22 drivers/Src/stm32f401xx_gpio_driver.o
 .debug_macro   0x0000000000000000       0xef drivers/Src/stm32f401xx_gpio_driver.o
 .debug_macro   0x0000000000000000       0x6a drivers/Src/stm32f401xx_gpio_driver.o
 .debug_macro   0x0000000000000000      0x1df drivers/Src/stm32f401xx_gpio_driver.o
 .debug_macro   0x0000000000000000      0x55b drivers/Src/stm32f401xx_gpio_driver.o
 .debug_macro   0x0000000000000000      0x124 drivers/Src/stm32f401xx_gpio_driver.o
 .group         0x0000000000000000        0xc drivers/Src/stm32f401xx_i2c_driver.o
 .group         0x0000000000000000        0xc drivers/Src/stm32f401xx_i2c_driver.o
 .group         0x0000000000000000        0xc drivers/Src/stm32f401xx_i2c_driver.o
 .group         0x0000000000000000        0xc drivers/Src/stm32f401xx_i2c_driver.o
 .group         0x0000000000000000        0xc drivers/Src/stm32f401xx_i2c_driver.o
 .group         0x0000000000000000        0xc drivers/Src/stm32f401xx_i2c_driver.o
 .group         0x0000000000000000        0xc drivers/Src/stm32f401xx_i2c_driver.o
 .group         0x0000000000000000        0xc drivers/Src/stm32f401xx_i2c_driver.o
 .group         0x0000000000000000        0xc drivers/Src/stm32f401xx_i2c_driver.o
 .group         0x0000000000000000        0xc drivers/Src/stm32f401xx_i2c_driver.o
 .group         0x0000000000000000        0xc drivers/Src/stm32f401xx_i2c_driver.o
 .text          0x0000000000000000        0x0 drivers/Src/stm32f401xx_i2c_driver.o
 .data          0x0000000000000000        0x0 drivers/Src/stm32f401xx_i2c_driver.o
 .bss           0x0000000000000000        0x0 drivers/Src/stm32f401xx_i2c_driver.o
 .text.teste    0x0000000000000000       0x3c drivers/Src/stm32f401xx_i2c_driver.o
 .text.I2C_DeInit
                0x0000000000000000       0x88 drivers/Src/stm32f401xx_i2c_driver.o
 .debug_macro   0x0000000000000000      0xa60 drivers/Src/stm32f401xx_i2c_driver.o
 .debug_macro   0x0000000000000000      0x174 drivers/Src/stm32f401xx_i2c_driver.o
 .debug_macro   0x0000000000000000       0x22 drivers/Src/stm32f401xx_i2c_driver.o
 .debug_macro   0x0000000000000000       0x8e drivers/Src/stm32f401xx_i2c_driver.o
 .debug_macro   0x0000000000000000       0x51 drivers/Src/stm32f401xx_i2c_driver.o
 .debug_macro   0x0000000000000000       0xef drivers/Src/stm32f401xx_i2c_driver.o
 .debug_macro   0x0000000000000000       0x6a drivers/Src/stm32f401xx_i2c_driver.o
 .debug_macro   0x0000000000000000      0x1df drivers/Src/stm32f401xx_i2c_driver.o
 .debug_macro   0x0000000000000000      0x55b drivers/Src/stm32f401xx_i2c_driver.o
 .group         0x0000000000000000        0xc drivers/Src/stm32f401xx_spi_driver.o
 .group         0x0000000000000000        0xc drivers/Src/stm32f401xx_spi_driver.o
 .group         0x0000000000000000        0xc drivers/Src/stm32f401xx_spi_driver.o
 .group         0x0000000000000000        0xc drivers/Src/stm32f401xx_spi_driver.o
 .group         0x0000000000000000        0xc drivers/Src/stm32f401xx_spi_driver.o
 .group         0x0000000000000000        0xc drivers/Src/stm32f401xx_spi_driver.o
 .group         0x0000000000000000        0xc drivers/Src/stm32f401xx_spi_driver.o
 .group         0x0000000000000000        0xc drivers/Src/stm32f401xx_spi_driver.o
 .group         0x0000000000000000        0xc drivers/Src/stm32f401xx_spi_driver.o
 .group         0x0000000000000000        0xc drivers/Src/stm32f401xx_spi_driver.o
 .group         0x0000000000000000        0xc drivers/Src/stm32f401xx_spi_driver.o
 .text          0x0000000000000000        0x0 drivers/Src/stm32f401xx_spi_driver.o
 .data          0x0000000000000000        0x0 drivers/Src/stm32f401xx_spi_driver.o
 .bss           0x0000000000000000        0x0 drivers/Src/stm32f401xx_spi_driver.o
 .text.SPI_PeriClockControl
                0x0000000000000000       0xe0 drivers/Src/stm32f401xx_spi_driver.o
 .text.SPI_Init
                0x0000000000000000       0xae drivers/Src/stm32f401xx_spi_driver.o
 .text.SPI_DeInit
                0x0000000000000000       0x80 drivers/Src/stm32f401xx_spi_driver.o
 .text.SPI_GetFlagStatus
                0x0000000000000000       0x28 drivers/Src/stm32f401xx_spi_driver.o
 .text.SPI_SendData
                0x0000000000000000       0x6c drivers/Src/stm32f401xx_spi_driver.o
 .text.SPI_ReceiveData
                0x0000000000000000       0x6c drivers/Src/stm32f401xx_spi_driver.o
 .text.SPI_SendDataIT
                0x0000000000000000       0x48 drivers/Src/stm32f401xx_spi_driver.o
 .text.SPI_ReceiveDataIT
                0x0000000000000000       0x48 drivers/Src/stm32f401xx_spi_driver.o
 .text.SPI_IRQInterruptConfig
                0x0000000000000000      0x10c drivers/Src/stm32f401xx_spi_driver.o
 .text.SPI_IRQPriorityConfig
                0x0000000000000000       0x54 drivers/Src/stm32f401xx_spi_driver.o
 .text.SPI_IRQHandling
                0x0000000000000000       0x9a drivers/Src/stm32f401xx_spi_driver.o
 .text.SPI_PeripheralControl
                0x0000000000000000       0x38 drivers/Src/stm32f401xx_spi_driver.o
 .text.SPI_SSIConfig
                0x0000000000000000       0x38 drivers/Src/stm32f401xx_spi_driver.o
 .text.SPI_SSOEConfig
                0x0000000000000000       0x38 drivers/Src/stm32f401xx_spi_driver.o
 .text.SPI_CloseTransmission
                0x0000000000000000       0x36 drivers/Src/stm32f401xx_spi_driver.o
 .text.SPI_CloseReception
                0x0000000000000000       0x36 drivers/Src/stm32f401xx_spi_driver.o
 .text.SPI_ClearOVRFlag
                0x0000000000000000       0x20 drivers/Src/stm32f401xx_spi_driver.o
 .text.SPI_ApplicationEventCallback
                0x0000000000000000       0x18 drivers/Src/stm32f401xx_spi_driver.o
 .text.spi_txe_interrupt_handle
                0x0000000000000000       0x80 drivers/Src/stm32f401xx_spi_driver.o
 .text.spi_rxne_interrupt_handle
                0x0000000000000000       0x84 drivers/Src/stm32f401xx_spi_driver.o
 .text.spi_ovr_err_interrupt_handle
                0x0000000000000000       0x30 drivers/Src/stm32f401xx_spi_driver.o
 .debug_info    0x0000000000000000      0x83e drivers/Src/stm32f401xx_spi_driver.o
 .debug_abbrev  0x0000000000000000      0x1a2 drivers/Src/stm32f401xx_spi_driver.o
 .debug_aranges
                0x0000000000000000       0xc0 drivers/Src/stm32f401xx_spi_driver.o
 .debug_ranges  0x0000000000000000       0xb0 drivers/Src/stm32f401xx_spi_driver.o
 .debug_macro   0x0000000000000000       0x93 drivers/Src/stm32f401xx_spi_driver.o
 .debug_macro   0x0000000000000000      0xa60 drivers/Src/stm32f401xx_spi_driver.o
 .debug_macro   0x0000000000000000      0x174 drivers/Src/stm32f401xx_spi_driver.o
 .debug_macro   0x0000000000000000       0x22 drivers/Src/stm32f401xx_spi_driver.o
 .debug_macro   0x0000000000000000       0x8e drivers/Src/stm32f401xx_spi_driver.o
 .debug_macro   0x0000000000000000       0x51 drivers/Src/stm32f401xx_spi_driver.o
 .debug_macro   0x0000000000000000       0xef drivers/Src/stm32f401xx_spi_driver.o
 .debug_macro   0x0000000000000000       0x6a drivers/Src/stm32f401xx_spi_driver.o
 .debug_macro   0x0000000000000000      0x1df drivers/Src/stm32f401xx_spi_driver.o
 .debug_macro   0x0000000000000000      0x55b drivers/Src/stm32f401xx_spi_driver.o
 .debug_macro   0x0000000000000000       0xbe drivers/Src/stm32f401xx_spi_driver.o
 .debug_macro   0x0000000000000000      0x12a drivers/Src/stm32f401xx_spi_driver.o
 .debug_line    0x0000000000000000      0x6a9 drivers/Src/stm32f401xx_spi_driver.o
 .debug_str     0x0000000000000000     0x610c drivers/Src/stm32f401xx_spi_driver.o
 .comment       0x0000000000000000       0x7c drivers/Src/stm32f401xx_spi_driver.o
 .debug_frame   0x0000000000000000      0x340 drivers/Src/stm32f401xx_spi_driver.o
 .ARM.attributes
                0x0000000000000000       0x39 drivers/Src/stm32f401xx_spi_driver.o
 .text          0x0000000000000000        0x0 c:/st/stm32cubeide_1.2.0/stm32cubeide/plugins/com.st.stm32cube.ide.mcu.externaltools.gnu-tools-for-stm32.7-2018-q2-update.win32_1.0.0.201904181610/tools/bin/../lib/gcc/arm-none-eabi/7.3.1/../../../../arm-none-eabi/lib/thumb/v7e-m/fpv4-sp/hard\libc_nano.a(lib_a-exit.o)
 .data          0x0000000000000000        0x0 c:/st/stm32cubeide_1.2.0/stm32cubeide/plugins/com.st.stm32cube.ide.mcu.externaltools.gnu-tools-for-stm32.7-2018-q2-update.win32_1.0.0.201904181610/tools/bin/../lib/gcc/arm-none-eabi/7.3.1/../../../../arm-none-eabi/lib/thumb/v7e-m/fpv4-sp/hard\libc_nano.a(lib_a-exit.o)
 .bss           0x0000000000000000        0x0 c:/st/stm32cubeide_1.2.0/stm32cubeide/plugins/com.st.stm32cube.ide.mcu.externaltools.gnu-tools-for-stm32.7-2018-q2-update.win32_1.0.0.201904181610/tools/bin/../lib/gcc/arm-none-eabi/7.3.1/../../../../arm-none-eabi/lib/thumb/v7e-m/fpv4-sp/hard\libc_nano.a(lib_a-exit.o)
 .text.exit     0x0000000000000000       0x28 c:/st/stm32cubeide_1.2.0/stm32cubeide/plugins/com.st.stm32cube.ide.mcu.externaltools.gnu-tools-for-stm32.7-2018-q2-update.win32_1.0.0.201904181610/tools/bin/../lib/gcc/arm-none-eabi/7.3.1/../../../../arm-none-eabi/lib/thumb/v7e-m/fpv4-sp/hard\libc_nano.a(lib_a-exit.o)
 .debug_frame   0x0000000000000000       0x28 c:/st/stm32cubeide_1.2.0/stm32cubeide/plugins/com.st.stm32cube.ide.mcu.externaltools.gnu-tools-for-stm32.7-2018-q2-update.win32_1.0.0.201904181610/tools/bin/../lib/gcc/arm-none-eabi/7.3.1/../../../../arm-none-eabi/lib/thumb/v7e-m/fpv4-sp/hard\libc_nano.a(lib_a-exit.o)
 .ARM.attributes
                0x0000000000000000       0x34 c:/st/stm32cubeide_1.2.0/stm32cubeide/plugins/com.st.stm32cube.ide.mcu.externaltools.gnu-tools-for-stm32.7-2018-q2-update.win32_1.0.0.201904181610/tools/bin/../lib/gcc/arm-none-eabi/7.3.1/../../../../arm-none-eabi/lib/thumb/v7e-m/fpv4-sp/hard\libc_nano.a(lib_a-exit.o)
 .text          0x0000000000000000        0x0 c:/st/stm32cubeide_1.2.0/stm32cubeide/plugins/com.st.stm32cube.ide.mcu.externaltools.gnu-tools-for-stm32.7-2018-q2-update.win32_1.0.0.201904181610/tools/bin/../lib/gcc/arm-none-eabi/7.3.1/../../../../arm-none-eabi/lib/thumb/v7e-m/fpv4-sp/hard\libc_nano.a(lib_a-impure.o)
 .data          0x0000000000000000        0x0 c:/st/stm32cubeide_1.2.0/stm32cubeide/plugins/com.st.stm32cube.ide.mcu.externaltools.gnu-tools-for-stm32.7-2018-q2-update.win32_1.0.0.201904181610/tools/bin/../lib/gcc/arm-none-eabi/7.3.1/../../../../arm-none-eabi/lib/thumb/v7e-m/fpv4-sp/hard\libc_nano.a(lib_a-impure.o)
 .bss           0x0000000000000000        0x0 c:/st/stm32cubeide_1.2.0/stm32cubeide/plugins/com.st.stm32cube.ide.mcu.externaltools.gnu-tools-for-stm32.7-2018-q2-update.win32_1.0.0.201904181610/tools/bin/../lib/gcc/arm-none-eabi/7.3.1/../../../../arm-none-eabi/lib/thumb/v7e-m/fpv4-sp/hard\libc_nano.a(lib_a-impure.o)
 .data._impure_ptr
                0x0000000000000000        0x4 c:/st/stm32cubeide_1.2.0/stm32cubeide/plugins/com.st.stm32cube.ide.mcu.externaltools.gnu-tools-for-stm32.7-2018-q2-update.win32_1.0.0.201904181610/tools/bin/../lib/gcc/arm-none-eabi/7.3.1/../../../../arm-none-eabi/lib/thumb/v7e-m/fpv4-sp/hard\libc_nano.a(lib_a-impure.o)
 .data.impure_data
                0x0000000000000000       0x60 c:/st/stm32cubeide_1.2.0/stm32cubeide/plugins/com.st.stm32cube.ide.mcu.externaltools.gnu-tools-for-stm32.7-2018-q2-update.win32_1.0.0.201904181610/tools/bin/../lib/gcc/arm-none-eabi/7.3.1/../../../../arm-none-eabi/lib/thumb/v7e-m/fpv4-sp/hard\libc_nano.a(lib_a-impure.o)
 .rodata._global_impure_ptr
                0x0000000000000000        0x4 c:/st/stm32cubeide_1.2.0/stm32cubeide/plugins/com.st.stm32cube.ide.mcu.externaltools.gnu-tools-for-stm32.7-2018-q2-update.win32_1.0.0.201904181610/tools/bin/../lib/gcc/arm-none-eabi/7.3.1/../../../../arm-none-eabi/lib/thumb/v7e-m/fpv4-sp/hard\libc_nano.a(lib_a-impure.o)
 .ARM.attributes
                0x0000000000000000       0x34 c:/st/stm32cubeide_1.2.0/stm32cubeide/plugins/com.st.stm32cube.ide.mcu.externaltools.gnu-tools-for-stm32.7-2018-q2-update.win32_1.0.0.201904181610/tools/bin/../lib/gcc/arm-none-eabi/7.3.1/../../../../arm-none-eabi/lib/thumb/v7e-m/fpv4-sp/hard\libc_nano.a(lib_a-impure.o)
 .text          0x0000000000000000        0x0 c:/st/stm32cubeide_1.2.0/stm32cubeide/plugins/com.st.stm32cube.ide.mcu.externaltools.gnu-tools-for-stm32.7-2018-q2-update.win32_1.0.0.201904181610/tools/bin/../lib/gcc/arm-none-eabi/7.3.1/../../../../arm-none-eabi/lib/thumb/v7e-m/fpv4-sp/hard\libc_nano.a(lib_a-init.o)
 .data          0x0000000000000000        0x0 c:/st/stm32cubeide_1.2.0/stm32cubeide/plugins/com.st.stm32cube.ide.mcu.externaltools.gnu-tools-for-stm32.7-2018-q2-update.win32_1.0.0.201904181610/tools/bin/../lib/gcc/arm-none-eabi/7.3.1/../../../../arm-none-eabi/lib/thumb/v7e-m/fpv4-sp/hard\libc_nano.a(lib_a-init.o)
 .bss           0x0000000000000000        0x0 c:/st/stm32cubeide_1.2.0/stm32cubeide/plugins/com.st.stm32cube.ide.mcu.externaltools.gnu-tools-for-stm32.7-2018-q2-update.win32_1.0.0.201904181610/tools/bin/../lib/gcc/arm-none-eabi/7.3.1/../../../../arm-none-eabi/lib/thumb/v7e-m/fpv4-sp/hard\libc_nano.a(lib_a-init.o)
 .text          0x0000000000000000        0x0 c:/st/stm32cubeide_1.2.0/stm32cubeide/plugins/com.st.stm32cube.ide.mcu.externaltools.gnu-tools-for-stm32.7-2018-q2-update.win32_1.0.0.201904181610/tools/bin/../lib/gcc/arm-none-eabi/7.3.1/../../../../arm-none-eabi/lib/thumb/v7e-m/fpv4-sp/hard\libc_nano.a(lib_a-memset.o)
 .data          0x0000000000000000        0x0 c:/st/stm32cubeide_1.2.0/stm32cubeide/plugins/com.st.stm32cube.ide.mcu.externaltools.gnu-tools-for-stm32.7-2018-q2-update.win32_1.0.0.201904181610/tools/bin/../lib/gcc/arm-none-eabi/7.3.1/../../../../arm-none-eabi/lib/thumb/v7e-m/fpv4-sp/hard\libc_nano.a(lib_a-memset.o)
 .bss           0x0000000000000000        0x0 c:/st/stm32cubeide_1.2.0/stm32cubeide/plugins/com.st.stm32cube.ide.mcu.externaltools.gnu-tools-for-stm32.7-2018-q2-update.win32_1.0.0.201904181610/tools/bin/../lib/gcc/arm-none-eabi/7.3.1/../../../../arm-none-eabi/lib/thumb/v7e-m/fpv4-sp/hard\libc_nano.a(lib_a-memset.o)
 .text.memset   0x0000000000000000       0x10 c:/st/stm32cubeide_1.2.0/stm32cubeide/plugins/com.st.stm32cube.ide.mcu.externaltools.gnu-tools-for-stm32.7-2018-q2-update.win32_1.0.0.201904181610/tools/bin/../lib/gcc/arm-none-eabi/7.3.1/../../../../arm-none-eabi/lib/thumb/v7e-m/fpv4-sp/hard\libc_nano.a(lib_a-memset.o)
 .debug_frame   0x0000000000000000       0x20 c:/st/stm32cubeide_1.2.0/stm32cubeide/plugins/com.st.stm32cube.ide.mcu.externaltools.gnu-tools-for-stm32.7-2018-q2-update.win32_1.0.0.201904181610/tools/bin/../lib/gcc/arm-none-eabi/7.3.1/../../../../arm-none-eabi/lib/thumb/v7e-m/fpv4-sp/hard\libc_nano.a(lib_a-memset.o)
 .ARM.attributes
                0x0000000000000000       0x34 c:/st/stm32cubeide_1.2.0/stm32cubeide/plugins/com.st.stm32cube.ide.mcu.externaltools.gnu-tools-for-stm32.7-2018-q2-update.win32_1.0.0.201904181610/tools/bin/../lib/gcc/arm-none-eabi/7.3.1/../../../../arm-none-eabi/lib/thumb/v7e-m/fpv4-sp/hard\libc_nano.a(lib_a-memset.o)
 .text          0x0000000000000000        0x0 c:/st/stm32cubeide_1.2.0/stm32cubeide/plugins/com.st.stm32cube.ide.mcu.externaltools.gnu-tools-for-stm32.7-2018-q2-update.win32_1.0.0.201904181610/tools/bin/../lib/gcc/arm-none-eabi/7.3.1/../../../../arm-none-eabi/lib/thumb/v7e-m/fpv4-sp/hard\libnosys.a(_exit.o)
 .data          0x0000000000000000        0x0 c:/st/stm32cubeide_1.2.0/stm32cubeide/plugins/com.st.stm32cube.ide.mcu.externaltools.gnu-tools-for-stm32.7-2018-q2-update.win32_1.0.0.201904181610/tools/bin/../lib/gcc/arm-none-eabi/7.3.1/../../../../arm-none-eabi/lib/thumb/v7e-m/fpv4-sp/hard\libnosys.a(_exit.o)
 .bss           0x0000000000000000        0x0 c:/st/stm32cubeide_1.2.0/stm32cubeide/plugins/com.st.stm32cube.ide.mcu.externaltools.gnu-tools-for-stm32.7-2018-q2-update.win32_1.0.0.201904181610/tools/bin/../lib/gcc/arm-none-eabi/7.3.1/../../../../arm-none-eabi/lib/thumb/v7e-m/fpv4-sp/hard\libnosys.a(_exit.o)
 .text._exit    0x0000000000000000        0x2 c:/st/stm32cubeide_1.2.0/stm32cubeide/plugins/com.st.stm32cube.ide.mcu.externaltools.gnu-tools-for-stm32.7-2018-q2-update.win32_1.0.0.201904181610/tools/bin/../lib/gcc/arm-none-eabi/7.3.1/../../../../arm-none-eabi/lib/thumb/v7e-m/fpv4-sp/hard\libnosys.a(_exit.o)
 .debug_frame   0x0000000000000000       0x20 c:/st/stm32cubeide_1.2.0/stm32cubeide/plugins/com.st.stm32cube.ide.mcu.externaltools.gnu-tools-for-stm32.7-2018-q2-update.win32_1.0.0.201904181610/tools/bin/../lib/gcc/arm-none-eabi/7.3.1/../../../../arm-none-eabi/lib/thumb/v7e-m/fpv4-sp/hard\libnosys.a(_exit.o)
 .ARM.attributes
                0x0000000000000000       0x34 c:/st/stm32cubeide_1.2.0/stm32cubeide/plugins/com.st.stm32cube.ide.mcu.externaltools.gnu-tools-for-stm32.7-2018-q2-update.win32_1.0.0.201904181610/tools/bin/../lib/gcc/arm-none-eabi/7.3.1/../../../../arm-none-eabi/lib/thumb/v7e-m/fpv4-sp/hard\libnosys.a(_exit.o)
 .text          0x0000000000000000        0x0 c:/st/stm32cubeide_1.2.0/stm32cubeide/plugins/com.st.stm32cube.ide.mcu.externaltools.gnu-tools-for-stm32.7-2018-q2-update.win32_1.0.0.201904181610/tools/bin/../lib/gcc/arm-none-eabi/7.3.1/thumb/v7e-m/fpv4-sp/hard/crtend.o
 .data          0x0000000000000000        0x0 c:/st/stm32cubeide_1.2.0/stm32cubeide/plugins/com.st.stm32cube.ide.mcu.externaltools.gnu-tools-for-stm32.7-2018-q2-update.win32_1.0.0.201904181610/tools/bin/../lib/gcc/arm-none-eabi/7.3.1/thumb/v7e-m/fpv4-sp/hard/crtend.o
 .bss           0x0000000000000000        0x0 c:/st/stm32cubeide_1.2.0/stm32cubeide/plugins/com.st.stm32cube.ide.mcu.externaltools.gnu-tools-for-stm32.7-2018-q2-update.win32_1.0.0.201904181610/tools/bin/../lib/gcc/arm-none-eabi/7.3.1/thumb/v7e-m/fpv4-sp/hard/crtend.o
 .eh_frame      0x0000000000000000        0x4 c:/st/stm32cubeide_1.2.0/stm32cubeide/plugins/com.st.stm32cube.ide.mcu.externaltools.gnu-tools-for-stm32.7-2018-q2-update.win32_1.0.0.201904181610/tools/bin/../lib/gcc/arm-none-eabi/7.3.1/thumb/v7e-m/fpv4-sp/hard/crtend.o
 .ARM.attributes
                0x0000000000000000       0x34 c:/st/stm32cubeide_1.2.0/stm32cubeide/plugins/com.st.stm32cube.ide.mcu.externaltools.gnu-tools-for-stm32.7-2018-q2-update.win32_1.0.0.201904181610/tools/bin/../lib/gcc/arm-none-eabi/7.3.1/thumb/v7e-m/fpv4-sp/hard/crtend.o
 .text          0x0000000000000000        0x0 c:/st/stm32cubeide_1.2.0/stm32cubeide/plugins/com.st.stm32cube.ide.mcu.externaltools.gnu-tools-for-stm32.7-2018-q2-update.win32_1.0.0.201904181610/tools/bin/../lib/gcc/arm-none-eabi/7.3.1/thumb/v7e-m/fpv4-sp/hard/crtn.o
 .data          0x0000000000000000        0x0 c:/st/stm32cubeide_1.2.0/stm32cubeide/plugins/com.st.stm32cube.ide.mcu.externaltools.gnu-tools-for-stm32.7-2018-q2-update.win32_1.0.0.201904181610/tools/bin/../lib/gcc/arm-none-eabi/7.3.1/thumb/v7e-m/fpv4-sp/hard/crtn.o
 .bss           0x0000000000000000        0x0 c:/st/stm32cubeide_1.2.0/stm32cubeide/plugins/com.st.stm32cube.ide.mcu.externaltools.gnu-tools-for-stm32.7-2018-q2-update.win32_1.0.0.201904181610/tools/bin/../lib/gcc/arm-none-eabi/7.3.1/thumb/v7e-m/fpv4-sp/hard/crtn.o

Memory Configuration

Name             Origin             Length             Attributes
RAM              0x0000000020000000 0x0000000000018000 xrw
ROM              0x0000000008000000 0x0000000000080000 xr
*default*        0x0000000000000000 0xffffffffffffffff

Linker script and memory map

LOAD c:/st/stm32cubeide_1.2.0/stm32cubeide/plugins/com.st.stm32cube.ide.mcu.externaltools.gnu-tools-for-stm32.7-2018-q2-update.win32_1.0.0.201904181610/tools/bin/../lib/gcc/arm-none-eabi/7.3.1/thumb/v7e-m/fpv4-sp/hard/crti.o
LOAD c:/st/stm32cubeide_1.2.0/stm32cubeide/plugins/com.st.stm32cube.ide.mcu.externaltools.gnu-tools-for-stm32.7-2018-q2-update.win32_1.0.0.201904181610/tools/bin/../lib/gcc/arm-none-eabi/7.3.1/thumb/v7e-m/fpv4-sp/hard/crtbegin.o
LOAD c:/st/stm32cubeide_1.2.0/stm32cubeide/plugins/com.st.stm32cube.ide.mcu.externaltools.gnu-tools-for-stm32.7-2018-q2-update.win32_1.0.0.201904181610/tools/bin/../lib/gcc/arm-none-eabi/7.3.1/../../../../arm-none-eabi/lib/thumb/v7e-m/fpv4-sp/hard/crt0.o
LOAD Src/010i2c_master_rx_testing.o
LOAD Startup/startup_stm32f401retx.o
LOAD drivers/Src/stm32f401xx_gpio_driver.o
LOAD drivers/Src/stm32f401xx_i2c_driver.o
LOAD drivers/Src/stm32f401xx_spi_driver.o
START GROUP
LOAD c:/st/stm32cubeide_1.2.0/stm32cubeide/plugins/com.st.stm32cube.ide.mcu.externaltools.gnu-tools-for-stm32.7-2018-q2-update.win32_1.0.0.201904181610/tools/bin/../lib/gcc/arm-none-eabi/7.3.1/../../../../arm-none-eabi/lib/thumb/v7e-m/fpv4-sp/hard\libc_nano.a
LOAD c:/st/stm32cubeide_1.2.0/stm32cubeide/plugins/com.st.stm32cube.ide.mcu.externaltools.gnu-tools-for-stm32.7-2018-q2-update.win32_1.0.0.201904181610/tools/bin/../lib/gcc/arm-none-eabi/7.3.1/../../../../arm-none-eabi/lib/thumb/v7e-m/fpv4-sp/hard\libm.a
END GROUP
START GROUP
LOAD c:/st/stm32cubeide_1.2.0/stm32cubeide/plugins/com.st.stm32cube.ide.mcu.externaltools.gnu-tools-for-stm32.7-2018-q2-update.win32_1.0.0.201904181610/tools/bin/../lib/gcc/arm-none-eabi/7.3.1/thumb/v7e-m/fpv4-sp/hard\libgcc.a
LOAD c:/st/stm32cubeide_1.2.0/stm32cubeide/plugins/com.st.stm32cube.ide.mcu.externaltools.gnu-tools-for-stm32.7-2018-q2-update.win32_1.0.0.201904181610/tools/bin/../lib/gcc/arm-none-eabi/7.3.1/../../../../arm-none-eabi/lib/thumb/v7e-m/fpv4-sp/hard\libc_nano.a
END GROUP
START GROUP
LOAD c:/st/stm32cubeide_1.2.0/stm32cubeide/plugins/com.st.stm32cube.ide.mcu.externaltools.gnu-tools-for-stm32.7-2018-q2-update.win32_1.0.0.201904181610/tools/bin/../lib/gcc/arm-none-eabi/7.3.1/thumb/v7e-m/fpv4-sp/hard\libgcc.a
LOAD c:/st/stm32cubeide_1.2.0/stm32cubeide/plugins/com.st.stm32cube.ide.mcu.externaltools.gnu-tools-for-stm32.7-2018-q2-update.win32_1.0.0.201904181610/tools/bin/../lib/gcc/arm-none-eabi/7.3.1/../../../../arm-none-eabi/lib/thumb/v7e-m/fpv4-sp/hard\libc_nano.a
LOAD c:/st/stm32cubeide_1.2.0/stm32cubeide/plugins/com.st.stm32cube.ide.mcu.externaltools.gnu-tools-for-stm32.7-2018-q2-update.win32_1.0.0.201904181610/tools/bin/../lib/gcc/arm-none-eabi/7.3.1/../../../../arm-none-eabi/lib/thumb/v7e-m/fpv4-sp/hard\libnosys.a
END GROUP
START GROUP
LOAD c:/st/stm32cubeide_1.2.0/stm32cubeide/plugins/com.st.stm32cube.ide.mcu.externaltools.gnu-tools-for-stm32.7-2018-q2-update.win32_1.0.0.201904181610/tools/bin/../lib/gcc/arm-none-eabi/7.3.1/thumb/v7e-m/fpv4-sp/hard\libgcc.a
LOAD c:/st/stm32cubeide_1.2.0/stm32cubeide/plugins/com.st.stm32cube.ide.mcu.externaltools.gnu-tools-for-stm32.7-2018-q2-update.win32_1.0.0.201904181610/tools/bin/../lib/gcc/arm-none-eabi/7.3.1/../../../../arm-none-eabi/lib/thumb/v7e-m/fpv4-sp/hard\libc_nano.a
LOAD c:/st/stm32cubeide_1.2.0/stm32cubeide/plugins/com.st.stm32cube.ide.mcu.externaltools.gnu-tools-for-stm32.7-2018-q2-update.win32_1.0.0.201904181610/tools/bin/../lib/gcc/arm-none-eabi/7.3.1/../../../../arm-none-eabi/lib/thumb/v7e-m/fpv4-sp/hard\libnosys.a
END GROUP
LOAD c:/st/stm32cubeide_1.2.0/stm32cubeide/plugins/com.st.stm32cube.ide.mcu.externaltools.gnu-tools-for-stm32.7-2018-q2-update.win32_1.0.0.201904181610/tools/bin/../lib/gcc/arm-none-eabi/7.3.1/thumb/v7e-m/fpv4-sp/hard/crtend.o
LOAD c:/st/stm32cubeide_1.2.0/stm32cubeide/plugins/com.st.stm32cube.ide.mcu.externaltools.gnu-tools-for-stm32.7-2018-q2-update.win32_1.0.0.201904181610/tools/bin/../lib/gcc/arm-none-eabi/7.3.1/thumb/v7e-m/fpv4-sp/hard/crtn.o
                0x0000000020018000                _estack = (ORIGIN (RAM) + LENGTH (RAM))
                0x0000000000000200                _Min_Heap_Size = 0x200
                0x0000000000000400                _Min_Stack_Size = 0x400

.isr_vector     0x0000000008000000      0x194
                0x0000000008000000                . = ALIGN (0x4)
 *(.isr_vector)
 .isr_vector    0x0000000008000000      0x194 Startup/startup_stm32f401retx.o
                0x0000000008000000                g_pfnVectors
                0x0000000008000194                . = ALIGN (0x4)

.text           0x0000000008000194      0xd34
                0x0000000008000194                . = ALIGN (0x4)
 *(.text)
 .text          0x0000000008000194       0x40 c:/st/stm32cubeide_1.2.0/stm32cubeide/plugins/com.st.stm32cube.ide.mcu.externaltools.gnu-tools-for-stm32.7-2018-q2-update.win32_1.0.0.201904181610/tools/bin/../lib/gcc/arm-none-eabi/7.3.1/thumb/v7e-m/fpv4-sp/hard/crtbegin.o
 *(.text*)
 .text.delay    0x00000000080001d4       0x2c Src/010i2c_master_rx_testing.o
                0x00000000080001d4                delay
 .text.I2C1_GPIOInits
                0x0000000008000200       0x44 Src/010i2c_master_rx_testing.o
                0x0000000008000200                I2C1_GPIOInits
 .text.I2C1_Inits
                0x0000000008000244       0x38 Src/010i2c_master_rx_testing.o
                0x0000000008000244                I2C1_Inits
 .text.GPIO_ButtonInit
                0x000000000800027c       0x30 Src/010i2c_master_rx_testing.o
                0x000000000800027c                GPIO_ButtonInit
 .text.main     0x00000000080002ac       0x9c Src/010i2c_master_rx_testing.o
                0x00000000080002ac                main
 .text.Reset_Handler
                0x0000000008000348       0x50 Startup/startup_stm32f401retx.o
                0x0000000008000348                Reset_Handler
 .text.Default_Handler
                0x0000000008000398        0x2 Startup/startup_stm32f401retx.o
                0x0000000008000398                RTC_Alarm_IRQHandler
                0x0000000008000398                EXTI2_IRQHandler
                0x0000000008000398                DebugMon_Handler
                0x0000000008000398                SPI4_IRQHandler
                0x0000000008000398                TIM1_CC_IRQHandler
                0x0000000008000398                HardFault_Handler
                0x0000000008000398                SysTick_Handler
                0x0000000008000398                PVD_IRQHandler
                0x0000000008000398                SDIO_IRQHandler
                0x0000000008000398                TAMP_STAMP_IRQHandler
                0x0000000008000398                PendSV_Handler
                0x0000000008000398                NMI_Handler
                0x0000000008000398                EXTI3_IRQHandler
                0x0000000008000398                TIM1_UP_TIM10_IRQHandler
                0x0000000008000398                I2C3_ER_IRQHandler
                0x0000000008000398                EXTI0_IRQHandler
                0x0000000008000398                I2C2_EV_IRQHandler
                0x0000000008000398                FPU_IRQHandler
                0x0000000008000398                UsageFault_Handler
                0x0000000008000398                SPI1_IRQHandler
                0x0000000008000398                TIM1_BRK_TIM9_IRQHandler
                0x0000000008000398                I2C1_EV_IRQHandler
                0x0000000008000398                TIM3_IRQHandler
                0x0000000008000398                RCC_IRQHandler
                0x0000000008000398                Default_Handler
                0x0000000008000398                EXTI15_10_IRQHandler
                0x0000000008000398                ADC_IRQHandler
                0x0000000008000398                I2C3_EV_IRQHandler
                0x0000000008000398                EXTI9_5_IRQHandler
                0x0000000008000398                RTC_WKUP_IRQHandler
                0x0000000008000398                SPI2_IRQHandler
                0x0000000008000398                MemManage_Handler
                0x0000000008000398                SVC_Handler
                0x0000000008000398                EXTI4_IRQHandler
                0x0000000008000398                TIM2_IRQHandler
                0x0000000008000398                OTG_FS_WKUP_IRQHandler
                0x0000000008000398                TIM1_TRG_COM_TIM11_IRQHandler
                0x0000000008000398                EXTI1_IRQHandler
                0x0000000008000398                I2C2_ER_IRQHandler
                0x0000000008000398                FLASH_IRQHandler
                0x0000000008000398                BusFault_Handler
                0x0000000008000398                OTG_FS_IRQHandler
                0x0000000008000398                SPI3_IRQHandler
                0x0000000008000398                I2C1_ER_IRQHandler
 *fill*         0x000000000800039a        0x2 
 .text.GPIO_PeriClockControl
                0x000000000800039c      0x140 drivers/Src/stm32f401xx_gpio_driver.o
                0x000000000800039c                GPIO_PeriClockControl
 .text.GPIO_Init
                0x00000000080004dc      0x344 drivers/Src/stm32f401xx_gpio_driver.o
                0x00000000080004dc                GPIO_Init
 .text.GPIO_ReadFromInputPin
                0x0000000008000820       0x2c drivers/Src/stm32f401xx_gpio_driver.o
                0x0000000008000820                GPIO_ReadFromInputPin
 .text.RCC_GetPCLK1Value
                0x000000000800084c       0xa8 drivers/Src/stm32f401xx_i2c_driver.o
                0x000000000800084c                RCC_GetPCLK1Value
 .text.I2C_ManageAcking
                0x00000000080008f4       0x38 drivers/Src/stm32f401xx_i2c_driver.o
                0x00000000080008f4                I2C_ManageAcking
 .text.I2C_PeriClockControl
                0x000000000800092c       0xb0 drivers/Src/stm32f401xx_i2c_driver.o
                0x000000000800092c                I2C_PeriClockControl
 .text.I2C_PeripheralControl
                0x00000000080009dc       0x38 drivers/Src/stm32f401xx_i2c_driver.o
                0x00000000080009dc                I2C_PeripheralControl
 .text.I2C_Init
                0x0000000008000a14      0x184 drivers/Src/stm32f401xx_i2c_driver.o
                0x0000000008000a14                I2C_Init
 .text.I2C_GetFlagStatus
                0x0000000008000b98       0x28 drivers/Src/stm32f401xx_i2c_driver.o
                0x0000000008000b98                I2C_GetFlagStatus
 .text.I2C_MasterSendData
                0x0000000008000bc0       0xc6 drivers/Src/stm32f401xx_i2c_driver.o
                0x0000000008000bc0                I2C_MasterSendData
 .text.I2C_MasterReceiveData
                0x0000000008000c86      0x124 drivers/Src/stm32f401xx_i2c_driver.o
                0x0000000008000c86                I2C_MasterReceiveData
 .text.I2C_GenerateStopCondition
                0x0000000008000daa       0x20 drivers/Src/stm32f401xx_i2c_driver.o
                0x0000000008000daa                I2C_GenerateStopCondition
 .text.I2C_GenerateStartCondition
                0x0000000008000dca       0x20 drivers/Src/stm32f401xx_i2c_driver.o
 .text.I2C_ExecuteAddressPhaseWrite
                0x0000000008000dea       0x2c drivers/Src/stm32f401xx_i2c_driver.o
 .text.I2C_ExecuteAddressPhaseRead
                0x0000000008000e16       0x2c drivers/Src/stm32f401xx_i2c_driver.o
 .text.I2C_ClearADDRFlag
                0x0000000008000e42       0x24 drivers/Src/stm32f401xx_i2c_driver.o
 *fill*         0x0000000008000e66        0x2 
 .text.__libc_init_array
                0x0000000008000e68       0x48 c:/st/stm32cubeide_1.2.0/stm32cubeide/plugins/com.st.stm32cube.ide.mcu.externaltools.gnu-tools-for-stm32.7-2018-q2-update.win32_1.0.0.201904181610/tools/bin/../lib/gcc/arm-none-eabi/7.3.1/../../../../arm-none-eabi/lib/thumb/v7e-m/fpv4-sp/hard\libc_nano.a(lib_a-init.o)
                0x0000000008000e68                __libc_init_array
 *(.glue_7)
 .glue_7        0x0000000008000eb0        0x0 linker stubs
 *(.glue_7t)
 .glue_7t       0x0000000008000eb0        0x0 linker stubs
 *(.eh_frame)
 .eh_frame      0x0000000008000eb0        0x0 c:/st/stm32cubeide_1.2.0/stm32cubeide/plugins/com.st.stm32cube.ide.mcu.externaltools.gnu-tools-for-stm32.7-2018-q2-update.win32_1.0.0.201904181610/tools/bin/../lib/gcc/arm-none-eabi/7.3.1/thumb/v7e-m/fpv4-sp/hard/crtbegin.o
 *(.init)
 .init          0x0000000008000eb0        0x4 c:/st/stm32cubeide_1.2.0/stm32cubeide/plugins/com.st.stm32cube.ide.mcu.externaltools.gnu-tools-for-stm32.7-2018-q2-update.win32_1.0.0.201904181610/tools/bin/../lib/gcc/arm-none-eabi/7.3.1/thumb/v7e-m/fpv4-sp/hard/crti.o
                0x0000000008000eb0                _init
 .init          0x0000000008000eb4        0x8 c:/st/stm32cubeide_1.2.0/stm32cubeide/plugins/com.st.stm32cube.ide.mcu.externaltools.gnu-tools-for-stm32.7-2018-q2-update.win32_1.0.0.201904181610/tools/bin/../lib/gcc/arm-none-eabi/7.3.1/thumb/v7e-m/fpv4-sp/hard/crtn.o
 *(.fini)
 .fini          0x0000000008000ebc        0x4 c:/st/stm32cubeide_1.2.0/stm32cubeide/plugins/com.st.stm32cube.ide.mcu.externaltools.gnu-tools-for-stm32.7-2018-q2-update.win32_1.0.0.201904181610/tools/bin/../lib/gcc/arm-none-eabi/7.3.1/thumb/v7e-m/fpv4-sp/hard/crti.o
                0x0000000008000ebc                _fini
 .fini          0x0000000008000ec0        0x8 c:/st/stm32cubeide_1.2.0/stm32cubeide/plugins/com.st.stm32cube.ide.mcu.externaltools.gnu-tools-for-stm32.7-2018-q2-update.win32_1.0.0.201904181610/tools/bin/../lib/gcc/arm-none-eabi/7.3.1/thumb/v7e-m/fpv4-sp/hard/crtn.o
                0x0000000008000ec8                . = ALIGN (0x4)
                0x0000000008000ec8                _etext = .

.vfp11_veneer   0x0000000008000ec8        0x0
 .vfp11_veneer  0x0000000008000ec8        0x0 linker stubs

.v4_bx          0x0000000008000ec8        0x0
 .v4_bx         0x0000000008000ec8        0x0 linker stubs

.iplt           0x0000000008000ec8        0x0
 .iplt          0x0000000008000ec8        0x0 c:/st/stm32cubeide_1.2.0/stm32cubeide/plugins/com.st.stm32cube.ide.mcu.externaltools.gnu-tools-for-stm32.7-2018-q2-update.win32_1.0.0.201904181610/tools/bin/../lib/gcc/arm-none-eabi/7.3.1/thumb/v7e-m/fpv4-sp/hard/crtbegin.o

.rel.dyn        0x0000000008000ec8        0x0
 .rel.iplt      0x0000000008000ec8        0x0 c:/st/stm32cubeide_1.2.0/stm32cubeide/plugins/com.st.stm32cube.ide.mcu.externaltools.gnu-tools-for-stm32.7-2018-q2-update.win32_1.0.0.201904181610/tools/bin/../lib/gcc/arm-none-eabi/7.3.1/thumb/v7e-m/fpv4-sp/hard/crtbegin.o

.rodata         0x0000000008000ec8        0x0
                0x0000000008000ec8                . = ALIGN (0x4)
 *(.rodata)
 *(.rodata*)
                0x0000000008000ec8                . = ALIGN (0x4)

.ARM.extab      0x0000000008000ec8        0x0
                0x0000000008000ec8                . = ALIGN (0x4)
 *(.ARM.extab* .gnu.linkonce.armextab.*)
                0x0000000008000ec8                . = ALIGN (0x4)

.ARM            0x0000000008000ec8        0x0
                0x0000000008000ec8                . = ALIGN (0x4)
                0x0000000008000ec8                __exidx_start = .
 *(.ARM.exidx*)
                0x0000000008000ec8                __exidx_end = .
                0x0000000008000ec8                . = ALIGN (0x4)

.preinit_array  0x0000000008000ec8        0x0
                0x0000000008000ec8                . = ALIGN (0x4)
                0x0000000008000ec8                PROVIDE (__preinit_array_start = .)
 *(.preinit_array*)
                0x0000000008000ec8                PROVIDE (__preinit_array_end = .)
                0x0000000008000ec8                . = ALIGN (0x4)

.init_array     0x0000000008000ec8        0x4
                0x0000000008000ec8                . = ALIGN (0x4)
                0x0000000008000ec8                PROVIDE (__init_array_start = .)
 *(SORT_BY_NAME(.init_array.*))
 *(.init_array*)
 .init_array    0x0000000008000ec8        0x4 c:/st/stm32cubeide_1.2.0/stm32cubeide/plugins/com.st.stm32cube.ide.mcu.externaltools.gnu-tools-for-stm32.7-2018-q2-update.win32_1.0.0.201904181610/tools/bin/../lib/gcc/arm-none-eabi/7.3.1/thumb/v7e-m/fpv4-sp/hard/crtbegin.o
                0x0000000008000ecc                PROVIDE (__init_array_end = .)
                0x0000000008000ecc                . = ALIGN (0x4)

.fini_array     0x0000000008000ecc        0x4
                0x0000000008000ecc                . = ALIGN (0x4)
                [!provide]                        PROVIDE (__fini_array_start = .)
 *(SORT_BY_NAME(.fini_array.*))
 *(.fini_array*)
 .fini_array    0x0000000008000ecc        0x4 c:/st/stm32cubeide_1.2.0/stm32cubeide/plugins/com.st.stm32cube.ide.mcu.externaltools.gnu-tools-for-stm32.7-2018-q2-update.win32_1.0.0.201904181610/tools/bin/../lib/gcc/arm-none-eabi/7.3.1/thumb/v7e-m/fpv4-sp/hard/crtbegin.o
                [!provide]                        PROVIDE (__fini_array_end = .)
                0x0000000008000ed0                . = ALIGN (0x4)
                0x0000000008000ed0                _sidata = LOADADDR (.data)

.data           0x0000000020000000       0x18 load address 0x0000000008000ed0
                0x0000000020000000                . = ALIGN (0x4)
                0x0000000020000000                _sdata = .
 *(.data)
 *(.data*)
 .data.AHB_Prescaler
                0x0000000020000000       0x10 drivers/Src/stm32f401xx_i2c_driver.o
                0x0000000020000000                AHB_Prescaler
 .data.APB1_Prescaler
                0x0000000020000010        0x8 drivers/Src/stm32f401xx_i2c_driver.o
                0x0000000020000010                APB1_Prescaler
                0x0000000020000018                . = ALIGN (0x4)
                0x0000000020000018                _edata = .

.igot.plt       0x0000000020000018        0x0 load address 0x0000000008000ee8
 .igot.plt      0x0000000020000018        0x0 c:/st/stm32cubeide_1.2.0/stm32cubeide/plugins/com.st.stm32cube.ide.mcu.externaltools.gnu-tools-for-stm32.7-2018-q2-update.win32_1.0.0.201904181610/tools/bin/../lib/gcc/arm-none-eabi/7.3.1/thumb/v7e-m/fpv4-sp/hard/crtbegin.o
                0x0000000020000018                . = ALIGN (0x4)

.bss            0x0000000020000018       0x64 load address 0x0000000008000ee8
                0x0000000020000018                _sbss = .
                0x0000000020000018                __bss_start__ = _sbss
 *(.bss)
 .bss           0x0000000020000018       0x1c c:/st/stm32cubeide_1.2.0/stm32cubeide/plugins/com.st.stm32cube.ide.mcu.externaltools.gnu-tools-for-stm32.7-2018-q2-update.win32_1.0.0.201904181610/tools/bin/../lib/gcc/arm-none-eabi/7.3.1/thumb/v7e-m/fpv4-sp/hard/crtbegin.o
 *(.bss*)
 *(COMMON)
 COMMON         0x0000000020000034       0x48 Src/010i2c_master_rx_testing.o
                0x0000000020000034                I2C1Handle
                0x000000002000005c                rcv_buf
                0x000000002000007c                . = ALIGN (0x4)
                0x000000002000007c                _ebss = .
                0x000000002000007c                __bss_end__ = _ebss

._user_heap_stack
                0x000000002000007c      0x604 load address 0x0000000008000ee8
                0x0000000020000080                . = ALIGN (0x8)
 *fill*         0x000000002000007c        0x4 
                [!provide]                        PROVIDE (end = .)
                [!provide]                        PROVIDE (_end = .)
                0x0000000020000280                . = (. + _Min_Heap_Size)
 *fill*         0x0000000020000080      0x200 
                0x0000000020000680                . = (. + _Min_Stack_Size)
 *fill*         0x0000000020000280      0x400 
                0x0000000020000680                . = ALIGN (0x8)

/DISCARD/
 libc.a(*)
 libm.a(*)
 libgcc.a(*)

.ARM.attributes
                0x0000000000000000       0x30
 *(.ARM.attributes)
 .ARM.attributes
                0x0000000000000000       0x22 c:/st/stm32cubeide_1.2.0/stm32cubeide/plugins/com.st.stm32cube.ide.mcu.externaltools.gnu-tools-for-stm32.7-2018-q2-update.win32_1.0.0.201904181610/tools/bin/../lib/gcc/arm-none-eabi/7.3.1/thumb/v7e-m/fpv4-sp/hard/crti.o
 .ARM.attributes
                0x0000000000000022       0x34 c:/st/stm32cubeide_1.2.0/stm32cubeide/plugins/com.st.stm32cube.ide.mcu.externaltools.gnu-tools-for-stm32.7-2018-q2-update.win32_1.0.0.201904181610/tools/bin/../lib/gcc/arm-none-eabi/7.3.1/thumb/v7e-m/fpv4-sp/hard/crtbegin.o
 .ARM.attributes
                0x0000000000000056       0x39 Src/010i2c_master_rx_testing.o
 .ARM.attributes
                0x000000000000008f       0x21 Startup/startup_stm32f401retx.o
 .ARM.attributes
                0x00000000000000b0       0x39 drivers/Src/stm32f401xx_gpio_driver.o
 .ARM.attributes
                0x00000000000000e9       0x39 drivers/Src/stm32f401xx_i2c_driver.o
 .ARM.attributes
                0x0000000000000122       0x34 c:/st/stm32cubeide_1.2.0/stm32cubeide/plugins/com.st.stm32cube.ide.mcu.externaltools.gnu-tools-for-stm32.7-2018-q2-update.win32_1.0.0.201904181610/tools/bin/../lib/gcc/arm-none-eabi/7.3.1/../../../../arm-none-eabi/lib/thumb/v7e-m/fpv4-sp/hard\libc_nano.a(lib_a-init.o)
 .ARM.attributes
                0x0000000000000156       0x22 c:/st/stm32cubeide_1.2.0/stm32cubeide/plugins/com.st.stm32cube.ide.mcu.externaltools.gnu-tools-for-stm32.7-2018-q2-update.win32_1.0.0.201904181610/tools/bin/../lib/gcc/arm-none-eabi/7.3.1/thumb/v7e-m/fpv4-sp/hard/crtn.o
OUTPUT(STM32F4xx_drivers.elf elf32-littlearm)

.debug_info     0x0000000000000000     0x1bd8
 .debug_info    0x0000000000000000      0xc2c Src/010i2c_master_rx_testing.o
 .debug_info    0x0000000000000c2c       0x22 Startup/startup_stm32f401retx.o
 .debug_info    0x0000000000000c4e      0x6f5 drivers/Src/stm32f401xx_gpio_driver.o
 .debug_info    0x0000000000001343      0x895 drivers/Src/stm32f401xx_i2c_driver.o

.debug_abbrev   0x0000000000000000      0x524
 .debug_abbrev  0x0000000000000000      0x1f0 Src/010i2c_master_rx_testing.o
 .debug_abbrev  0x00000000000001f0       0x12 Startup/startup_stm32f401retx.o
 .debug_abbrev  0x0000000000000202      0x159 drivers/Src/stm32f401xx_gpio_driver.o
 .debug_abbrev  0x000000000000035b      0x1c9 drivers/Src/stm32f401xx_i2c_driver.o

.debug_aranges  0x0000000000000000      0x168
 .debug_aranges
                0x0000000000000000       0x40 Src/010i2c_master_rx_testing.o
 .debug_aranges
                0x0000000000000040       0x28 Startup/startup_stm32f401retx.o
 .debug_aranges
                0x0000000000000068       0x70 drivers/Src/stm32f401xx_gpio_driver.o
 .debug_aranges
                0x00000000000000d8       0x90 drivers/Src/stm32f401xx_i2c_driver.o

.debug_ranges   0x0000000000000000      0x130
 .debug_ranges  0x0000000000000000       0x30 Src/010i2c_master_rx_testing.o
 .debug_ranges  0x0000000000000030       0x20 Startup/startup_stm32f401retx.o
 .debug_ranges  0x0000000000000050       0x60 drivers/Src/stm32f401xx_gpio_driver.o
 .debug_ranges  0x00000000000000b0       0x80 drivers/Src/stm32f401xx_i2c_driver.o

.debug_macro    0x0000000000000000     0x22f6
 .debug_macro   0x0000000000000000      0x15a Src/010i2c_master_rx_testing.o
 .debug_macro   0x000000000000015a      0xa60 Src/010i2c_master_rx_testing.o
 .debug_macro   0x0000000000000bba       0x22 Src/010i2c_master_rx_testing.o
 .debug_macro   0x0000000000000bdc       0x40 Src/010i2c_master_rx_testing.o
 .debug_macro   0x0000000000000c1c       0x18 Src/010i2c_master_rx_testing.o
 .debug_macro   0x0000000000000c34       0x94 Src/010i2c_master_rx_testing.o
 .debug_macro   0x0000000000000cc8       0x3c Src/010i2c_master_rx_testing.o
 .debug_macro   0x0000000000000d04       0x34 Src/010i2c_master_rx_testing.o
 .debug_macro   0x0000000000000d38      0x174 Src/010i2c_master_rx_testing.o
 .debug_macro   0x0000000000000eac       0x57 Src/010i2c_master_rx_testing.o
 .debug_macro   0x0000000000000f03       0x52 Src/010i2c_master_rx_testing.o
 .debug_macro   0x0000000000000f55       0x1f Src/010i2c_master_rx_testing.o
 .debug_macro   0x0000000000000f74       0x43 Src/010i2c_master_rx_testing.o
 .debug_macro   0x0000000000000fb7       0x20 Src/010i2c_master_rx_testing.o
 .debug_macro   0x0000000000000fd7      0x1a3 Src/010i2c_master_rx_testing.o
 .debug_macro   0x000000000000117a      0x330 Src/010i2c_master_rx_testing.o
 .debug_macro   0x00000000000014aa       0x10 Src/010i2c_master_rx_testing.o
 .debug_macro   0x00000000000014ba       0x35 Src/010i2c_master_rx_testing.o
 .debug_macro   0x00000000000014ef       0x20 Src/010i2c_master_rx_testing.o
 .debug_macro   0x000000000000150f       0xef Src/010i2c_master_rx_testing.o
 .debug_macro   0x00000000000015fe       0x6a Src/010i2c_master_rx_testing.o
 .debug_macro   0x0000000000001668      0x1df Src/010i2c_master_rx_testing.o
 .debug_macro   0x0000000000001847      0x55b Src/010i2c_master_rx_testing.o
 .debug_macro   0x0000000000001da2      0x124 Src/010i2c_master_rx_testing.o
 .debug_macro   0x0000000000001ec6       0x88 Src/010i2c_master_rx_testing.o
 .debug_macro   0x0000000000001f4e       0x8a drivers/Src/stm32f401xx_gpio_driver.o
 .debug_macro   0x0000000000001fd8       0x8e drivers/Src/stm32f401xx_gpio_driver.o
 .debug_macro   0x0000000000002066       0x51 drivers/Src/stm32f401xx_gpio_driver.o
 .debug_macro   0x00000000000020b7       0x93 drivers/Src/stm32f401xx_i2c_driver.o
 .debug_macro   0x000000000000214a       0x82 drivers/Src/stm32f401xx_i2c_driver.o
 .debug_macro   0x00000000000021cc      0x12a drivers/Src/stm32f401xx_i2c_driver.o

.debug_line     0x0000000000000000     0x12b0
 .debug_line    0x0000000000000000      0x60b Src/010i2c_master_rx_testing.o
 .debug_line    0x000000000000060b       0x84 Startup/startup_stm32f401retx.o
 .debug_line    0x000000000000068f      0x5fb drivers/Src/stm32f401xx_gpio_driver.o
 .debug_line    0x0000000000000c8a      0x626 drivers/Src/stm32f401xx_i2c_driver.o

.debug_str      0x0000000000000000     0x90dd
 .debug_str     0x0000000000000000     0x8c2e Src/010i2c_master_rx_testing.o
                                       0x8e8e (size before relaxing)
 .debug_str     0x0000000000008c2e       0x31 Startup/startup_stm32f401retx.o
                                         0x7f (size before relaxing)
 .debug_str     0x0000000000008c5f      0x2a2 drivers/Src/stm32f401xx_gpio_driver.o
                                       0x5dce (size before relaxing)
 .debug_str     0x0000000000008f01      0x1dc drivers/Src/stm32f401xx_i2c_driver.o
                                       0x6128 (size before relaxing)

.comment        0x0000000000000000       0x7b
 .comment       0x0000000000000000       0x7b Src/010i2c_master_rx_testing.o
                                         0x7c (size before relaxing)
 .comment       0x000000000000007b       0x7c drivers/Src/stm32f401xx_gpio_driver.o
 .comment       0x000000000000007b       0x7c drivers/Src/stm32f401xx_i2c_driver.o

.debug_frame    0x0000000000000000      0x508
 .debug_frame   0x0000000000000000       0xbc Src/010i2c_master_rx_testing.o
 .debug_frame   0x00000000000000bc      0x1c8 drivers/Src/stm32f401xx_gpio_driver.o
 .debug_frame   0x0000000000000284      0x258 drivers/Src/stm32f401xx_i2c_driver.o
 .debug_frame   0x00000000000004dc       0x2c c:/st/stm32cubeide_1.2.0/stm32cubeide/plugins/com.st.stm32cube.ide.mcu.externaltools.gnu-tools-for-stm32.7-2018-q2-update.win32_1.0.0.201904181610/tools/bin/../lib/gcc/arm-none-eabi/7.3.1/../../../../arm-none-eabi/lib/thumb/v7e-m/fpv4-sp/hard\libc_nano.a(lib_a-init.o)
