Archive member included to satisfy reference by file (symbol)

c:/st/stm32cubeide_1.2.0/stm32cubeide/plugins/com.st.stm32cube.ide.mcu.externaltools.gnu-tools-for-stm32.7-2018-q2-update.win32_1.0.0.201904181610/tools/bin/../lib/gcc/arm-none-eabi/7.3.1/../../../../arm-none-eabi/lib/thumb/v7e-m/fpv4-sp/hard\libc_nano.a(lib_a-exit.o)
                              c:/st/stm32cubeide_1.2.0/stm32cubeide/plugins/com.st.stm32cube.ide.mcu.externaltools.gnu-tools-for-stm32.7-2018-q2-update.win32_1.0.0.201904181610/tools/bin/../lib/gcc/arm-none-eabi/7.3.1/../../../../arm-none-eabi/lib/thumb/v7e-m/fpv4-sp/hard/crt0.o (exit)
c:/st/stm32cubeide_1.2.0/stm32cubeide/plugins/com.st.stm32cube.ide.mcu.externaltools.gnu-tools-for-stm32.7-2018-q2-update.win32_1.0.0.201904181610/tools/bin/../lib/gcc/arm-none-eabi/7.3.1/../../../../arm-none-eabi/lib/thumb/v7e-m/fpv4-sp/hard\libc_nano.a(lib_a-impure.o)
                              c:/st/stm32cubeide_1.2.0/stm32cubeide/plugins/com.st.stm32cube.ide.mcu.externaltools.gnu-tools-for-stm32.7-2018-q2-update.win32_1.0.0.201904181610/tools/bin/../lib/gcc/arm-none-eabi/7.3.1/../../../../arm-none-eabi/lib/thumb/v7e-m/fpv4-sp/hard\libc_nano.a(lib_a-exit.o) (_global_impure_ptr)
c:/st/stm32cubeide_1.2.0/stm32cubeide/plugins/com.st.stm32cube.ide.mcu.externaltools.gnu-tools-for-stm32.7-2018-q2-update.win32_1.0.0.201904181610/tools/bin/../lib/gcc/arm-none-eabi/7.3.1/../../../../arm-none-eabi/lib/thumb/v7e-m/fpv4-sp/hard\libc_nano.a(lib_a-init.o)
                              c:/st/stm32cubeide_1.2.0/stm32cubeide/plugins/com.st.stm32cube.ide.mcu.externaltools.gnu-tools-for-stm32.7-2018-q2-update.win32_1.0.0.201904181610/tools/bin/../lib/gcc/arm-none-eabi/7.3.1/../../../../arm-none-eabi/lib/thumb/v7e-m/fpv4-sp/hard/crt0.o (__libc_init_array)
c:/st/stm32cubeide_1.2.0/stm32cubeide/plugins/com.st.stm32cube.ide.mcu.externaltools.gnu-tools-for-stm32.7-2018-q2-update.win32_1.0.0.201904181610/tools/bin/../lib/gcc/arm-none-eabi/7.3.1/../../../../arm-none-eabi/lib/thumb/v7e-m/fpv4-sp/hard\libc_nano.a(lib_a-memset.o)
                              c:/st/stm32cubeide_1.2.0/stm32cubeide/plugins/com.st.stm32cube.ide.mcu.externaltools.gnu-tools-for-stm32.7-2018-q2-update.win32_1.0.0.201904181610/tools/bin/../lib/gcc/arm-none-eabi/7.3.1/../../../../arm-none-eabi/lib/thumb/v7e-m/fpv4-sp/hard/crt0.o (memset)
c:/st/stm32cubeide_1.2.0/stm32cubeide/plugins/com.st.stm32cube.ide.mcu.externaltools.gnu-tools-for-stm32.7-2018-q2-update.win32_1.0.0.201904181610/tools/bin/../lib/gcc/arm-none-eabi/7.3.1/../../../../arm-none-eabi/lib/thumb/v7e-m/fpv4-sp/hard\libc_nano.a(lib_a-strlen.o)
                              Src/013i2c_slave_tx_string2.o (strlen)
c:/st/stm32cubeide_1.2.0/stm32cubeide/plugins/com.st.stm32cube.ide.mcu.externaltools.gnu-tools-for-stm32.7-2018-q2-update.win32_1.0.0.201904181610/tools/bin/../lib/gcc/arm-none-eabi/7.3.1/../../../../arm-none-eabi/lib/thumb/v7e-m/fpv4-sp/hard\libnosys.a(_exit.o)
                              c:/st/stm32cubeide_1.2.0/stm32cubeide/plugins/com.st.stm32cube.ide.mcu.externaltools.gnu-tools-for-stm32.7-2018-q2-update.win32_1.0.0.201904181610/tools/bin/../lib/gcc/arm-none-eabi/7.3.1/../../../../arm-none-eabi/lib/thumb/v7e-m/fpv4-sp/hard\libc_nano.a(lib_a-exit.o) (_exit)

Allocating common symbols
Common symbol       size              file

I2C1Handle          0x28              Src/013i2c_slave_tx_string2.o
CommandCode         0x1               Src/013i2c_slave_tx_string2.o
rcv_buf             0x20              Src/013i2c_slave_tx_string2.o

Discarded input sections

 .text          0x0000000000000000        0x0 c:/st/stm32cubeide_1.2.0/stm32cubeide/plugins/com.st.stm32cube.ide.mcu.externaltools.gnu-tools-for-stm32.7-2018-q2-update.win32_1.0.0.201904181610/tools/bin/../lib/gcc/arm-none-eabi/7.3.1/thumb/v7e-m/fpv4-sp/hard/crti.o
 .data          0x0000000000000000        0x0 c:/st/stm32cubeide_1.2.0/stm32cubeide/plugins/com.st.stm32cube.ide.mcu.externaltools.gnu-tools-for-stm32.7-2018-q2-update.win32_1.0.0.201904181610/tools/bin/../lib/gcc/arm-none-eabi/7.3.1/thumb/v7e-m/fpv4-sp/hard/crti.o
 .bss           0x0000000000000000        0x0 c:/st/stm32cubeide_1.2.0/stm32cubeide/plugins/com.st.stm32cube.ide.mcu.externaltools.gnu-tools-for-stm32.7-2018-q2-update.win32_1.0.0.201904181610/tools/bin/../lib/gcc/arm-none-eabi/7.3.1/thumb/v7e-m/fpv4-sp/hard/crti.o
 .data          0x0000000000000000        0x4 c:/st/stm32cubeide_1.2.0/stm32cubeide/plugins/com.st.stm32cube.ide.mcu.externaltools.gnu-tools-for-stm32.7-2018-q2-update.win32_1.0.0.201904181610/tools/bin/../lib/gcc/arm-none-eabi/7.3.1/thumb/v7e-m/fpv4-sp/hard/crtbegin.o
 .text          0x0000000000000000       0x74 c:/st/stm32cubeide_1.2.0/stm32cubeide/plugins/com.st.stm32cube.ide.mcu.externaltools.gnu-tools-for-stm32.7-2018-q2-update.win32_1.0.0.201904181610/tools/bin/../lib/gcc/arm-none-eabi/7.3.1/../../../../arm-none-eabi/lib/thumb/v7e-m/fpv4-sp/hard/crt0.o
 .data          0x0000000000000000        0x0 c:/st/stm32cubeide_1.2.0/stm32cubeide/plugins/com.st.stm32cube.ide.mcu.externaltools.gnu-tools-for-stm32.7-2018-q2-update.win32_1.0.0.201904181610/tools/bin/../lib/gcc/arm-none-eabi/7.3.1/../../../../arm-none-eabi/lib/thumb/v7e-m/fpv4-sp/hard/crt0.o
 .bss           0x0000000000000000        0x0 c:/st/stm32cubeide_1.2.0/stm32cubeide/plugins/com.st.stm32cube.ide.mcu.externaltools.gnu-tools-for-stm32.7-2018-q2-update.win32_1.0.0.201904181610/tools/bin/../lib/gcc/arm-none-eabi/7.3.1/../../../../arm-none-eabi/lib/thumb/v7e-m/fpv4-sp/hard/crt0.o
 .ARM.extab     0x0000000000000000        0x0 c:/st/stm32cubeide_1.2.0/stm32cubeide/plugins/com.st.stm32cube.ide.mcu.externaltools.gnu-tools-for-stm32.7-2018-q2-update.win32_1.0.0.201904181610/tools/bin/../lib/gcc/arm-none-eabi/7.3.1/../../../../arm-none-eabi/lib/thumb/v7e-m/fpv4-sp/hard/crt0.o
 .ARM.exidx     0x0000000000000000        0x8 c:/st/stm32cubeide_1.2.0/stm32cubeide/plugins/com.st.stm32cube.ide.mcu.externaltools.gnu-tools-for-stm32.7-2018-q2-update.win32_1.0.0.201904181610/tools/bin/../lib/gcc/arm-none-eabi/7.3.1/../../../../arm-none-eabi/lib/thumb/v7e-m/fpv4-sp/hard/crt0.o
 .ARM.attributes
                0x0000000000000000       0x20 c:/st/stm32cubeide_1.2.0/stm32cubeide/plugins/com.st.stm32cube.ide.mcu.externaltools.gnu-tools-for-stm32.7-2018-q2-update.win32_1.0.0.201904181610/tools/bin/../lib/gcc/arm-none-eabi/7.3.1/../../../../arm-none-eabi/lib/thumb/v7e-m/fpv4-sp/hard/crt0.o
 .group         0x0000000000000000        0xc Src/013i2c_slave_tx_string2.o
 .group         0x0000000000000000        0xc Src/013i2c_slave_tx_string2.o
 .group         0x0000000000000000        0xc Src/013i2c_slave_tx_string2.o
 .group         0x0000000000000000        0xc Src/013i2c_slave_tx_string2.o
 .group         0x0000000000000000        0xc Src/013i2c_slave_tx_string2.o
 .group         0x0000000000000000        0xc Src/013i2c_slave_tx_string2.o
 .group         0x0000000000000000        0xc Src/013i2c_slave_tx_string2.o
 .group         0x0000000000000000        0xc Src/013i2c_slave_tx_string2.o
 .group         0x0000000000000000        0xc Src/013i2c_slave_tx_string2.o
 .group         0x0000000000000000        0xc Src/013i2c_slave_tx_string2.o
 .group         0x0000000000000000        0xc Src/013i2c_slave_tx_string2.o
 .group         0x0000000000000000        0xc Src/013i2c_slave_tx_string2.o
 .group         0x0000000000000000        0xc Src/013i2c_slave_tx_string2.o
 .group         0x0000000000000000        0xc Src/013i2c_slave_tx_string2.o
 .group         0x0000000000000000        0xc Src/013i2c_slave_tx_string2.o
 .group         0x0000000000000000        0xc Src/013i2c_slave_tx_string2.o
 .group         0x0000000000000000        0xc Src/013i2c_slave_tx_string2.o
 .group         0x0000000000000000        0xc Src/013i2c_slave_tx_string2.o
 .group         0x0000000000000000        0xc Src/013i2c_slave_tx_string2.o
 .group         0x0000000000000000        0xc Src/013i2c_slave_tx_string2.o
 .group         0x0000000000000000        0xc Src/013i2c_slave_tx_string2.o
 .group         0x0000000000000000        0xc Src/013i2c_slave_tx_string2.o
 .group         0x0000000000000000        0xc Src/013i2c_slave_tx_string2.o
 .group         0x0000000000000000        0xc Src/013i2c_slave_tx_string2.o
 .text          0x0000000000000000        0x0 Src/013i2c_slave_tx_string2.o
 .data          0x0000000000000000        0x0 Src/013i2c_slave_tx_string2.o
 .bss           0x0000000000000000        0x0 Src/013i2c_slave_tx_string2.o
 .text.delay    0x0000000000000000       0x2c Src/013i2c_slave_tx_string2.o
 .text          0x0000000000000000       0x14 Startup/startup_stm32f401retx.o
 .data          0x0000000000000000        0x0 Startup/startup_stm32f401retx.o
 .bss           0x0000000000000000        0x0 Startup/startup_stm32f401retx.o
 .group         0x0000000000000000        0xc drivers/Src/stm32f401xx_gpio_driver.o
 .group         0x0000000000000000        0xc drivers/Src/stm32f401xx_gpio_driver.o
 .group         0x0000000000000000        0xc drivers/Src/stm32f401xx_gpio_driver.o
 .group         0x0000000000000000        0xc drivers/Src/stm32f401xx_gpio_driver.o
 .group         0x0000000000000000        0xc drivers/Src/stm32f401xx_gpio_driver.o
 .group         0x0000000000000000        0xc drivers/Src/stm32f401xx_gpio_driver.o
 .group         0x0000000000000000        0xc drivers/Src/stm32f401xx_gpio_driver.o
 .group         0x0000000000000000        0xc drivers/Src/stm32f401xx_gpio_driver.o
 .group         0x0000000000000000        0xc drivers/Src/stm32f401xx_gpio_driver.o
 .group         0x0000000000000000        0xc drivers/Src/stm32f401xx_gpio_driver.o
 .text          0x0000000000000000        0x0 drivers/Src/stm32f401xx_gpio_driver.o
 .data          0x0000000000000000        0x0 drivers/Src/stm32f401xx_gpio_driver.o
 .bss           0x0000000000000000        0x0 drivers/Src/stm32f401xx_gpio_driver.o
 .text.GPIO_DeInit
                0x0000000000000000       0xfc drivers/Src/stm32f401xx_gpio_driver.o
 .text.GPIO_ReadFromInputPin
                0x0000000000000000       0x2c drivers/Src/stm32f401xx_gpio_driver.o
 .text.GPIO_ReadFromInputPort
                0x0000000000000000       0x1c drivers/Src/stm32f401xx_gpio_driver.o
 .text.GPIO_WriteToOutputPin
                0x0000000000000000       0x4a drivers/Src/stm32f401xx_gpio_driver.o
 .text.GPIO_WriteToOutputPort
                0x0000000000000000       0x1e drivers/Src/stm32f401xx_gpio_driver.o
 .text.GPIO_IRQInterruptConfig
                0x0000000000000000      0x10c drivers/Src/stm32f401xx_gpio_driver.o
 .text.GPIO_IRQPriorityConfig
                0x0000000000000000       0x54 drivers/Src/stm32f401xx_gpio_driver.o
 .text.GPIO_IRQHandling
                0x0000000000000000       0x40 drivers/Src/stm32f401xx_gpio_driver.o
 .debug_macro   0x0000000000000000      0xa60 drivers/Src/stm32f401xx_gpio_driver.o
 .debug_macro   0x0000000000000000      0x174 drivers/Src/stm32f401xx_gpio_driver.o
 .debug_macro   0x0000000000000000       0x22 drivers/Src/stm32f401xx_gpio_driver.o
 .debug_macro   0x0000000000000000       0xef drivers/Src/stm32f401xx_gpio_driver.o
 .debug_macro   0x0000000000000000       0x6a drivers/Src/stm32f401xx_gpio_driver.o
 .debug_macro   0x0000000000000000      0x1df drivers/Src/stm32f401xx_gpio_driver.o
 .debug_macro   0x0000000000000000      0x6ea drivers/Src/stm32f401xx_gpio_driver.o
 .debug_macro   0x0000000000000000      0x124 drivers/Src/stm32f401xx_gpio_driver.o
 .group         0x0000000000000000        0xc drivers/Src/stm32f401xx_i2c_driver.o
 .group         0x0000000000000000        0xc drivers/Src/stm32f401xx_i2c_driver.o
 .group         0x0000000000000000        0xc drivers/Src/stm32f401xx_i2c_driver.o
 .group         0x0000000000000000        0xc drivers/Src/stm32f401xx_i2c_driver.o
 .group         0x0000000000000000        0xc drivers/Src/stm32f401xx_i2c_driver.o
 .group         0x0000000000000000        0xc drivers/Src/stm32f401xx_i2c_driver.o
 .group         0x0000000000000000        0xc drivers/Src/stm32f401xx_i2c_driver.o
 .group         0x0000000000000000        0xc drivers/Src/stm32f401xx_i2c_driver.o
 .group         0x0000000000000000        0xc drivers/Src/stm32f401xx_i2c_driver.o
 .group         0x0000000000000000        0xc drivers/Src/stm32f401xx_i2c_driver.o
 .group         0x0000000000000000        0xc drivers/Src/stm32f401xx_i2c_driver.o
 .text          0x0000000000000000        0x0 drivers/Src/stm32f401xx_i2c_driver.o
 .data          0x0000000000000000        0x0 drivers/Src/stm32f401xx_i2c_driver.o
 .bss           0x0000000000000000        0x0 drivers/Src/stm32f401xx_i2c_driver.o
 .text.I2C_DeInit
                0x0000000000000000       0x88 drivers/Src/stm32f401xx_i2c_driver.o
 .text.I2C_GetFlagStatus
                0x0000000000000000       0x28 drivers/Src/stm32f401xx_i2c_driver.o
 .text.I2C_MasterSendData
                0x0000000000000000       0xc6 drivers/Src/stm32f401xx_i2c_driver.o
 .text.I2C_MasterReceiveData
                0x0000000000000000      0x124 drivers/Src/stm32f401xx_i2c_driver.o
 .text.I2C_MasterSendDataIT
                0x0000000000000000       0x86 drivers/Src/stm32f401xx_i2c_driver.o
 .text.I2C_MasterReceiveDataIT
                0x0000000000000000       0x94 drivers/Src/stm32f401xx_i2c_driver.o
 .text.I2C_IRQPriorityConfig
                0x0000000000000000       0x54 drivers/Src/stm32f401xx_i2c_driver.o
 .text.I2C_GenerateStartCondition
                0x0000000000000000       0x20 drivers/Src/stm32f401xx_i2c_driver.o
 .debug_macro   0x0000000000000000      0xa60 drivers/Src/stm32f401xx_i2c_driver.o
 .debug_macro   0x0000000000000000      0x174 drivers/Src/stm32f401xx_i2c_driver.o
 .debug_macro   0x0000000000000000       0x22 drivers/Src/stm32f401xx_i2c_driver.o
 .debug_macro   0x0000000000000000       0x8e drivers/Src/stm32f401xx_i2c_driver.o
 .debug_macro   0x0000000000000000       0x51 drivers/Src/stm32f401xx_i2c_driver.o
 .debug_macro   0x0000000000000000       0xef drivers/Src/stm32f401xx_i2c_driver.o
 .debug_macro   0x0000000000000000       0x6a drivers/Src/stm32f401xx_i2c_driver.o
 .debug_macro   0x0000000000000000      0x1df drivers/Src/stm32f401xx_i2c_driver.o
 .debug_macro   0x0000000000000000      0x6ea drivers/Src/stm32f401xx_i2c_driver.o
 .group         0x0000000000000000        0xc drivers/Src/stm32f401xx_spi_driver.o
 .group         0x0000000000000000        0xc drivers/Src/stm32f401xx_spi_driver.o
 .group         0x0000000000000000        0xc drivers/Src/stm32f401xx_spi_driver.o
 .group         0x0000000000000000        0xc drivers/Src/stm32f401xx_spi_driver.o
 .group         0x0000000000000000        0xc drivers/Src/stm32f401xx_spi_driver.o
 .group         0x0000000000000000        0xc drivers/Src/stm32f401xx_spi_driver.o
 .group         0x0000000000000000        0xc drivers/Src/stm32f401xx_spi_driver.o
 .group         0x0000000000000000        0xc drivers/Src/stm32f401xx_spi_driver.o
 .group         0x0000000000000000        0xc drivers/Src/stm32f401xx_spi_driver.o
 .group         0x0000000000000000        0xc drivers/Src/stm32f401xx_spi_driver.o
 .group         0x0000000000000000        0xc drivers/Src/stm32f401xx_spi_driver.o
 .text          0x0000000000000000        0x0 drivers/Src/stm32f401xx_spi_driver.o
 .data          0x0000000000000000        0x0 drivers/Src/stm32f401xx_spi_driver.o
 .bss           0x0000000000000000        0x0 drivers/Src/stm32f401xx_spi_driver.o
 .text.SPI_PeriClockControl
                0x0000000000000000       0xe0 drivers/Src/stm32f401xx_spi_driver.o
 .text.SPI_Init
                0x0000000000000000       0xae drivers/Src/stm32f401xx_spi_driver.o
 .text.SPI_DeInit
                0x0000000000000000       0x80 drivers/Src/stm32f401xx_spi_driver.o
 .text.SPI_GetFlagStatus
                0x0000000000000000       0x28 drivers/Src/stm32f401xx_spi_driver.o
 .text.SPI_SendData
                0x0000000000000000       0x6c drivers/Src/stm32f401xx_spi_driver.o
 .text.SPI_ReceiveData
                0x0000000000000000       0x6c drivers/Src/stm32f401xx_spi_driver.o
 .text.SPI_SendDataIT
                0x0000000000000000       0x48 drivers/Src/stm32f401xx_spi_driver.o
 .text.SPI_ReceiveDataIT
                0x0000000000000000       0x48 drivers/Src/stm32f401xx_spi_driver.o
 .text.SPI_IRQInterruptConfig
                0x0000000000000000      0x10c drivers/Src/stm32f401xx_spi_driver.o
 .text.SPI_IRQPriorityConfig
                0x0000000000000000       0x54 drivers/Src/stm32f401xx_spi_driver.o
 .text.SPI_IRQHandling
                0x0000000000000000       0x9a drivers/Src/stm32f401xx_spi_driver.o
 .text.SPI_PeripheralControl
                0x0000000000000000       0x38 drivers/Src/stm32f401xx_spi_driver.o
 .text.SPI_SSIConfig
                0x0000000000000000       0x38 drivers/Src/stm32f401xx_spi_driver.o
 .text.SPI_SSOEConfig
                0x0000000000000000       0x38 drivers/Src/stm32f401xx_spi_driver.o
 .text.SPI_CloseTransmission
                0x0000000000000000       0x36 drivers/Src/stm32f401xx_spi_driver.o
 .text.SPI_CloseReception
                0x0000000000000000       0x36 drivers/Src/stm32f401xx_spi_driver.o
 .text.SPI_ClearOVRFlag
                0x0000000000000000       0x20 drivers/Src/stm32f401xx_spi_driver.o
 .text.SPI_ApplicationEventCallback
                0x0000000000000000       0x18 drivers/Src/stm32f401xx_spi_driver.o
 .text.spi_txe_interrupt_handle
                0x0000000000000000       0x80 drivers/Src/stm32f401xx_spi_driver.o
 .text.spi_rxne_interrupt_handle
                0x0000000000000000       0x84 drivers/Src/stm32f401xx_spi_driver.o
 .text.spi_ovr_err_interrupt_handle
                0x0000000000000000       0x30 drivers/Src/stm32f401xx_spi_driver.o
 .debug_info    0x0000000000000000      0x83e drivers/Src/stm32f401xx_spi_driver.o
 .debug_abbrev  0x0000000000000000      0x1a2 drivers/Src/stm32f401xx_spi_driver.o
 .debug_aranges
                0x0000000000000000       0xc0 drivers/Src/stm32f401xx_spi_driver.o
 .debug_ranges  0x0000000000000000       0xb0 drivers/Src/stm32f401xx_spi_driver.o
 .debug_macro   0x0000000000000000       0x93 drivers/Src/stm32f401xx_spi_driver.o
 .debug_macro   0x0000000000000000      0xa60 drivers/Src/stm32f401xx_spi_driver.o
 .debug_macro   0x0000000000000000      0x174 drivers/Src/stm32f401xx_spi_driver.o
 .debug_macro   0x0000000000000000       0x22 drivers/Src/stm32f401xx_spi_driver.o
 .debug_macro   0x0000000000000000       0x8e drivers/Src/stm32f401xx_spi_driver.o
 .debug_macro   0x0000000000000000       0x51 drivers/Src/stm32f401xx_spi_driver.o
 .debug_macro   0x0000000000000000       0xef drivers/Src/stm32f401xx_spi_driver.o
 .debug_macro   0x0000000000000000       0x6a drivers/Src/stm32f401xx_spi_driver.o
 .debug_macro   0x0000000000000000      0x1df drivers/Src/stm32f401xx_spi_driver.o
 .debug_macro   0x0000000000000000      0x6ea drivers/Src/stm32f401xx_spi_driver.o
 .debug_macro   0x0000000000000000       0xbe drivers/Src/stm32f401xx_spi_driver.o
 .debug_macro   0x0000000000000000      0x12a drivers/Src/stm32f401xx_spi_driver.o
 .debug_line    0x0000000000000000      0x6a9 drivers/Src/stm32f401xx_spi_driver.o
 .debug_str     0x0000000000000000     0x64e6 drivers/Src/stm32f401xx_spi_driver.o
 .comment       0x0000000000000000       0x7c drivers/Src/stm32f401xx_spi_driver.o
 .debug_frame   0x0000000000000000      0x340 drivers/Src/stm32f401xx_spi_driver.o
 .ARM.attributes
                0x0000000000000000       0x39 drivers/Src/stm32f401xx_spi_driver.o
 .group         0x0000000000000000        0xc drivers/Src/stm32f401xx_usart_driver.o
 .group         0x0000000000000000        0xc drivers/Src/stm32f401xx_usart_driver.o
 .group         0x0000000000000000        0xc drivers/Src/stm32f401xx_usart_driver.o
 .group         0x0000000000000000        0xc drivers/Src/stm32f401xx_usart_driver.o
 .group         0x0000000000000000        0xc drivers/Src/stm32f401xx_usart_driver.o
 .group         0x0000000000000000        0xc drivers/Src/stm32f401xx_usart_driver.o
 .group         0x0000000000000000        0xc drivers/Src/stm32f401xx_usart_driver.o
 .group         0x0000000000000000        0xc drivers/Src/stm32f401xx_usart_driver.o
 .group         0x0000000000000000        0xc drivers/Src/stm32f401xx_usart_driver.o
 .group         0x0000000000000000        0xc drivers/Src/stm32f401xx_usart_driver.o
 .text          0x0000000000000000        0x0 drivers/Src/stm32f401xx_usart_driver.o
 .data          0x0000000000000000        0x0 drivers/Src/stm32f401xx_usart_driver.o
 .bss           0x0000000000000000        0x0 drivers/Src/stm32f401xx_usart_driver.o
 .text.USART_PeripheralControl
                0x0000000000000000       0x38 drivers/Src/stm32f401xx_usart_driver.o
 .text.USART_PeriClockControl
                0x0000000000000000       0x70 drivers/Src/stm32f401xx_usart_driver.o
 .text.USART_GetFlagStatus
                0x0000000000000000       0x2a drivers/Src/stm32f401xx_usart_driver.o
 .text.USART_Init
                0x0000000000000000       0xf6 drivers/Src/stm32f401xx_usart_driver.o
 .debug_info    0x0000000000000000      0x437 drivers/Src/stm32f401xx_usart_driver.o
 .debug_abbrev  0x0000000000000000      0x10d drivers/Src/stm32f401xx_usart_driver.o
 .debug_aranges
                0x0000000000000000       0x38 drivers/Src/stm32f401xx_usart_driver.o
 .debug_ranges  0x0000000000000000       0x28 drivers/Src/stm32f401xx_usart_driver.o
 .debug_macro   0x0000000000000000       0x8a drivers/Src/stm32f401xx_usart_driver.o
 .debug_macro   0x0000000000000000      0xa60 drivers/Src/stm32f401xx_usart_driver.o
 .debug_macro   0x0000000000000000      0x174 drivers/Src/stm32f401xx_usart_driver.o
 .debug_macro   0x0000000000000000       0x22 drivers/Src/stm32f401xx_usart_driver.o
 .debug_macro   0x0000000000000000       0x8e drivers/Src/stm32f401xx_usart_driver.o
 .debug_macro   0x0000000000000000       0x51 drivers/Src/stm32f401xx_usart_driver.o
 .debug_macro   0x0000000000000000       0xef drivers/Src/stm32f401xx_usart_driver.o
 .debug_macro   0x0000000000000000       0x6a drivers/Src/stm32f401xx_usart_driver.o
 .debug_macro   0x0000000000000000      0x1df drivers/Src/stm32f401xx_usart_driver.o
 .debug_macro   0x0000000000000000      0x6ea drivers/Src/stm32f401xx_usart_driver.o
 .debug_macro   0x0000000000000000       0xac drivers/Src/stm32f401xx_usart_driver.o
 .debug_line    0x0000000000000000      0x487 drivers/Src/stm32f401xx_usart_driver.o
 .debug_str     0x0000000000000000     0x60b7 drivers/Src/stm32f401xx_usart_driver.o
 .comment       0x0000000000000000       0x7c drivers/Src/stm32f401xx_usart_driver.o
 .debug_frame   0x0000000000000000       0xac drivers/Src/stm32f401xx_usart_driver.o
 .ARM.attributes
                0x0000000000000000       0x39 drivers/Src/stm32f401xx_usart_driver.o
 .text          0x0000000000000000        0x0 c:/st/stm32cubeide_1.2.0/stm32cubeide/plugins/com.st.stm32cube.ide.mcu.externaltools.gnu-tools-for-stm32.7-2018-q2-update.win32_1.0.0.201904181610/tools/bin/../lib/gcc/arm-none-eabi/7.3.1/../../../../arm-none-eabi/lib/thumb/v7e-m/fpv4-sp/hard\libc_nano.a(lib_a-exit.o)
 .data          0x0000000000000000        0x0 c:/st/stm32cubeide_1.2.0/stm32cubeide/plugins/com.st.stm32cube.ide.mcu.externaltools.gnu-tools-for-stm32.7-2018-q2-update.win32_1.0.0.201904181610/tools/bin/../lib/gcc/arm-none-eabi/7.3.1/../../../../arm-none-eabi/lib/thumb/v7e-m/fpv4-sp/hard\libc_nano.a(lib_a-exit.o)
 .bss           0x0000000000000000        0x0 c:/st/stm32cubeide_1.2.0/stm32cubeide/plugins/com.st.stm32cube.ide.mcu.externaltools.gnu-tools-for-stm32.7-2018-q2-update.win32_1.0.0.201904181610/tools/bin/../lib/gcc/arm-none-eabi/7.3.1/../../../../arm-none-eabi/lib/thumb/v7e-m/fpv4-sp/hard\libc_nano.a(lib_a-exit.o)
 .text.exit     0x0000000000000000       0x28 c:/st/stm32cubeide_1.2.0/stm32cubeide/plugins/com.st.stm32cube.ide.mcu.externaltools.gnu-tools-for-stm32.7-2018-q2-update.win32_1.0.0.201904181610/tools/bin/../lib/gcc/arm-none-eabi/7.3.1/../../../../arm-none-eabi/lib/thumb/v7e-m/fpv4-sp/hard\libc_nano.a(lib_a-exit.o)
 .debug_frame   0x0000000000000000       0x28 c:/st/stm32cubeide_1.2.0/stm32cubeide/plugins/com.st.stm32cube.ide.mcu.externaltools.gnu-tools-for-stm32.7-2018-q2-update.win32_1.0.0.201904181610/tools/bin/../lib/gcc/arm-none-eabi/7.3.1/../../../../arm-none-eabi/lib/thumb/v7e-m/fpv4-sp/hard\libc_nano.a(lib_a-exit.o)
 .ARM.attributes
                0x0000000000000000       0x34 c:/st/stm32cubeide_1.2.0/stm32cubeide/plugins/com.st.stm32cube.ide.mcu.externaltools.gnu-tools-for-stm32.7-2018-q2-update.win32_1.0.0.201904181610/tools/bin/../lib/gcc/arm-none-eabi/7.3.1/../../../../arm-none-eabi/lib/thumb/v7e-m/fpv4-sp/hard\libc_nano.a(lib_a-exit.o)
 .text          0x0000000000000000        0x0 c:/st/stm32cubeide_1.2.0/stm32cubeide/plugins/com.st.stm32cube.ide.mcu.externaltools.gnu-tools-for-stm32.7-2018-q2-update.win32_1.0.0.201904181610/tools/bin/../lib/gcc/arm-none-eabi/7.3.1/../../../../arm-none-eabi/lib/thumb/v7e-m/fpv4-sp/hard\libc_nano.a(lib_a-impure.o)
 .data          0x0000000000000000        0x0 c:/st/stm32cubeide_1.2.0/stm32cubeide/plugins/com.st.stm32cube.ide.mcu.externaltools.gnu-tools-for-stm32.7-2018-q2-update.win32_1.0.0.201904181610/tools/bin/../lib/gcc/arm-none-eabi/7.3.1/../../../../arm-none-eabi/lib/thumb/v7e-m/fpv4-sp/hard\libc_nano.a(lib_a-impure.o)
 .bss           0x0000000000000000        0x0 c:/st/stm32cubeide_1.2.0/stm32cubeide/plugins/com.st.stm32cube.ide.mcu.externaltools.gnu-tools-for-stm32.7-2018-q2-update.win32_1.0.0.201904181610/tools/bin/../lib/gcc/arm-none-eabi/7.3.1/../../../../arm-none-eabi/lib/thumb/v7e-m/fpv4-sp/hard\libc_nano.a(lib_a-impure.o)
 .data._impure_ptr
                0x0000000000000000        0x4 c:/st/stm32cubeide_1.2.0/stm32cubeide/plugins/com.st.stm32cube.ide.mcu.externaltools.gnu-tools-for-stm32.7-2018-q2-update.win32_1.0.0.201904181610/tools/bin/../lib/gcc/arm-none-eabi/7.3.1/../../../../arm-none-eabi/lib/thumb/v7e-m/fpv4-sp/hard\libc_nano.a(lib_a-impure.o)
 .data.impure_data
                0x0000000000000000       0x60 c:/st/stm32cubeide_1.2.0/stm32cubeide/plugins/com.st.stm32cube.ide.mcu.externaltools.gnu-tools-for-stm32.7-2018-q2-update.win32_1.0.0.201904181610/tools/bin/../lib/gcc/arm-none-eabi/7.3.1/../../../../arm-none-eabi/lib/thumb/v7e-m/fpv4-sp/hard\libc_nano.a(lib_a-impure.o)
 .rodata._global_impure_ptr
                0x0000000000000000        0x4 c:/st/stm32cubeide_1.2.0/stm32cubeide/plugins/com.st.stm32cube.ide.mcu.externaltools.gnu-tools-for-stm32.7-2018-q2-update.win32_1.0.0.201904181610/tools/bin/../lib/gcc/arm-none-eabi/7.3.1/../../../../arm-none-eabi/lib/thumb/v7e-m/fpv4-sp/hard\libc_nano.a(lib_a-impure.o)
 .ARM.attributes
                0x0000000000000000       0x34 c:/st/stm32cubeide_1.2.0/stm32cubeide/plugins/com.st.stm32cube.ide.mcu.externaltools.gnu-tools-for-stm32.7-2018-q2-update.win32_1.0.0.201904181610/tools/bin/../lib/gcc/arm-none-eabi/7.3.1/../../../../arm-none-eabi/lib/thumb/v7e-m/fpv4-sp/hard\libc_nano.a(lib_a-impure.o)
 .text          0x0000000000000000        0x0 c:/st/stm32cubeide_1.2.0/stm32cubeide/plugins/com.st.stm32cube.ide.mcu.externaltools.gnu-tools-for-stm32.7-2018-q2-update.win32_1.0.0.201904181610/tools/bin/../lib/gcc/arm-none-eabi/7.3.1/../../../../arm-none-eabi/lib/thumb/v7e-m/fpv4-sp/hard\libc_nano.a(lib_a-init.o)
 .data          0x0000000000000000        0x0 c:/st/stm32cubeide_1.2.0/stm32cubeide/plugins/com.st.stm32cube.ide.mcu.externaltools.gnu-tools-for-stm32.7-2018-q2-update.win32_1.0.0.201904181610/tools/bin/../lib/gcc/arm-none-eabi/7.3.1/../../../../arm-none-eabi/lib/thumb/v7e-m/fpv4-sp/hard\libc_nano.a(lib_a-init.o)
 .bss           0x0000000000000000        0x0 c:/st/stm32cubeide_1.2.0/stm32cubeide/plugins/com.st.stm32cube.ide.mcu.externaltools.gnu-tools-for-stm32.7-2018-q2-update.win32_1.0.0.201904181610/tools/bin/../lib/gcc/arm-none-eabi/7.3.1/../../../../arm-none-eabi/lib/thumb/v7e-m/fpv4-sp/hard\libc_nano.a(lib_a-init.o)
 .text          0x0000000000000000        0x0 c:/st/stm32cubeide_1.2.0/stm32cubeide/plugins/com.st.stm32cube.ide.mcu.externaltools.gnu-tools-for-stm32.7-2018-q2-update.win32_1.0.0.201904181610/tools/bin/../lib/gcc/arm-none-eabi/7.3.1/../../../../arm-none-eabi/lib/thumb/v7e-m/fpv4-sp/hard\libc_nano.a(lib_a-memset.o)
 .data          0x0000000000000000        0x0 c:/st/stm32cubeide_1.2.0/stm32cubeide/plugins/com.st.stm32cube.ide.mcu.externaltools.gnu-tools-for-stm32.7-2018-q2-update.win32_1.0.0.201904181610/tools/bin/../lib/gcc/arm-none-eabi/7.3.1/../../../../arm-none-eabi/lib/thumb/v7e-m/fpv4-sp/hard\libc_nano.a(lib_a-memset.o)
 .bss           0x0000000000000000        0x0 c:/st/stm32cubeide_1.2.0/stm32cubeide/plugins/com.st.stm32cube.ide.mcu.externaltools.gnu-tools-for-stm32.7-2018-q2-update.win32_1.0.0.201904181610/tools/bin/../lib/gcc/arm-none-eabi/7.3.1/../../../../arm-none-eabi/lib/thumb/v7e-m/fpv4-sp/hard\libc_nano.a(lib_a-memset.o)
 .text.memset   0x0000000000000000       0x10 c:/st/stm32cubeide_1.2.0/stm32cubeide/plugins/com.st.stm32cube.ide.mcu.externaltools.gnu-tools-for-stm32.7-2018-q2-update.win32_1.0.0.201904181610/tools/bin/../lib/gcc/arm-none-eabi/7.3.1/../../../../arm-none-eabi/lib/thumb/v7e-m/fpv4-sp/hard\libc_nano.a(lib_a-memset.o)
 .debug_frame   0x0000000000000000       0x20 c:/st/stm32cubeide_1.2.0/stm32cubeide/plugins/com.st.stm32cube.ide.mcu.externaltools.gnu-tools-for-stm32.7-2018-q2-update.win32_1.0.0.201904181610/tools/bin/../lib/gcc/arm-none-eabi/7.3.1/../../../../arm-none-eabi/lib/thumb/v7e-m/fpv4-sp/hard\libc_nano.a(lib_a-memset.o)
 .ARM.attributes
                0x0000000000000000       0x34 c:/st/stm32cubeide_1.2.0/stm32cubeide/plugins/com.st.stm32cube.ide.mcu.externaltools.gnu-tools-for-stm32.7-2018-q2-update.win32_1.0.0.201904181610/tools/bin/../lib/gcc/arm-none-eabi/7.3.1/../../../../arm-none-eabi/lib/thumb/v7e-m/fpv4-sp/hard\libc_nano.a(lib_a-memset.o)
 .data          0x0000000000000000        0x0 c:/st/stm32cubeide_1.2.0/stm32cubeide/plugins/com.st.stm32cube.ide.mcu.externaltools.gnu-tools-for-stm32.7-2018-q2-update.win32_1.0.0.201904181610/tools/bin/../lib/gcc/arm-none-eabi/7.3.1/../../../../arm-none-eabi/lib/thumb/v7e-m/fpv4-sp/hard\libc_nano.a(lib_a-strlen.o)
 .bss           0x0000000000000000        0x0 c:/st/stm32cubeide_1.2.0/stm32cubeide/plugins/com.st.stm32cube.ide.mcu.externaltools.gnu-tools-for-stm32.7-2018-q2-update.win32_1.0.0.201904181610/tools/bin/../lib/gcc/arm-none-eabi/7.3.1/../../../../arm-none-eabi/lib/thumb/v7e-m/fpv4-sp/hard\libc_nano.a(lib_a-strlen.o)
 .text          0x0000000000000000        0x0 c:/st/stm32cubeide_1.2.0/stm32cubeide/plugins/com.st.stm32cube.ide.mcu.externaltools.gnu-tools-for-stm32.7-2018-q2-update.win32_1.0.0.201904181610/tools/bin/../lib/gcc/arm-none-eabi/7.3.1/../../../../arm-none-eabi/lib/thumb/v7e-m/fpv4-sp/hard\libnosys.a(_exit.o)
 .data          0x0000000000000000        0x0 c:/st/stm32cubeide_1.2.0/stm32cubeide/plugins/com.st.stm32cube.ide.mcu.externaltools.gnu-tools-for-stm32.7-2018-q2-update.win32_1.0.0.201904181610/tools/bin/../lib/gcc/arm-none-eabi/7.3.1/../../../../arm-none-eabi/lib/thumb/v7e-m/fpv4-sp/hard\libnosys.a(_exit.o)
 .bss           0x0000000000000000        0x0 c:/st/stm32cubeide_1.2.0/stm32cubeide/plugins/com.st.stm32cube.ide.mcu.externaltools.gnu-tools-for-stm32.7-2018-q2-update.win32_1.0.0.201904181610/tools/bin/../lib/gcc/arm-none-eabi/7.3.1/../../../../arm-none-eabi/lib/thumb/v7e-m/fpv4-sp/hard\libnosys.a(_exit.o)
 .text._exit    0x0000000000000000        0x2 c:/st/stm32cubeide_1.2.0/stm32cubeide/plugins/com.st.stm32cube.ide.mcu.externaltools.gnu-tools-for-stm32.7-2018-q2-update.win32_1.0.0.201904181610/tools/bin/../lib/gcc/arm-none-eabi/7.3.1/../../../../arm-none-eabi/lib/thumb/v7e-m/fpv4-sp/hard\libnosys.a(_exit.o)
 .debug_frame   0x0000000000000000       0x20 c:/st/stm32cubeide_1.2.0/stm32cubeide/plugins/com.st.stm32cube.ide.mcu.externaltools.gnu-tools-for-stm32.7-2018-q2-update.win32_1.0.0.201904181610/tools/bin/../lib/gcc/arm-none-eabi/7.3.1/../../../../arm-none-eabi/lib/thumb/v7e-m/fpv4-sp/hard\libnosys.a(_exit.o)
 .ARM.attributes
                0x0000000000000000       0x34 c:/st/stm32cubeide_1.2.0/stm32cubeide/plugins/com.st.stm32cube.ide.mcu.externaltools.gnu-tools-for-stm32.7-2018-q2-update.win32_1.0.0.201904181610/tools/bin/../lib/gcc/arm-none-eabi/7.3.1/../../../../arm-none-eabi/lib/thumb/v7e-m/fpv4-sp/hard\libnosys.a(_exit.o)
 .text          0x0000000000000000        0x0 c:/st/stm32cubeide_1.2.0/stm32cubeide/plugins/com.st.stm32cube.ide.mcu.externaltools.gnu-tools-for-stm32.7-2018-q2-update.win32_1.0.0.201904181610/tools/bin/../lib/gcc/arm-none-eabi/7.3.1/thumb/v7e-m/fpv4-sp/hard/crtend.o
 .data          0x0000000000000000        0x0 c:/st/stm32cubeide_1.2.0/stm32cubeide/plugins/com.st.stm32cube.ide.mcu.externaltools.gnu-tools-for-stm32.7-2018-q2-update.win32_1.0.0.201904181610/tools/bin/../lib/gcc/arm-none-eabi/7.3.1/thumb/v7e-m/fpv4-sp/hard/crtend.o
 .bss           0x0000000000000000        0x0 c:/st/stm32cubeide_1.2.0/stm32cubeide/plugins/com.st.stm32cube.ide.mcu.externaltools.gnu-tools-for-stm32.7-2018-q2-update.win32_1.0.0.201904181610/tools/bin/../lib/gcc/arm-none-eabi/7.3.1/thumb/v7e-m/fpv4-sp/hard/crtend.o
 .eh_frame      0x0000000000000000        0x4 c:/st/stm32cubeide_1.2.0/stm32cubeide/plugins/com.st.stm32cube.ide.mcu.externaltools.gnu-tools-for-stm32.7-2018-q2-update.win32_1.0.0.201904181610/tools/bin/../lib/gcc/arm-none-eabi/7.3.1/thumb/v7e-m/fpv4-sp/hard/crtend.o
 .ARM.attributes
                0x0000000000000000       0x34 c:/st/stm32cubeide_1.2.0/stm32cubeide/plugins/com.st.stm32cube.ide.mcu.externaltools.gnu-tools-for-stm32.7-2018-q2-update.win32_1.0.0.201904181610/tools/bin/../lib/gcc/arm-none-eabi/7.3.1/thumb/v7e-m/fpv4-sp/hard/crtend.o
 .text          0x0000000000000000        0x0 c:/st/stm32cubeide_1.2.0/stm32cubeide/plugins/com.st.stm32cube.ide.mcu.externaltools.gnu-tools-for-stm32.7-2018-q2-update.win32_1.0.0.201904181610/tools/bin/../lib/gcc/arm-none-eabi/7.3.1/thumb/v7e-m/fpv4-sp/hard/crtn.o
 .data          0x0000000000000000        0x0 c:/st/stm32cubeide_1.2.0/stm32cubeide/plugins/com.st.stm32cube.ide.mcu.externaltools.gnu-tools-for-stm32.7-2018-q2-update.win32_1.0.0.201904181610/tools/bin/../lib/gcc/arm-none-eabi/7.3.1/thumb/v7e-m/fpv4-sp/hard/crtn.o
 .bss           0x0000000000000000        0x0 c:/st/stm32cubeide_1.2.0/stm32cubeide/plugins/com.st.stm32cube.ide.mcu.externaltools.gnu-tools-for-stm32.7-2018-q2-update.win32_1.0.0.201904181610/tools/bin/../lib/gcc/arm-none-eabi/7.3.1/thumb/v7e-m/fpv4-sp/hard/crtn.o

Memory Configuration

Name             Origin             Length             Attributes
RAM              0x0000000020000000 0x0000000000018000 xrw
ROM              0x0000000008000000 0x0000000000080000 xr
*default*        0x0000000000000000 0xffffffffffffffff

Linker script and memory map

LOAD c:/st/stm32cubeide_1.2.0/stm32cubeide/plugins/com.st.stm32cube.ide.mcu.externaltools.gnu-tools-for-stm32.7-2018-q2-update.win32_1.0.0.201904181610/tools/bin/../lib/gcc/arm-none-eabi/7.3.1/thumb/v7e-m/fpv4-sp/hard/crti.o
LOAD c:/st/stm32cubeide_1.2.0/stm32cubeide/plugins/com.st.stm32cube.ide.mcu.externaltools.gnu-tools-for-stm32.7-2018-q2-update.win32_1.0.0.201904181610/tools/bin/../lib/gcc/arm-none-eabi/7.3.1/thumb/v7e-m/fpv4-sp/hard/crtbegin.o
LOAD c:/st/stm32cubeide_1.2.0/stm32cubeide/plugins/com.st.stm32cube.ide.mcu.externaltools.gnu-tools-for-stm32.7-2018-q2-update.win32_1.0.0.201904181610/tools/bin/../lib/gcc/arm-none-eabi/7.3.1/../../../../arm-none-eabi/lib/thumb/v7e-m/fpv4-sp/hard/crt0.o
LOAD Src/013i2c_slave_tx_string2.o
LOAD Startup/startup_stm32f401retx.o
LOAD drivers/Src/stm32f401xx_gpio_driver.o
LOAD drivers/Src/stm32f401xx_i2c_driver.o
LOAD drivers/Src/stm32f401xx_spi_driver.o
LOAD drivers/Src/stm32f401xx_usart_driver.o
START GROUP
LOAD c:/st/stm32cubeide_1.2.0/stm32cubeide/plugins/com.st.stm32cube.ide.mcu.externaltools.gnu-tools-for-stm32.7-2018-q2-update.win32_1.0.0.201904181610/tools/bin/../lib/gcc/arm-none-eabi/7.3.1/../../../../arm-none-eabi/lib/thumb/v7e-m/fpv4-sp/hard\libc_nano.a
LOAD c:/st/stm32cubeide_1.2.0/stm32cubeide/plugins/com.st.stm32cube.ide.mcu.externaltools.gnu-tools-for-stm32.7-2018-q2-update.win32_1.0.0.201904181610/tools/bin/../lib/gcc/arm-none-eabi/7.3.1/../../../../arm-none-eabi/lib/thumb/v7e-m/fpv4-sp/hard\libm.a
END GROUP
START GROUP
LOAD c:/st/stm32cubeide_1.2.0/stm32cubeide/plugins/com.st.stm32cube.ide.mcu.externaltools.gnu-tools-for-stm32.7-2018-q2-update.win32_1.0.0.201904181610/tools/bin/../lib/gcc/arm-none-eabi/7.3.1/thumb/v7e-m/fpv4-sp/hard\libgcc.a
LOAD c:/st/stm32cubeide_1.2.0/stm32cubeide/plugins/com.st.stm32cube.ide.mcu.externaltools.gnu-tools-for-stm32.7-2018-q2-update.win32_1.0.0.201904181610/tools/bin/../lib/gcc/arm-none-eabi/7.3.1/../../../../arm-none-eabi/lib/thumb/v7e-m/fpv4-sp/hard\libc_nano.a
END GROUP
START GROUP
LOAD c:/st/stm32cubeide_1.2.0/stm32cubeide/plugins/com.st.stm32cube.ide.mcu.externaltools.gnu-tools-for-stm32.7-2018-q2-update.win32_1.0.0.201904181610/tools/bin/../lib/gcc/arm-none-eabi/7.3.1/thumb/v7e-m/fpv4-sp/hard\libgcc.a
LOAD c:/st/stm32cubeide_1.2.0/stm32cubeide/plugins/com.st.stm32cube.ide.mcu.externaltools.gnu-tools-for-stm32.7-2018-q2-update.win32_1.0.0.201904181610/tools/bin/../lib/gcc/arm-none-eabi/7.3.1/../../../../arm-none-eabi/lib/thumb/v7e-m/fpv4-sp/hard\libc_nano.a
LOAD c:/st/stm32cubeide_1.2.0/stm32cubeide/plugins/com.st.stm32cube.ide.mcu.externaltools.gnu-tools-for-stm32.7-2018-q2-update.win32_1.0.0.201904181610/tools/bin/../lib/gcc/arm-none-eabi/7.3.1/../../../../arm-none-eabi/lib/thumb/v7e-m/fpv4-sp/hard\libnosys.a
END GROUP
START GROUP
LOAD c:/st/stm32cubeide_1.2.0/stm32cubeide/plugins/com.st.stm32cube.ide.mcu.externaltools.gnu-tools-for-stm32.7-2018-q2-update.win32_1.0.0.201904181610/tools/bin/../lib/gcc/arm-none-eabi/7.3.1/thumb/v7e-m/fpv4-sp/hard\libgcc.a
LOAD c:/st/stm32cubeide_1.2.0/stm32cubeide/plugins/com.st.stm32cube.ide.mcu.externaltools.gnu-tools-for-stm32.7-2018-q2-update.win32_1.0.0.201904181610/tools/bin/../lib/gcc/arm-none-eabi/7.3.1/../../../../arm-none-eabi/lib/thumb/v7e-m/fpv4-sp/hard\libc_nano.a
LOAD c:/st/stm32cubeide_1.2.0/stm32cubeide/plugins/com.st.stm32cube.ide.mcu.externaltools.gnu-tools-for-stm32.7-2018-q2-update.win32_1.0.0.201904181610/tools/bin/../lib/gcc/arm-none-eabi/7.3.1/../../../../arm-none-eabi/lib/thumb/v7e-m/fpv4-sp/hard\libnosys.a
END GROUP
LOAD c:/st/stm32cubeide_1.2.0/stm32cubeide/plugins/com.st.stm32cube.ide.mcu.externaltools.gnu-tools-for-stm32.7-2018-q2-update.win32_1.0.0.201904181610/tools/bin/../lib/gcc/arm-none-eabi/7.3.1/thumb/v7e-m/fpv4-sp/hard/crtend.o
LOAD c:/st/stm32cubeide_1.2.0/stm32cubeide/plugins/com.st.stm32cube.ide.mcu.externaltools.gnu-tools-for-stm32.7-2018-q2-update.win32_1.0.0.201904181610/tools/bin/../lib/gcc/arm-none-eabi/7.3.1/thumb/v7e-m/fpv4-sp/hard/crtn.o
                0x0000000020018000                _estack = (ORIGIN (RAM) + LENGTH (RAM))
                0x0000000000000200                _Min_Heap_Size = 0x200
                0x0000000000000400                _Min_Stack_Size = 0x400

.isr_vector     0x0000000008000000      0x194
                0x0000000008000000                . = ALIGN (0x4)
 *(.isr_vector)
 .isr_vector    0x0000000008000000      0x194 Startup/startup_stm32f401retx.o
                0x0000000008000000                g_pfnVectors
                0x0000000008000194                . = ALIGN (0x4)

.text           0x0000000008000194     0x1214
                0x0000000008000194                . = ALIGN (0x4)
 *(.text)
 .text          0x0000000008000194       0x40 c:/st/stm32cubeide_1.2.0/stm32cubeide/plugins/com.st.stm32cube.ide.mcu.externaltools.gnu-tools-for-stm32.7-2018-q2-update.win32_1.0.0.201904181610/tools/bin/../lib/gcc/arm-none-eabi/7.3.1/thumb/v7e-m/fpv4-sp/hard/crtbegin.o
 .text          0x00000000080001d4       0x10 c:/st/stm32cubeide_1.2.0/stm32cubeide/plugins/com.st.stm32cube.ide.mcu.externaltools.gnu-tools-for-stm32.7-2018-q2-update.win32_1.0.0.201904181610/tools/bin/../lib/gcc/arm-none-eabi/7.3.1/../../../../arm-none-eabi/lib/thumb/v7e-m/fpv4-sp/hard\libc_nano.a(lib_a-strlen.o)
                0x00000000080001d4                strlen
 *(.text*)
 .text.I2C1_GPIOInits
                0x00000000080001e4       0x44 Src/013i2c_slave_tx_string2.o
                0x00000000080001e4                I2C1_GPIOInits
 .text.I2C1_Inits
                0x0000000008000228       0x38 Src/013i2c_slave_tx_string2.o
                0x0000000008000228                I2C1_Inits
 .text.GPIO_ButtonInit
                0x0000000008000260       0x30 Src/013i2c_slave_tx_string2.o
                0x0000000008000260                GPIO_ButtonInit
 .text.main     0x0000000008000290       0x54 Src/013i2c_slave_tx_string2.o
                0x0000000008000290                main
 .text.I2C_ApplicationEventCallback
                0x00000000080002e4       0xd8 Src/013i2c_slave_tx_string2.o
                0x00000000080002e4                I2C_ApplicationEventCallback
 .text.I2C1_EV_IRQHandler
                0x00000000080003bc       0x14 Src/013i2c_slave_tx_string2.o
                0x00000000080003bc                I2C1_EV_IRQHandler
 .text.I2C1_ER_IRQHandler
                0x00000000080003d0       0x14 Src/013i2c_slave_tx_string2.o
                0x00000000080003d0                I2C1_ER_IRQHandler
 .text.Reset_Handler
                0x00000000080003e4       0x50 Startup/startup_stm32f401retx.o
                0x00000000080003e4                Reset_Handler
 .text.Default_Handler
                0x0000000008000434        0x2 Startup/startup_stm32f401retx.o
                0x0000000008000434                RTC_Alarm_IRQHandler
                0x0000000008000434                EXTI2_IRQHandler
                0x0000000008000434                DebugMon_Handler
                0x0000000008000434                SPI4_IRQHandler
                0x0000000008000434                TIM1_CC_IRQHandler
                0x0000000008000434                HardFault_Handler
                0x0000000008000434                SysTick_Handler
                0x0000000008000434                PVD_IRQHandler
                0x0000000008000434                SDIO_IRQHandler
                0x0000000008000434                TAMP_STAMP_IRQHandler
                0x0000000008000434                PendSV_Handler
                0x0000000008000434                NMI_Handler
                0x0000000008000434                EXTI3_IRQHandler
                0x0000000008000434                TIM1_UP_TIM10_IRQHandler
                0x0000000008000434                I2C3_ER_IRQHandler
                0x0000000008000434                EXTI0_IRQHandler
                0x0000000008000434                I2C2_EV_IRQHandler
                0x0000000008000434                FPU_IRQHandler
                0x0000000008000434                UsageFault_Handler
                0x0000000008000434                SPI1_IRQHandler
                0x0000000008000434                TIM1_BRK_TIM9_IRQHandler
                0x0000000008000434                TIM3_IRQHandler
                0x0000000008000434                RCC_IRQHandler
                0x0000000008000434                Default_Handler
                0x0000000008000434                EXTI15_10_IRQHandler
                0x0000000008000434                ADC_IRQHandler
                0x0000000008000434                I2C3_EV_IRQHandler
                0x0000000008000434                EXTI9_5_IRQHandler
                0x0000000008000434                RTC_WKUP_IRQHandler
                0x0000000008000434                SPI2_IRQHandler
                0x0000000008000434                MemManage_Handler
                0x0000000008000434                SVC_Handler
                0x0000000008000434                EXTI4_IRQHandler
                0x0000000008000434                TIM2_IRQHandler
                0x0000000008000434                OTG_FS_WKUP_IRQHandler
                0x0000000008000434                TIM1_TRG_COM_TIM11_IRQHandler
                0x0000000008000434                EXTI1_IRQHandler
                0x0000000008000434                I2C2_ER_IRQHandler
                0x0000000008000434                FLASH_IRQHandler
                0x0000000008000434                BusFault_Handler
                0x0000000008000434                OTG_FS_IRQHandler
                0x0000000008000434                SPI3_IRQHandler
 *fill*         0x0000000008000436        0x2 
 .text.GPIO_PeriClockControl
                0x0000000008000438      0x140 drivers/Src/stm32f401xx_gpio_driver.o
                0x0000000008000438                GPIO_PeriClockControl
 .text.GPIO_Init
                0x0000000008000578      0x344 drivers/Src/stm32f401xx_gpio_driver.o
                0x0000000008000578                GPIO_Init
 .text.GPIO_ToggleOutputPin
                0x00000000080008bc       0x2a drivers/Src/stm32f401xx_gpio_driver.o
                0x00000000080008bc                GPIO_ToggleOutputPin
 *fill*         0x00000000080008e6        0x2 
 .text.RCC_GetPCLK1Value
                0x00000000080008e8       0xa8 drivers/Src/stm32f401xx_i2c_driver.o
                0x00000000080008e8                RCC_GetPCLK1Value
 .text.I2C_ManageAcking
                0x0000000008000990       0x38 drivers/Src/stm32f401xx_i2c_driver.o
                0x0000000008000990                I2C_ManageAcking
 .text.I2C_GenerateStopCondition
                0x00000000080009c8       0x20 drivers/Src/stm32f401xx_i2c_driver.o
                0x00000000080009c8                I2C_GenerateStopCondition
 .text.teste    0x00000000080009e8       0x3c drivers/Src/stm32f401xx_i2c_driver.o
                0x00000000080009e8                teste
 .text.I2C_PeriClockControl
                0x0000000008000a24       0xb0 drivers/Src/stm32f401xx_i2c_driver.o
                0x0000000008000a24                I2C_PeriClockControl
 .text.I2C_PeripheralControl
                0x0000000008000ad4       0x38 drivers/Src/stm32f401xx_i2c_driver.o
                0x0000000008000ad4                I2C_PeripheralControl
 .text.I2C_Init
                0x0000000008000b0c      0x184 drivers/Src/stm32f401xx_i2c_driver.o
                0x0000000008000b0c                I2C_Init
 .text.I2C_CloseReceiveData
                0x0000000008000c90       0x5c drivers/Src/stm32f401xx_i2c_driver.o
                0x0000000008000c90                I2C_CloseReceiveData
 .text.I2C_CloseSendData
                0x0000000008000cec       0x46 drivers/Src/stm32f401xx_i2c_driver.o
                0x0000000008000cec                I2C_CloseSendData
 .text.I2C_SlaveSendData
                0x0000000008000d32       0x1e drivers/Src/stm32f401xx_i2c_driver.o
                0x0000000008000d32                I2C_SlaveSendData
 .text.I2C_SlaveReceiveData
                0x0000000008000d50       0x1a drivers/Src/stm32f401xx_i2c_driver.o
                0x0000000008000d50                I2C_SlaveReceiveData
 .text.I2C_SlaveEnableDisableCallbackEvents
                0x0000000008000d6a       0x68 drivers/Src/stm32f401xx_i2c_driver.o
                0x0000000008000d6a                I2C_SlaveEnableDisableCallbackEvents
 .text.I2C_EV_IRQHandling
                0x0000000008000dd2      0x1bc drivers/Src/stm32f401xx_i2c_driver.o
                0x0000000008000dd2                I2C_EV_IRQHandling
 .text.I2C_ER_IRQHandling
                0x0000000008000f8e      0x110 drivers/Src/stm32f401xx_i2c_driver.o
                0x0000000008000f8e                I2C_ER_IRQHandling
 *fill*         0x000000000800109e        0x2 
 .text.I2C_IRQInterruptConfig
                0x00000000080010a0      0x10c drivers/Src/stm32f401xx_i2c_driver.o
                0x00000000080010a0                I2C_IRQInterruptConfig
 .text.I2C_ExecuteAddressPhaseWrite
                0x00000000080011ac       0x2c drivers/Src/stm32f401xx_i2c_driver.o
 .text.I2C_ExecuteAddressPhaseRead
                0x00000000080011d8       0x2c drivers/Src/stm32f401xx_i2c_driver.o
 .text.I2C_ClearADDRFlag
                0x0000000008001204       0x6e drivers/Src/stm32f401xx_i2c_driver.o
 .text.I2C_MasterHandleTXEInterrupt
                0x0000000008001272       0x3c drivers/Src/stm32f401xx_i2c_driver.o
 .text.I2C_MasterHandleRXNEInterrupt
                0x00000000080012ae       0x98 drivers/Src/stm32f401xx_i2c_driver.o
 *fill*         0x0000000008001346        0x2 
 .text.__libc_init_array
                0x0000000008001348       0x48 c:/st/stm32cubeide_1.2.0/stm32cubeide/plugins/com.st.stm32cube.ide.mcu.externaltools.gnu-tools-for-stm32.7-2018-q2-update.win32_1.0.0.201904181610/tools/bin/../lib/gcc/arm-none-eabi/7.3.1/../../../../arm-none-eabi/lib/thumb/v7e-m/fpv4-sp/hard\libc_nano.a(lib_a-init.o)
                0x0000000008001348                __libc_init_array
 *(.glue_7)
 .glue_7        0x0000000008001390        0x0 linker stubs
 *(.glue_7t)
 .glue_7t       0x0000000008001390        0x0 linker stubs
 *(.eh_frame)
 .eh_frame      0x0000000008001390        0x0 c:/st/stm32cubeide_1.2.0/stm32cubeide/plugins/com.st.stm32cube.ide.mcu.externaltools.gnu-tools-for-stm32.7-2018-q2-update.win32_1.0.0.201904181610/tools/bin/../lib/gcc/arm-none-eabi/7.3.1/thumb/v7e-m/fpv4-sp/hard/crtbegin.o
 *(.init)
 .init          0x0000000008001390        0x4 c:/st/stm32cubeide_1.2.0/stm32cubeide/plugins/com.st.stm32cube.ide.mcu.externaltools.gnu-tools-for-stm32.7-2018-q2-update.win32_1.0.0.201904181610/tools/bin/../lib/gcc/arm-none-eabi/7.3.1/thumb/v7e-m/fpv4-sp/hard/crti.o
                0x0000000008001390                _init
 .init          0x0000000008001394        0x8 c:/st/stm32cubeide_1.2.0/stm32cubeide/plugins/com.st.stm32cube.ide.mcu.externaltools.gnu-tools-for-stm32.7-2018-q2-update.win32_1.0.0.201904181610/tools/bin/../lib/gcc/arm-none-eabi/7.3.1/thumb/v7e-m/fpv4-sp/hard/crtn.o
 *(.fini)
 .fini          0x000000000800139c        0x4 c:/st/stm32cubeide_1.2.0/stm32cubeide/plugins/com.st.stm32cube.ide.mcu.externaltools.gnu-tools-for-stm32.7-2018-q2-update.win32_1.0.0.201904181610/tools/bin/../lib/gcc/arm-none-eabi/7.3.1/thumb/v7e-m/fpv4-sp/hard/crti.o
                0x000000000800139c                _fini
 .fini          0x00000000080013a0        0x8 c:/st/stm32cubeide_1.2.0/stm32cubeide/plugins/com.st.stm32cube.ide.mcu.externaltools.gnu-tools-for-stm32.7-2018-q2-update.win32_1.0.0.201904181610/tools/bin/../lib/gcc/arm-none-eabi/7.3.1/thumb/v7e-m/fpv4-sp/hard/crtn.o
                0x00000000080013a8                . = ALIGN (0x4)
                0x00000000080013a8                _etext = .

.vfp11_veneer   0x00000000080013a8        0x0
 .vfp11_veneer  0x00000000080013a8        0x0 linker stubs

.v4_bx          0x00000000080013a8        0x0
 .v4_bx         0x00000000080013a8        0x0 linker stubs

.iplt           0x00000000080013a8        0x0
 .iplt          0x00000000080013a8        0x0 c:/st/stm32cubeide_1.2.0/stm32cubeide/plugins/com.st.stm32cube.ide.mcu.externaltools.gnu-tools-for-stm32.7-2018-q2-update.win32_1.0.0.201904181610/tools/bin/../lib/gcc/arm-none-eabi/7.3.1/thumb/v7e-m/fpv4-sp/hard/crtbegin.o

.rel.dyn        0x00000000080013a8        0x0
 .rel.iplt      0x00000000080013a8        0x0 c:/st/stm32cubeide_1.2.0/stm32cubeide/plugins/com.st.stm32cube.ide.mcu.externaltools.gnu-tools-for-stm32.7-2018-q2-update.win32_1.0.0.201904181610/tools/bin/../lib/gcc/arm-none-eabi/7.3.1/thumb/v7e-m/fpv4-sp/hard/crtbegin.o

.rodata         0x00000000080013a8        0x0
                0x00000000080013a8                . = ALIGN (0x4)
 *(.rodata)
 *(.rodata*)
                0x00000000080013a8                . = ALIGN (0x4)

.ARM.extab      0x00000000080013a8        0x0
                0x00000000080013a8                . = ALIGN (0x4)
 *(.ARM.extab* .gnu.linkonce.armextab.*)
                0x00000000080013a8                . = ALIGN (0x4)

.ARM            0x00000000080013a8        0x0
                0x00000000080013a8                . = ALIGN (0x4)
                0x00000000080013a8                __exidx_start = .
 *(.ARM.exidx*)
                0x00000000080013a8                __exidx_end = .
                0x00000000080013a8                . = ALIGN (0x4)

.preinit_array  0x00000000080013a8        0x0
                0x00000000080013a8                . = ALIGN (0x4)
                0x00000000080013a8                PROVIDE (__preinit_array_start = .)
 *(.preinit_array*)
                0x00000000080013a8                PROVIDE (__preinit_array_end = .)
                0x00000000080013a8                . = ALIGN (0x4)

.init_array     0x00000000080013a8        0x4
                0x00000000080013a8                . = ALIGN (0x4)
                0x00000000080013a8                PROVIDE (__init_array_start = .)
 *(SORT_BY_NAME(.init_array.*))
 *(.init_array*)
 .init_array    0x00000000080013a8        0x4 c:/st/stm32cubeide_1.2.0/stm32cubeide/plugins/com.st.stm32cube.ide.mcu.externaltools.gnu-tools-for-stm32.7-2018-q2-update.win32_1.0.0.201904181610/tools/bin/../lib/gcc/arm-none-eabi/7.3.1/thumb/v7e-m/fpv4-sp/hard/crtbegin.o
                0x00000000080013ac                PROVIDE (__init_array_end = .)
                0x00000000080013ac                . = ALIGN (0x4)

.fini_array     0x00000000080013ac        0x4
                0x00000000080013ac                . = ALIGN (0x4)
                [!provide]                        PROVIDE (__fini_array_start = .)
 *(SORT_BY_NAME(.fini_array.*))
 *(.fini_array*)
 .fini_array    0x00000000080013ac        0x4 c:/st/stm32cubeide_1.2.0/stm32cubeide/plugins/com.st.stm32cube.ide.mcu.externaltools.gnu-tools-for-stm32.7-2018-q2-update.win32_1.0.0.201904181610/tools/bin/../lib/gcc/arm-none-eabi/7.3.1/thumb/v7e-m/fpv4-sp/hard/crtbegin.o
                [!provide]                        PROVIDE (__fini_array_end = .)
                0x00000000080013b0                . = ALIGN (0x4)
                0x00000000080013b0                _sidata = LOADADDR (.data)

.data           0x0000000020000000      0x1b0 load address 0x00000000080013b0
                0x0000000020000000                . = ALIGN (0x4)
                0x0000000020000000                _sdata = .
 *(.data)
 *(.data*)
 .data.Tx_buf   0x0000000020000000      0x197 Src/013i2c_slave_tx_string2.o
                0x0000000020000000                Tx_buf
 *fill*         0x0000000020000197        0x1 
 .data.AHB_Prescaler
                0x0000000020000198       0x10 drivers/Src/stm32f401xx_i2c_driver.o
                0x0000000020000198                AHB_Prescaler
 .data.APB1_Prescaler
                0x00000000200001a8        0x8 drivers/Src/stm32f401xx_i2c_driver.o
                0x00000000200001a8                APB1_Prescaler
                0x00000000200001b0                . = ALIGN (0x4)
                0x00000000200001b0                _edata = .

.igot.plt       0x00000000200001b0        0x0 load address 0x0000000008001560
 .igot.plt      0x00000000200001b0        0x0 c:/st/stm32cubeide_1.2.0/stm32cubeide/plugins/com.st.stm32cube.ide.mcu.externaltools.gnu-tools-for-stm32.7-2018-q2-update.win32_1.0.0.201904181610/tools/bin/../lib/gcc/arm-none-eabi/7.3.1/thumb/v7e-m/fpv4-sp/hard/crtbegin.o
                0x00000000200001b0                . = ALIGN (0x4)

.bss            0x00000000200001b0       0x74 load address 0x0000000008001560
                0x00000000200001b0                _sbss = .
                0x00000000200001b0                __bss_start__ = _sbss
 *(.bss)
 .bss           0x00000000200001b0       0x1c c:/st/stm32cubeide_1.2.0/stm32cubeide/plugins/com.st.stm32cube.ide.mcu.externaltools.gnu-tools-for-stm32.7-2018-q2-update.win32_1.0.0.201904181610/tools/bin/../lib/gcc/arm-none-eabi/7.3.1/thumb/v7e-m/fpv4-sp/hard/crtbegin.o
 *(.bss*)
 .bss.data_len  0x00000000200001cc        0x4 Src/013i2c_slave_tx_string2.o
                0x00000000200001cc                data_len
 .bss.cnt.6065  0x00000000200001d0        0x4 Src/013i2c_slave_tx_string2.o
 .bss.w_ptr.6066
                0x00000000200001d4        0x4 Src/013i2c_slave_tx_string2.o
 *(COMMON)
 COMMON         0x00000000200001d8       0x4c Src/013i2c_slave_tx_string2.o
                0x00000000200001d8                I2C1Handle
                0x0000000020000200                CommandCode
                0x0000000020000204                rcv_buf
                0x0000000020000224                . = ALIGN (0x4)
                0x0000000020000224                _ebss = .
                0x0000000020000224                __bss_end__ = _ebss

._user_heap_stack
                0x0000000020000224      0x604 load address 0x0000000008001560
                0x0000000020000228                . = ALIGN (0x8)
 *fill*         0x0000000020000224        0x4 
                [!provide]                        PROVIDE (end = .)
                [!provide]                        PROVIDE (_end = .)
                0x0000000020000428                . = (. + _Min_Heap_Size)
 *fill*         0x0000000020000228      0x200 
                0x0000000020000828                . = (. + _Min_Stack_Size)
 *fill*         0x0000000020000428      0x400 
                0x0000000020000828                . = ALIGN (0x8)

/DISCARD/
 libc.a(*)
 libm.a(*)
 libgcc.a(*)

.ARM.attributes
                0x0000000000000000       0x30
 *(.ARM.attributes)
 .ARM.attributes
                0x0000000000000000       0x22 c:/st/stm32cubeide_1.2.0/stm32cubeide/plugins/com.st.stm32cube.ide.mcu.externaltools.gnu-tools-for-stm32.7-2018-q2-update.win32_1.0.0.201904181610/tools/bin/../lib/gcc/arm-none-eabi/7.3.1/thumb/v7e-m/fpv4-sp/hard/crti.o
 .ARM.attributes
                0x0000000000000022       0x34 c:/st/stm32cubeide_1.2.0/stm32cubeide/plugins/com.st.stm32cube.ide.mcu.externaltools.gnu-tools-for-stm32.7-2018-q2-update.win32_1.0.0.201904181610/tools/bin/../lib/gcc/arm-none-eabi/7.3.1/thumb/v7e-m/fpv4-sp/hard/crtbegin.o
 .ARM.attributes
                0x0000000000000056       0x39 Src/013i2c_slave_tx_string2.o
 .ARM.attributes
                0x000000000000008f       0x21 Startup/startup_stm32f401retx.o
 .ARM.attributes
                0x00000000000000b0       0x39 drivers/Src/stm32f401xx_gpio_driver.o
 .ARM.attributes
                0x00000000000000e9       0x39 drivers/Src/stm32f401xx_i2c_driver.o
 .ARM.attributes
                0x0000000000000122       0x34 c:/st/stm32cubeide_1.2.0/stm32cubeide/plugins/com.st.stm32cube.ide.mcu.externaltools.gnu-tools-for-stm32.7-2018-q2-update.win32_1.0.0.201904181610/tools/bin/../lib/gcc/arm-none-eabi/7.3.1/../../../../arm-none-eabi/lib/thumb/v7e-m/fpv4-sp/hard\libc_nano.a(lib_a-init.o)
 .ARM.attributes
                0x0000000000000156       0x1b c:/st/stm32cubeide_1.2.0/stm32cubeide/plugins/com.st.stm32cube.ide.mcu.externaltools.gnu-tools-for-stm32.7-2018-q2-update.win32_1.0.0.201904181610/tools/bin/../lib/gcc/arm-none-eabi/7.3.1/../../../../arm-none-eabi/lib/thumb/v7e-m/fpv4-sp/hard\libc_nano.a(lib_a-strlen.o)
 .ARM.attributes
                0x0000000000000171       0x22 c:/st/stm32cubeide_1.2.0/stm32cubeide/plugins/com.st.stm32cube.ide.mcu.externaltools.gnu-tools-for-stm32.7-2018-q2-update.win32_1.0.0.201904181610/tools/bin/../lib/gcc/arm-none-eabi/7.3.1/thumb/v7e-m/fpv4-sp/hard/crtn.o
OUTPUT(STM32F4xx_drivers.elf elf32-littlearm)

.debug_info     0x0000000000000000     0x1fb7
 .debug_info    0x0000000000000000      0xccb Src/013i2c_slave_tx_string2.o
 .debug_info    0x0000000000000ccb       0x22 Startup/startup_stm32f401retx.o
 .debug_info    0x0000000000000ced      0x6f5 drivers/Src/stm32f401xx_gpio_driver.o
 .debug_info    0x00000000000013e2      0xbd5 drivers/Src/stm32f401xx_i2c_driver.o

.debug_abbrev   0x0000000000000000      0x56e
 .debug_abbrev  0x0000000000000000      0x206 Src/013i2c_slave_tx_string2.o
 .debug_abbrev  0x0000000000000206       0x12 Startup/startup_stm32f401retx.o
 .debug_abbrev  0x0000000000000218      0x159 drivers/Src/stm32f401xx_gpio_driver.o
 .debug_abbrev  0x0000000000000371      0x1fd drivers/Src/stm32f401xx_i2c_driver.o

.debug_aranges  0x0000000000000000      0x1e8
 .debug_aranges
                0x0000000000000000       0x58 Src/013i2c_slave_tx_string2.o
 .debug_aranges
                0x0000000000000058       0x28 Startup/startup_stm32f401retx.o
 .debug_aranges
                0x0000000000000080       0x70 drivers/Src/stm32f401xx_gpio_driver.o
 .debug_aranges
                0x00000000000000f0       0xf8 drivers/Src/stm32f401xx_i2c_driver.o

.debug_ranges   0x0000000000000000      0x1b0
 .debug_ranges  0x0000000000000000       0x48 Src/013i2c_slave_tx_string2.o
 .debug_ranges  0x0000000000000048       0x20 Startup/startup_stm32f401retx.o
 .debug_ranges  0x0000000000000068       0x60 drivers/Src/stm32f401xx_gpio_driver.o
 .debug_ranges  0x00000000000000c8       0xe8 drivers/Src/stm32f401xx_i2c_driver.o

.debug_macro    0x0000000000000000     0x2521
 .debug_macro   0x0000000000000000      0x15a Src/013i2c_slave_tx_string2.o
 .debug_macro   0x000000000000015a      0xa60 Src/013i2c_slave_tx_string2.o
 .debug_macro   0x0000000000000bba       0x22 Src/013i2c_slave_tx_string2.o
 .debug_macro   0x0000000000000bdc       0x40 Src/013i2c_slave_tx_string2.o
 .debug_macro   0x0000000000000c1c       0x18 Src/013i2c_slave_tx_string2.o
 .debug_macro   0x0000000000000c34       0x94 Src/013i2c_slave_tx_string2.o
 .debug_macro   0x0000000000000cc8       0x3c Src/013i2c_slave_tx_string2.o
 .debug_macro   0x0000000000000d04       0x34 Src/013i2c_slave_tx_string2.o
 .debug_macro   0x0000000000000d38      0x174 Src/013i2c_slave_tx_string2.o
 .debug_macro   0x0000000000000eac       0x57 Src/013i2c_slave_tx_string2.o
 .debug_macro   0x0000000000000f03       0x52 Src/013i2c_slave_tx_string2.o
 .debug_macro   0x0000000000000f55       0x1f Src/013i2c_slave_tx_string2.o
 .debug_macro   0x0000000000000f74       0x43 Src/013i2c_slave_tx_string2.o
 .debug_macro   0x0000000000000fb7       0x20 Src/013i2c_slave_tx_string2.o
 .debug_macro   0x0000000000000fd7      0x1a3 Src/013i2c_slave_tx_string2.o
 .debug_macro   0x000000000000117a      0x330 Src/013i2c_slave_tx_string2.o
 .debug_macro   0x00000000000014aa       0x10 Src/013i2c_slave_tx_string2.o
 .debug_macro   0x00000000000014ba       0x35 Src/013i2c_slave_tx_string2.o
 .debug_macro   0x00000000000014ef       0x20 Src/013i2c_slave_tx_string2.o
 .debug_macro   0x000000000000150f       0xef Src/013i2c_slave_tx_string2.o
 .debug_macro   0x00000000000015fe       0x6a Src/013i2c_slave_tx_string2.o
 .debug_macro   0x0000000000001668      0x1df Src/013i2c_slave_tx_string2.o
 .debug_macro   0x0000000000001847      0x6ea Src/013i2c_slave_tx_string2.o
 .debug_macro   0x0000000000001f31      0x124 Src/013i2c_slave_tx_string2.o
 .debug_macro   0x0000000000002055       0xd6 Src/013i2c_slave_tx_string2.o
 .debug_macro   0x000000000000212b       0x8a drivers/Src/stm32f401xx_gpio_driver.o
 .debug_macro   0x00000000000021b5       0x8e drivers/Src/stm32f401xx_gpio_driver.o
 .debug_macro   0x0000000000002243       0x51 drivers/Src/stm32f401xx_gpio_driver.o
 .debug_macro   0x0000000000002294       0x93 drivers/Src/stm32f401xx_i2c_driver.o
 .debug_macro   0x0000000000002327       0xd0 drivers/Src/stm32f401xx_i2c_driver.o
 .debug_macro   0x00000000000023f7      0x12a drivers/Src/stm32f401xx_i2c_driver.o

.debug_line     0x0000000000000000     0x150e
 .debug_line    0x0000000000000000      0x656 Src/013i2c_slave_tx_string2.o
 .debug_line    0x0000000000000656       0x84 Startup/startup_stm32f401retx.o
 .debug_line    0x00000000000006da      0x5fb drivers/Src/stm32f401xx_gpio_driver.o
 .debug_line    0x0000000000000cd5      0x839 drivers/Src/stm32f401xx_i2c_driver.o

.debug_str      0x0000000000000000     0x972d
 .debug_str     0x0000000000000000     0x9145 Src/013i2c_slave_tx_string2.o
                                       0x93ab (size before relaxing)
 .debug_str     0x0000000000009145       0x31 Startup/startup_stm32f401retx.o
                                         0x7f (size before relaxing)
 .debug_str     0x0000000000009176      0x2a2 drivers/Src/stm32f401xx_gpio_driver.o
                                       0x61a8 (size before relaxing)
 .debug_str     0x0000000000009418      0x315 drivers/Src/stm32f401xx_i2c_driver.o
                                       0x6765 (size before relaxing)

.comment        0x0000000000000000       0x7b
 .comment       0x0000000000000000       0x7b Src/013i2c_slave_tx_string2.o
                                         0x7c (size before relaxing)
 .comment       0x000000000000007b       0x7c drivers/Src/stm32f401xx_gpio_driver.o
 .comment       0x000000000000007b       0x7c drivers/Src/stm32f401xx_i2c_driver.o

.debug_frame    0x0000000000000000      0x74c
 .debug_frame   0x0000000000000000      0x114 Src/013i2c_slave_tx_string2.o
 .debug_frame   0x0000000000000114      0x1c8 drivers/Src/stm32f401xx_gpio_driver.o
 .debug_frame   0x00000000000002dc      0x444 drivers/Src/stm32f401xx_i2c_driver.o
 .debug_frame   0x0000000000000720       0x2c c:/st/stm32cubeide_1.2.0/stm32cubeide/plugins/com.st.stm32cube.ide.mcu.externaltools.gnu-tools-for-stm32.7-2018-q2-update.win32_1.0.0.201904181610/tools/bin/../lib/gcc/arm-none-eabi/7.3.1/../../../../arm-none-eabi/lib/thumb/v7e-m/fpv4-sp/hard\libc_nano.a(lib_a-init.o)
