Archive member included to satisfy reference by file (symbol)

c:/st/stm32cubeide_1.2.0/stm32cubeide/plugins/com.st.stm32cube.ide.mcu.externaltools.gnu-tools-for-stm32.7-2018-q2-update.win32_1.0.0.201904181610/tools/bin/../lib/gcc/arm-none-eabi/7.3.1/../../../../arm-none-eabi/lib/thumb/v7e-m/fpv4-sp/hard\libc_nano.a(lib_a-exit.o)
                              c:/st/stm32cubeide_1.2.0/stm32cubeide/plugins/com.st.stm32cube.ide.mcu.externaltools.gnu-tools-for-stm32.7-2018-q2-update.win32_1.0.0.201904181610/tools/bin/../lib/gcc/arm-none-eabi/7.3.1/../../../../arm-none-eabi/lib/thumb/v7e-m/fpv4-sp/hard/crt0.o (exit)
c:/st/stm32cubeide_1.2.0/stm32cubeide/plugins/com.st.stm32cube.ide.mcu.externaltools.gnu-tools-for-stm32.7-2018-q2-update.win32_1.0.0.201904181610/tools/bin/../lib/gcc/arm-none-eabi/7.3.1/../../../../arm-none-eabi/lib/thumb/v7e-m/fpv4-sp/hard\libc_nano.a(lib_a-impure.o)
                              c:/st/stm32cubeide_1.2.0/stm32cubeide/plugins/com.st.stm32cube.ide.mcu.externaltools.gnu-tools-for-stm32.7-2018-q2-update.win32_1.0.0.201904181610/tools/bin/../lib/gcc/arm-none-eabi/7.3.1/../../../../arm-none-eabi/lib/thumb/v7e-m/fpv4-sp/hard\libc_nano.a(lib_a-exit.o) (_global_impure_ptr)
c:/st/stm32cubeide_1.2.0/stm32cubeide/plugins/com.st.stm32cube.ide.mcu.externaltools.gnu-tools-for-stm32.7-2018-q2-update.win32_1.0.0.201904181610/tools/bin/../lib/gcc/arm-none-eabi/7.3.1/../../../../arm-none-eabi/lib/thumb/v7e-m/fpv4-sp/hard\libc_nano.a(lib_a-init.o)
                              c:/st/stm32cubeide_1.2.0/stm32cubeide/plugins/com.st.stm32cube.ide.mcu.externaltools.gnu-tools-for-stm32.7-2018-q2-update.win32_1.0.0.201904181610/tools/bin/../lib/gcc/arm-none-eabi/7.3.1/../../../../arm-none-eabi/lib/thumb/v7e-m/fpv4-sp/hard/crt0.o (__libc_init_array)
c:/st/stm32cubeide_1.2.0/stm32cubeide/plugins/com.st.stm32cube.ide.mcu.externaltools.gnu-tools-for-stm32.7-2018-q2-update.win32_1.0.0.201904181610/tools/bin/../lib/gcc/arm-none-eabi/7.3.1/../../../../arm-none-eabi/lib/thumb/v7e-m/fpv4-sp/hard\libc_nano.a(lib_a-memset.o)
                              c:/st/stm32cubeide_1.2.0/stm32cubeide/plugins/com.st.stm32cube.ide.mcu.externaltools.gnu-tools-for-stm32.7-2018-q2-update.win32_1.0.0.201904181610/tools/bin/../lib/gcc/arm-none-eabi/7.3.1/../../../../arm-none-eabi/lib/thumb/v7e-m/fpv4-sp/hard/crt0.o (memset)
c:/st/stm32cubeide_1.2.0/stm32cubeide/plugins/com.st.stm32cube.ide.mcu.externaltools.gnu-tools-for-stm32.7-2018-q2-update.win32_1.0.0.201904181610/tools/bin/../lib/gcc/arm-none-eabi/7.3.1/../../../../arm-none-eabi/lib/thumb/v7e-m/fpv4-sp/hard\libc_nano.a(lib_a-strlen.o)
                              Src/0014uart_tx.o (strlen)
c:/st/stm32cubeide_1.2.0/stm32cubeide/plugins/com.st.stm32cube.ide.mcu.externaltools.gnu-tools-for-stm32.7-2018-q2-update.win32_1.0.0.201904181610/tools/bin/../lib/gcc/arm-none-eabi/7.3.1/../../../../arm-none-eabi/lib/thumb/v7e-m/fpv4-sp/hard\libnosys.a(_exit.o)
                              c:/st/stm32cubeide_1.2.0/stm32cubeide/plugins/com.st.stm32cube.ide.mcu.externaltools.gnu-tools-for-stm32.7-2018-q2-update.win32_1.0.0.201904181610/tools/bin/../lib/gcc/arm-none-eabi/7.3.1/../../../../arm-none-eabi/lib/thumb/v7e-m/fpv4-sp/hard\libc_nano.a(lib_a-exit.o) (_exit)

Allocating common symbols
Common symbol       size              file

rcv_buf             0x20              Src/0014uart_tx.o
usart2_handle       0x24              Src/0014uart_tx.o
rcv_print           0x20              Src/0014uart_tx.o

Discarded input sections

 .text          0x0000000000000000        0x0 c:/st/stm32cubeide_1.2.0/stm32cubeide/plugins/com.st.stm32cube.ide.mcu.externaltools.gnu-tools-for-stm32.7-2018-q2-update.win32_1.0.0.201904181610/tools/bin/../lib/gcc/arm-none-eabi/7.3.1/thumb/v7e-m/fpv4-sp/hard/crti.o
 .data          0x0000000000000000        0x0 c:/st/stm32cubeide_1.2.0/stm32cubeide/plugins/com.st.stm32cube.ide.mcu.externaltools.gnu-tools-for-stm32.7-2018-q2-update.win32_1.0.0.201904181610/tools/bin/../lib/gcc/arm-none-eabi/7.3.1/thumb/v7e-m/fpv4-sp/hard/crti.o
 .bss           0x0000000000000000        0x0 c:/st/stm32cubeide_1.2.0/stm32cubeide/plugins/com.st.stm32cube.ide.mcu.externaltools.gnu-tools-for-stm32.7-2018-q2-update.win32_1.0.0.201904181610/tools/bin/../lib/gcc/arm-none-eabi/7.3.1/thumb/v7e-m/fpv4-sp/hard/crti.o
 .data          0x0000000000000000        0x4 c:/st/stm32cubeide_1.2.0/stm32cubeide/plugins/com.st.stm32cube.ide.mcu.externaltools.gnu-tools-for-stm32.7-2018-q2-update.win32_1.0.0.201904181610/tools/bin/../lib/gcc/arm-none-eabi/7.3.1/thumb/v7e-m/fpv4-sp/hard/crtbegin.o
 .text          0x0000000000000000       0x74 c:/st/stm32cubeide_1.2.0/stm32cubeide/plugins/com.st.stm32cube.ide.mcu.externaltools.gnu-tools-for-stm32.7-2018-q2-update.win32_1.0.0.201904181610/tools/bin/../lib/gcc/arm-none-eabi/7.3.1/../../../../arm-none-eabi/lib/thumb/v7e-m/fpv4-sp/hard/crt0.o
 .data          0x0000000000000000        0x0 c:/st/stm32cubeide_1.2.0/stm32cubeide/plugins/com.st.stm32cube.ide.mcu.externaltools.gnu-tools-for-stm32.7-2018-q2-update.win32_1.0.0.201904181610/tools/bin/../lib/gcc/arm-none-eabi/7.3.1/../../../../arm-none-eabi/lib/thumb/v7e-m/fpv4-sp/hard/crt0.o
 .bss           0x0000000000000000        0x0 c:/st/stm32cubeide_1.2.0/stm32cubeide/plugins/com.st.stm32cube.ide.mcu.externaltools.gnu-tools-for-stm32.7-2018-q2-update.win32_1.0.0.201904181610/tools/bin/../lib/gcc/arm-none-eabi/7.3.1/../../../../arm-none-eabi/lib/thumb/v7e-m/fpv4-sp/hard/crt0.o
 .ARM.extab     0x0000000000000000        0x0 c:/st/stm32cubeide_1.2.0/stm32cubeide/plugins/com.st.stm32cube.ide.mcu.externaltools.gnu-tools-for-stm32.7-2018-q2-update.win32_1.0.0.201904181610/tools/bin/../lib/gcc/arm-none-eabi/7.3.1/../../../../arm-none-eabi/lib/thumb/v7e-m/fpv4-sp/hard/crt0.o
 .ARM.exidx     0x0000000000000000        0x8 c:/st/stm32cubeide_1.2.0/stm32cubeide/plugins/com.st.stm32cube.ide.mcu.externaltools.gnu-tools-for-stm32.7-2018-q2-update.win32_1.0.0.201904181610/tools/bin/../lib/gcc/arm-none-eabi/7.3.1/../../../../arm-none-eabi/lib/thumb/v7e-m/fpv4-sp/hard/crt0.o
 .ARM.attributes
                0x0000000000000000       0x20 c:/st/stm32cubeide_1.2.0/stm32cubeide/plugins/com.st.stm32cube.ide.mcu.externaltools.gnu-tools-for-stm32.7-2018-q2-update.win32_1.0.0.201904181610/tools/bin/../lib/gcc/arm-none-eabi/7.3.1/../../../../arm-none-eabi/lib/thumb/v7e-m/fpv4-sp/hard/crt0.o
 .group         0x0000000000000000        0xc Src/0014uart_tx.o
 .group         0x0000000000000000        0xc Src/0014uart_tx.o
 .group         0x0000000000000000        0xc Src/0014uart_tx.o
 .group         0x0000000000000000        0xc Src/0014uart_tx.o
 .group         0x0000000000000000        0xc Src/0014uart_tx.o
 .group         0x0000000000000000        0xc Src/0014uart_tx.o
 .group         0x0000000000000000        0xc Src/0014uart_tx.o
 .group         0x0000000000000000        0xc Src/0014uart_tx.o
 .group         0x0000000000000000        0xc Src/0014uart_tx.o
 .group         0x0000000000000000        0xc Src/0014uart_tx.o
 .group         0x0000000000000000        0xc Src/0014uart_tx.o
 .group         0x0000000000000000        0xc Src/0014uart_tx.o
 .group         0x0000000000000000        0xc Src/0014uart_tx.o
 .group         0x0000000000000000        0xc Src/0014uart_tx.o
 .group         0x0000000000000000        0xc Src/0014uart_tx.o
 .group         0x0000000000000000        0xc Src/0014uart_tx.o
 .group         0x0000000000000000        0xc Src/0014uart_tx.o
 .group         0x0000000000000000        0xc Src/0014uart_tx.o
 .group         0x0000000000000000        0xc Src/0014uart_tx.o
 .group         0x0000000000000000        0xc Src/0014uart_tx.o
 .group         0x0000000000000000        0xc Src/0014uart_tx.o
 .group         0x0000000000000000        0xc Src/0014uart_tx.o
 .group         0x0000000000000000        0xc Src/0014uart_tx.o
 .group         0x0000000000000000        0xc Src/0014uart_tx.o
 .group         0x0000000000000000        0xc Src/0014uart_tx.o
 .group         0x0000000000000000        0xc Src/0014uart_tx.o
 .group         0x0000000000000000        0xc Src/0014uart_tx.o
 .group         0x0000000000000000        0xc Src/0014uart_tx.o
 .group         0x0000000000000000        0xc Src/0014uart_tx.o
 .group         0x0000000000000000        0xc Src/0014uart_tx.o
 .group         0x0000000000000000        0xc Src/0014uart_tx.o
 .group         0x0000000000000000        0xc Src/0014uart_tx.o
 .group         0x0000000000000000        0xc Src/0014uart_tx.o
 .group         0x0000000000000000        0xc Src/0014uart_tx.o
 .group         0x0000000000000000        0xc Src/0014uart_tx.o
 .group         0x0000000000000000        0xc Src/0014uart_tx.o
 .group         0x0000000000000000        0xc Src/0014uart_tx.o
 .group         0x0000000000000000        0xc Src/0014uart_tx.o
 .group         0x0000000000000000        0xc Src/0014uart_tx.o
 .text          0x0000000000000000        0x0 Src/0014uart_tx.o
 .data          0x0000000000000000        0x0 Src/0014uart_tx.o
 .bss           0x0000000000000000        0x0 Src/0014uart_tx.o
 .text          0x0000000000000000       0x14 Startup/startup_stm32f401retx.o
 .data          0x0000000000000000        0x0 Startup/startup_stm32f401retx.o
 .bss           0x0000000000000000        0x0 Startup/startup_stm32f401retx.o
 .group         0x0000000000000000        0xc drivers/Src/stm32f401xx_gpio_driver.o
 .group         0x0000000000000000        0xc drivers/Src/stm32f401xx_gpio_driver.o
 .group         0x0000000000000000        0xc drivers/Src/stm32f401xx_gpio_driver.o
 .group         0x0000000000000000        0xc drivers/Src/stm32f401xx_gpio_driver.o
 .group         0x0000000000000000        0xc drivers/Src/stm32f401xx_gpio_driver.o
 .group         0x0000000000000000        0xc drivers/Src/stm32f401xx_gpio_driver.o
 .group         0x0000000000000000        0xc drivers/Src/stm32f401xx_gpio_driver.o
 .group         0x0000000000000000        0xc drivers/Src/stm32f401xx_gpio_driver.o
 .group         0x0000000000000000        0xc drivers/Src/stm32f401xx_gpio_driver.o
 .group         0x0000000000000000        0xc drivers/Src/stm32f401xx_gpio_driver.o
 .text          0x0000000000000000        0x0 drivers/Src/stm32f401xx_gpio_driver.o
 .data          0x0000000000000000        0x0 drivers/Src/stm32f401xx_gpio_driver.o
 .bss           0x0000000000000000        0x0 drivers/Src/stm32f401xx_gpio_driver.o
 .text.GPIO_DeInit
                0x0000000000000000       0xfc drivers/Src/stm32f401xx_gpio_driver.o
 .text.GPIO_ReadFromInputPort
                0x0000000000000000       0x1c drivers/Src/stm32f401xx_gpio_driver.o
 .text.GPIO_WriteToOutputPin
                0x0000000000000000       0x4a drivers/Src/stm32f401xx_gpio_driver.o
 .text.GPIO_WriteToOutputPort
                0x0000000000000000       0x1e drivers/Src/stm32f401xx_gpio_driver.o
 .text.GPIO_ToggleOutputPin
                0x0000000000000000       0x2a drivers/Src/stm32f401xx_gpio_driver.o
 .text.GPIO_IRQInterruptConfig
                0x0000000000000000      0x10c drivers/Src/stm32f401xx_gpio_driver.o
 .text.GPIO_IRQPriorityConfig
                0x0000000000000000       0x54 drivers/Src/stm32f401xx_gpio_driver.o
 .text.GPIO_IRQHandling
                0x0000000000000000       0x40 drivers/Src/stm32f401xx_gpio_driver.o
 .debug_macro   0x0000000000000000      0xa60 drivers/Src/stm32f401xx_gpio_driver.o
 .debug_macro   0x0000000000000000       0x22 drivers/Src/stm32f401xx_gpio_driver.o
 .debug_macro   0x0000000000000000       0xef drivers/Src/stm32f401xx_gpio_driver.o
 .debug_macro   0x0000000000000000       0x6a drivers/Src/stm32f401xx_gpio_driver.o
 .debug_macro   0x0000000000000000      0x1df drivers/Src/stm32f401xx_gpio_driver.o
 .debug_macro   0x0000000000000000      0x71b drivers/Src/stm32f401xx_gpio_driver.o
 .group         0x0000000000000000        0xc drivers/Src/stm32f401xx_i2c_driver.o
 .group         0x0000000000000000        0xc drivers/Src/stm32f401xx_i2c_driver.o
 .group         0x0000000000000000        0xc drivers/Src/stm32f401xx_i2c_driver.o
 .group         0x0000000000000000        0xc drivers/Src/stm32f401xx_i2c_driver.o
 .group         0x0000000000000000        0xc drivers/Src/stm32f401xx_i2c_driver.o
 .group         0x0000000000000000        0xc drivers/Src/stm32f401xx_i2c_driver.o
 .group         0x0000000000000000        0xc drivers/Src/stm32f401xx_i2c_driver.o
 .group         0x0000000000000000        0xc drivers/Src/stm32f401xx_i2c_driver.o
 .group         0x0000000000000000        0xc drivers/Src/stm32f401xx_i2c_driver.o
 .group         0x0000000000000000        0xc drivers/Src/stm32f401xx_i2c_driver.o
 .group         0x0000000000000000        0xc drivers/Src/stm32f401xx_i2c_driver.o
 .text          0x0000000000000000        0x0 drivers/Src/stm32f401xx_i2c_driver.o
 .data          0x0000000000000000        0x0 drivers/Src/stm32f401xx_i2c_driver.o
 .bss           0x0000000000000000        0x0 drivers/Src/stm32f401xx_i2c_driver.o
 .text.I2C_ManageAcking
                0x0000000000000000       0x38 drivers/Src/stm32f401xx_i2c_driver.o
 .text.I2C_GenerateStopCondition
                0x0000000000000000       0x20 drivers/Src/stm32f401xx_i2c_driver.o
 .text.teste    0x0000000000000000       0x3c drivers/Src/stm32f401xx_i2c_driver.o
 .text.I2C_PeriClockControl
                0x0000000000000000       0xb0 drivers/Src/stm32f401xx_i2c_driver.o
 .text.I2C_PeripheralControl
                0x0000000000000000       0x38 drivers/Src/stm32f401xx_i2c_driver.o
 .text.I2C_Init
                0x0000000000000000      0x184 drivers/Src/stm32f401xx_i2c_driver.o
 .text.I2C_DeInit
                0x0000000000000000       0x88 drivers/Src/stm32f401xx_i2c_driver.o
 .text.I2C_GetFlagStatus
                0x0000000000000000       0x28 drivers/Src/stm32f401xx_i2c_driver.o
 .text.I2C_MasterSendData
                0x0000000000000000       0xc6 drivers/Src/stm32f401xx_i2c_driver.o
 .text.I2C_MasterReceiveData
                0x0000000000000000      0x124 drivers/Src/stm32f401xx_i2c_driver.o
 .text.I2C_CloseReceiveData
                0x0000000000000000       0x5c drivers/Src/stm32f401xx_i2c_driver.o
 .text.I2C_CloseSendData
                0x0000000000000000       0x46 drivers/Src/stm32f401xx_i2c_driver.o
 .text.I2C_MasterSendDataIT
                0x0000000000000000       0x86 drivers/Src/stm32f401xx_i2c_driver.o
 .text.I2C_MasterReceiveDataIT
                0x0000000000000000       0x94 drivers/Src/stm32f401xx_i2c_driver.o
 .text.I2C_SlaveSendData
                0x0000000000000000       0x1e drivers/Src/stm32f401xx_i2c_driver.o
 .text.I2C_SlaveReceiveData
                0x0000000000000000       0x1a drivers/Src/stm32f401xx_i2c_driver.o
 .text.I2C_SlaveEnableDisableCallbackEvents
                0x0000000000000000       0x68 drivers/Src/stm32f401xx_i2c_driver.o
 .text.I2C_EV_IRQHandling
                0x0000000000000000      0x1bc drivers/Src/stm32f401xx_i2c_driver.o
 .text.I2C_ER_IRQHandling
                0x0000000000000000      0x110 drivers/Src/stm32f401xx_i2c_driver.o
 .text.I2C_IRQInterruptConfig
                0x0000000000000000      0x10c drivers/Src/stm32f401xx_i2c_driver.o
 .text.I2C_IRQPriorityConfig
                0x0000000000000000       0x54 drivers/Src/stm32f401xx_i2c_driver.o
 .text.I2C_GenerateStartCondition
                0x0000000000000000       0x20 drivers/Src/stm32f401xx_i2c_driver.o
 .text.I2C_ExecuteAddressPhaseWrite
                0x0000000000000000       0x2c drivers/Src/stm32f401xx_i2c_driver.o
 .text.I2C_ExecuteAddressPhaseRead
                0x0000000000000000       0x2c drivers/Src/stm32f401xx_i2c_driver.o
 .text.I2C_ClearADDRFlag
                0x0000000000000000       0x6e drivers/Src/stm32f401xx_i2c_driver.o
 .text.I2C_MasterHandleTXEInterrupt
                0x0000000000000000       0x3c drivers/Src/stm32f401xx_i2c_driver.o
 .text.I2C_MasterHandleRXNEInterrupt
                0x0000000000000000       0x98 drivers/Src/stm32f401xx_i2c_driver.o
 .debug_info    0x0000000000000000      0xb23 drivers/Src/stm32f401xx_i2c_driver.o
 .debug_abbrev  0x0000000000000000      0x1ea drivers/Src/stm32f401xx_i2c_driver.o
 .debug_aranges
                0x0000000000000000       0xf0 drivers/Src/stm32f401xx_i2c_driver.o
 .debug_ranges  0x0000000000000000       0xe0 drivers/Src/stm32f401xx_i2c_driver.o
 .debug_macro   0x0000000000000000       0x9d drivers/Src/stm32f401xx_i2c_driver.o
 .debug_macro   0x0000000000000000      0xa60 drivers/Src/stm32f401xx_i2c_driver.o
 .debug_macro   0x0000000000000000      0x174 drivers/Src/stm32f401xx_i2c_driver.o
 .debug_macro   0x0000000000000000       0x22 drivers/Src/stm32f401xx_i2c_driver.o
 .debug_macro   0x0000000000000000       0x8e drivers/Src/stm32f401xx_i2c_driver.o
 .debug_macro   0x0000000000000000       0x51 drivers/Src/stm32f401xx_i2c_driver.o
 .debug_macro   0x0000000000000000       0xef drivers/Src/stm32f401xx_i2c_driver.o
 .debug_macro   0x0000000000000000       0x6a drivers/Src/stm32f401xx_i2c_driver.o
 .debug_macro   0x0000000000000000      0x1df drivers/Src/stm32f401xx_i2c_driver.o
 .debug_macro   0x0000000000000000      0x71b drivers/Src/stm32f401xx_i2c_driver.o
 .debug_macro   0x0000000000000000       0xd0 drivers/Src/stm32f401xx_i2c_driver.o
 .debug_macro   0x0000000000000000      0x12a drivers/Src/stm32f401xx_i2c_driver.o
 .debug_line    0x0000000000000000      0x834 drivers/Src/stm32f401xx_i2c_driver.o
 .debug_str     0x0000000000000000     0x69b5 drivers/Src/stm32f401xx_i2c_driver.o
 .comment       0x0000000000000000       0x7c drivers/Src/stm32f401xx_i2c_driver.o
 .debug_frame   0x0000000000000000      0x41c drivers/Src/stm32f401xx_i2c_driver.o
 .ARM.attributes
                0x0000000000000000       0x39 drivers/Src/stm32f401xx_i2c_driver.o
 .group         0x0000000000000000        0xc drivers/Src/stm32f401xx_rcc_driver.o
 .group         0x0000000000000000        0xc drivers/Src/stm32f401xx_rcc_driver.o
 .group         0x0000000000000000        0xc drivers/Src/stm32f401xx_rcc_driver.o
 .group         0x0000000000000000        0xc drivers/Src/stm32f401xx_rcc_driver.o
 .group         0x0000000000000000        0xc drivers/Src/stm32f401xx_rcc_driver.o
 .group         0x0000000000000000        0xc drivers/Src/stm32f401xx_rcc_driver.o
 .group         0x0000000000000000        0xc drivers/Src/stm32f401xx_rcc_driver.o
 .group         0x0000000000000000        0xc drivers/Src/stm32f401xx_rcc_driver.o
 .group         0x0000000000000000        0xc drivers/Src/stm32f401xx_rcc_driver.o
 .text          0x0000000000000000        0x0 drivers/Src/stm32f401xx_rcc_driver.o
 .data          0x0000000000000000        0x0 drivers/Src/stm32f401xx_rcc_driver.o
 .bss           0x0000000000000000        0x0 drivers/Src/stm32f401xx_rcc_driver.o
 .debug_macro   0x0000000000000000      0xa60 drivers/Src/stm32f401xx_rcc_driver.o
 .debug_macro   0x0000000000000000      0x174 drivers/Src/stm32f401xx_rcc_driver.o
 .debug_macro   0x0000000000000000       0x22 drivers/Src/stm32f401xx_rcc_driver.o
 .debug_macro   0x0000000000000000       0x8e drivers/Src/stm32f401xx_rcc_driver.o
 .debug_macro   0x0000000000000000       0x51 drivers/Src/stm32f401xx_rcc_driver.o
 .debug_macro   0x0000000000000000       0xef drivers/Src/stm32f401xx_rcc_driver.o
 .debug_macro   0x0000000000000000       0x6a drivers/Src/stm32f401xx_rcc_driver.o
 .debug_macro   0x0000000000000000      0x1df drivers/Src/stm32f401xx_rcc_driver.o
 .debug_macro   0x0000000000000000      0x71b drivers/Src/stm32f401xx_rcc_driver.o
 .group         0x0000000000000000        0xc drivers/Src/stm32f401xx_spi_driver.o
 .group         0x0000000000000000        0xc drivers/Src/stm32f401xx_spi_driver.o
 .group         0x0000000000000000        0xc drivers/Src/stm32f401xx_spi_driver.o
 .group         0x0000000000000000        0xc drivers/Src/stm32f401xx_spi_driver.o
 .group         0x0000000000000000        0xc drivers/Src/stm32f401xx_spi_driver.o
 .group         0x0000000000000000        0xc drivers/Src/stm32f401xx_spi_driver.o
 .group         0x0000000000000000        0xc drivers/Src/stm32f401xx_spi_driver.o
 .group         0x0000000000000000        0xc drivers/Src/stm32f401xx_spi_driver.o
 .group         0x0000000000000000        0xc drivers/Src/stm32f401xx_spi_driver.o
 .group         0x0000000000000000        0xc drivers/Src/stm32f401xx_spi_driver.o
 .group         0x0000000000000000        0xc drivers/Src/stm32f401xx_spi_driver.o
 .text          0x0000000000000000        0x0 drivers/Src/stm32f401xx_spi_driver.o
 .data          0x0000000000000000        0x0 drivers/Src/stm32f401xx_spi_driver.o
 .bss           0x0000000000000000        0x0 drivers/Src/stm32f401xx_spi_driver.o
 .text.SPI_PeriClockControl
                0x0000000000000000       0xe0 drivers/Src/stm32f401xx_spi_driver.o
 .text.SPI_Init
                0x0000000000000000       0xae drivers/Src/stm32f401xx_spi_driver.o
 .text.SPI_DeInit
                0x0000000000000000       0xb0 drivers/Src/stm32f401xx_spi_driver.o
 .text.SPI_GetFlagStatus
                0x0000000000000000       0x28 drivers/Src/stm32f401xx_spi_driver.o
 .text.SPI_SendData
                0x0000000000000000       0x6c drivers/Src/stm32f401xx_spi_driver.o
 .text.SPI_ReceiveData
                0x0000000000000000       0x6c drivers/Src/stm32f401xx_spi_driver.o
 .text.SPI_SendDataIT
                0x0000000000000000       0x48 drivers/Src/stm32f401xx_spi_driver.o
 .text.SPI_ReceiveDataIT
                0x0000000000000000       0x48 drivers/Src/stm32f401xx_spi_driver.o
 .text.SPI_IRQInterruptConfig
                0x0000000000000000      0x10c drivers/Src/stm32f401xx_spi_driver.o
 .text.SPI_IRQPriorityConfig
                0x0000000000000000       0x54 drivers/Src/stm32f401xx_spi_driver.o
 .text.SPI_IRQHandling
                0x0000000000000000       0x9a drivers/Src/stm32f401xx_spi_driver.o
 .text.SPI_PeripheralControl
                0x0000000000000000       0x38 drivers/Src/stm32f401xx_spi_driver.o
 .text.SPI_SSIConfig
                0x0000000000000000       0x38 drivers/Src/stm32f401xx_spi_driver.o
 .text.SPI_SSOEConfig
                0x0000000000000000       0x38 drivers/Src/stm32f401xx_spi_driver.o
 .text.SPI_CloseTransmission
                0x0000000000000000       0x36 drivers/Src/stm32f401xx_spi_driver.o
 .text.SPI_CloseReception
                0x0000000000000000       0x36 drivers/Src/stm32f401xx_spi_driver.o
 .text.SPI_ClearOVRFlag
                0x0000000000000000       0x20 drivers/Src/stm32f401xx_spi_driver.o
 .text.SPI_ApplicationEventCallback
                0x0000000000000000       0x18 drivers/Src/stm32f401xx_spi_driver.o
 .text.spi_txe_interrupt_handle
                0x0000000000000000       0x80 drivers/Src/stm32f401xx_spi_driver.o
 .text.spi_rxne_interrupt_handle
                0x0000000000000000       0x84 drivers/Src/stm32f401xx_spi_driver.o
 .text.spi_ovr_err_interrupt_handle
                0x0000000000000000       0x30 drivers/Src/stm32f401xx_spi_driver.o
 .debug_info    0x0000000000000000      0x83e drivers/Src/stm32f401xx_spi_driver.o
 .debug_abbrev  0x0000000000000000      0x1a2 drivers/Src/stm32f401xx_spi_driver.o
 .debug_aranges
                0x0000000000000000       0xc0 drivers/Src/stm32f401xx_spi_driver.o
 .debug_ranges  0x0000000000000000       0xb0 drivers/Src/stm32f401xx_spi_driver.o
 .debug_macro   0x0000000000000000       0x93 drivers/Src/stm32f401xx_spi_driver.o
 .debug_macro   0x0000000000000000      0xa60 drivers/Src/stm32f401xx_spi_driver.o
 .debug_macro   0x0000000000000000      0x174 drivers/Src/stm32f401xx_spi_driver.o
 .debug_macro   0x0000000000000000       0x22 drivers/Src/stm32f401xx_spi_driver.o
 .debug_macro   0x0000000000000000       0x8e drivers/Src/stm32f401xx_spi_driver.o
 .debug_macro   0x0000000000000000       0x51 drivers/Src/stm32f401xx_spi_driver.o
 .debug_macro   0x0000000000000000       0xef drivers/Src/stm32f401xx_spi_driver.o
 .debug_macro   0x0000000000000000       0x6a drivers/Src/stm32f401xx_spi_driver.o
 .debug_macro   0x0000000000000000      0x1df drivers/Src/stm32f401xx_spi_driver.o
 .debug_macro   0x0000000000000000      0x71b drivers/Src/stm32f401xx_spi_driver.o
 .debug_macro   0x0000000000000000       0xbe drivers/Src/stm32f401xx_spi_driver.o
 .debug_macro   0x0000000000000000      0x12a drivers/Src/stm32f401xx_spi_driver.o
 .debug_line    0x0000000000000000      0x6a9 drivers/Src/stm32f401xx_spi_driver.o
 .debug_str     0x0000000000000000     0x676c drivers/Src/stm32f401xx_spi_driver.o
 .comment       0x0000000000000000       0x7c drivers/Src/stm32f401xx_spi_driver.o
 .debug_frame   0x0000000000000000      0x340 drivers/Src/stm32f401xx_spi_driver.o
 .ARM.attributes
                0x0000000000000000       0x39 drivers/Src/stm32f401xx_spi_driver.o
 .group         0x0000000000000000        0xc drivers/Src/stm32f401xx_usart_driver.o
 .group         0x0000000000000000        0xc drivers/Src/stm32f401xx_usart_driver.o
 .group         0x0000000000000000        0xc drivers/Src/stm32f401xx_usart_driver.o
 .group         0x0000000000000000        0xc drivers/Src/stm32f401xx_usart_driver.o
 .group         0x0000000000000000        0xc drivers/Src/stm32f401xx_usart_driver.o
 .group         0x0000000000000000        0xc drivers/Src/stm32f401xx_usart_driver.o
 .group         0x0000000000000000        0xc drivers/Src/stm32f401xx_usart_driver.o
 .group         0x0000000000000000        0xc drivers/Src/stm32f401xx_usart_driver.o
 .group         0x0000000000000000        0xc drivers/Src/stm32f401xx_usart_driver.o
 .group         0x0000000000000000        0xc drivers/Src/stm32f401xx_usart_driver.o
 .group         0x0000000000000000        0xc drivers/Src/stm32f401xx_usart_driver.o
 .text          0x0000000000000000        0x0 drivers/Src/stm32f401xx_usart_driver.o
 .data          0x0000000000000000        0x0 drivers/Src/stm32f401xx_usart_driver.o
 .bss           0x0000000000000000        0x0 drivers/Src/stm32f401xx_usart_driver.o
 .text.USART_DeInit
                0x0000000000000000       0x88 drivers/Src/stm32f401xx_usart_driver.o
 .text.USART_SendDataIT
                0x0000000000000000       0x5c drivers/Src/stm32f401xx_usart_driver.o
 .text.USART_ReceiveDataIT
                0x0000000000000000       0x52 drivers/Src/stm32f401xx_usart_driver.o
 .text.USART_ClearFlag
                0x0000000000000000       0x26 drivers/Src/stm32f401xx_usart_driver.o
 .text.USART_IRQInterruptConfig
                0x0000000000000000      0x10c drivers/Src/stm32f401xx_usart_driver.o
 .text.USART_IRQPriorityConfig
                0x0000000000000000       0x54 drivers/Src/stm32f401xx_usart_driver.o
 .debug_macro   0x0000000000000000      0xa60 drivers/Src/stm32f401xx_usart_driver.o
 .debug_macro   0x0000000000000000      0x174 drivers/Src/stm32f401xx_usart_driver.o
 .debug_macro   0x0000000000000000       0x22 drivers/Src/stm32f401xx_usart_driver.o
 .debug_macro   0x0000000000000000       0x8e drivers/Src/stm32f401xx_usart_driver.o
 .debug_macro   0x0000000000000000       0x51 drivers/Src/stm32f401xx_usart_driver.o
 .debug_macro   0x0000000000000000       0xef drivers/Src/stm32f401xx_usart_driver.o
 .debug_macro   0x0000000000000000       0x6a drivers/Src/stm32f401xx_usart_driver.o
 .debug_macro   0x0000000000000000      0x1df drivers/Src/stm32f401xx_usart_driver.o
 .debug_macro   0x0000000000000000      0x71b drivers/Src/stm32f401xx_usart_driver.o
 .text          0x0000000000000000        0x0 c:/st/stm32cubeide_1.2.0/stm32cubeide/plugins/com.st.stm32cube.ide.mcu.externaltools.gnu-tools-for-stm32.7-2018-q2-update.win32_1.0.0.201904181610/tools/bin/../lib/gcc/arm-none-eabi/7.3.1/../../../../arm-none-eabi/lib/thumb/v7e-m/fpv4-sp/hard\libc_nano.a(lib_a-exit.o)
 .data          0x0000000000000000        0x0 c:/st/stm32cubeide_1.2.0/stm32cubeide/plugins/com.st.stm32cube.ide.mcu.externaltools.gnu-tools-for-stm32.7-2018-q2-update.win32_1.0.0.201904181610/tools/bin/../lib/gcc/arm-none-eabi/7.3.1/../../../../arm-none-eabi/lib/thumb/v7e-m/fpv4-sp/hard\libc_nano.a(lib_a-exit.o)
 .bss           0x0000000000000000        0x0 c:/st/stm32cubeide_1.2.0/stm32cubeide/plugins/com.st.stm32cube.ide.mcu.externaltools.gnu-tools-for-stm32.7-2018-q2-update.win32_1.0.0.201904181610/tools/bin/../lib/gcc/arm-none-eabi/7.3.1/../../../../arm-none-eabi/lib/thumb/v7e-m/fpv4-sp/hard\libc_nano.a(lib_a-exit.o)
 .text.exit     0x0000000000000000       0x28 c:/st/stm32cubeide_1.2.0/stm32cubeide/plugins/com.st.stm32cube.ide.mcu.externaltools.gnu-tools-for-stm32.7-2018-q2-update.win32_1.0.0.201904181610/tools/bin/../lib/gcc/arm-none-eabi/7.3.1/../../../../arm-none-eabi/lib/thumb/v7e-m/fpv4-sp/hard\libc_nano.a(lib_a-exit.o)
 .debug_frame   0x0000000000000000       0x28 c:/st/stm32cubeide_1.2.0/stm32cubeide/plugins/com.st.stm32cube.ide.mcu.externaltools.gnu-tools-for-stm32.7-2018-q2-update.win32_1.0.0.201904181610/tools/bin/../lib/gcc/arm-none-eabi/7.3.1/../../../../arm-none-eabi/lib/thumb/v7e-m/fpv4-sp/hard\libc_nano.a(lib_a-exit.o)
 .ARM.attributes
                0x0000000000000000       0x34 c:/st/stm32cubeide_1.2.0/stm32cubeide/plugins/com.st.stm32cube.ide.mcu.externaltools.gnu-tools-for-stm32.7-2018-q2-update.win32_1.0.0.201904181610/tools/bin/../lib/gcc/arm-none-eabi/7.3.1/../../../../arm-none-eabi/lib/thumb/v7e-m/fpv4-sp/hard\libc_nano.a(lib_a-exit.o)
 .text          0x0000000000000000        0x0 c:/st/stm32cubeide_1.2.0/stm32cubeide/plugins/com.st.stm32cube.ide.mcu.externaltools.gnu-tools-for-stm32.7-2018-q2-update.win32_1.0.0.201904181610/tools/bin/../lib/gcc/arm-none-eabi/7.3.1/../../../../arm-none-eabi/lib/thumb/v7e-m/fpv4-sp/hard\libc_nano.a(lib_a-impure.o)
 .data          0x0000000000000000        0x0 c:/st/stm32cubeide_1.2.0/stm32cubeide/plugins/com.st.stm32cube.ide.mcu.externaltools.gnu-tools-for-stm32.7-2018-q2-update.win32_1.0.0.201904181610/tools/bin/../lib/gcc/arm-none-eabi/7.3.1/../../../../arm-none-eabi/lib/thumb/v7e-m/fpv4-sp/hard\libc_nano.a(lib_a-impure.o)
 .bss           0x0000000000000000        0x0 c:/st/stm32cubeide_1.2.0/stm32cubeide/plugins/com.st.stm32cube.ide.mcu.externaltools.gnu-tools-for-stm32.7-2018-q2-update.win32_1.0.0.201904181610/tools/bin/../lib/gcc/arm-none-eabi/7.3.1/../../../../arm-none-eabi/lib/thumb/v7e-m/fpv4-sp/hard\libc_nano.a(lib_a-impure.o)
 .data._impure_ptr
                0x0000000000000000        0x4 c:/st/stm32cubeide_1.2.0/stm32cubeide/plugins/com.st.stm32cube.ide.mcu.externaltools.gnu-tools-for-stm32.7-2018-q2-update.win32_1.0.0.201904181610/tools/bin/../lib/gcc/arm-none-eabi/7.3.1/../../../../arm-none-eabi/lib/thumb/v7e-m/fpv4-sp/hard\libc_nano.a(lib_a-impure.o)
 .data.impure_data
                0x0000000000000000       0x60 c:/st/stm32cubeide_1.2.0/stm32cubeide/plugins/com.st.stm32cube.ide.mcu.externaltools.gnu-tools-for-stm32.7-2018-q2-update.win32_1.0.0.201904181610/tools/bin/../lib/gcc/arm-none-eabi/7.3.1/../../../../arm-none-eabi/lib/thumb/v7e-m/fpv4-sp/hard\libc_nano.a(lib_a-impure.o)
 .rodata._global_impure_ptr
                0x0000000000000000        0x4 c:/st/stm32cubeide_1.2.0/stm32cubeide/plugins/com.st.stm32cube.ide.mcu.externaltools.gnu-tools-for-stm32.7-2018-q2-update.win32_1.0.0.201904181610/tools/bin/../lib/gcc/arm-none-eabi/7.3.1/../../../../arm-none-eabi/lib/thumb/v7e-m/fpv4-sp/hard\libc_nano.a(lib_a-impure.o)
 .ARM.attributes
                0x0000000000000000       0x34 c:/st/stm32cubeide_1.2.0/stm32cubeide/plugins/com.st.stm32cube.ide.mcu.externaltools.gnu-tools-for-stm32.7-2018-q2-update.win32_1.0.0.201904181610/tools/bin/../lib/gcc/arm-none-eabi/7.3.1/../../../../arm-none-eabi/lib/thumb/v7e-m/fpv4-sp/hard\libc_nano.a(lib_a-impure.o)
 .text          0x0000000000000000        0x0 c:/st/stm32cubeide_1.2.0/stm32cubeide/plugins/com.st.stm32cube.ide.mcu.externaltools.gnu-tools-for-stm32.7-2018-q2-update.win32_1.0.0.201904181610/tools/bin/../lib/gcc/arm-none-eabi/7.3.1/../../../../arm-none-eabi/lib/thumb/v7e-m/fpv4-sp/hard\libc_nano.a(lib_a-init.o)
 .data          0x0000000000000000        0x0 c:/st/stm32cubeide_1.2.0/stm32cubeide/plugins/com.st.stm32cube.ide.mcu.externaltools.gnu-tools-for-stm32.7-2018-q2-update.win32_1.0.0.201904181610/tools/bin/../lib/gcc/arm-none-eabi/7.3.1/../../../../arm-none-eabi/lib/thumb/v7e-m/fpv4-sp/hard\libc_nano.a(lib_a-init.o)
 .bss           0x0000000000000000        0x0 c:/st/stm32cubeide_1.2.0/stm32cubeide/plugins/com.st.stm32cube.ide.mcu.externaltools.gnu-tools-for-stm32.7-2018-q2-update.win32_1.0.0.201904181610/tools/bin/../lib/gcc/arm-none-eabi/7.3.1/../../../../arm-none-eabi/lib/thumb/v7e-m/fpv4-sp/hard\libc_nano.a(lib_a-init.o)
 .text          0x0000000000000000        0x0 c:/st/stm32cubeide_1.2.0/stm32cubeide/plugins/com.st.stm32cube.ide.mcu.externaltools.gnu-tools-for-stm32.7-2018-q2-update.win32_1.0.0.201904181610/tools/bin/../lib/gcc/arm-none-eabi/7.3.1/../../../../arm-none-eabi/lib/thumb/v7e-m/fpv4-sp/hard\libc_nano.a(lib_a-memset.o)
 .data          0x0000000000000000        0x0 c:/st/stm32cubeide_1.2.0/stm32cubeide/plugins/com.st.stm32cube.ide.mcu.externaltools.gnu-tools-for-stm32.7-2018-q2-update.win32_1.0.0.201904181610/tools/bin/../lib/gcc/arm-none-eabi/7.3.1/../../../../arm-none-eabi/lib/thumb/v7e-m/fpv4-sp/hard\libc_nano.a(lib_a-memset.o)
 .bss           0x0000000000000000        0x0 c:/st/stm32cubeide_1.2.0/stm32cubeide/plugins/com.st.stm32cube.ide.mcu.externaltools.gnu-tools-for-stm32.7-2018-q2-update.win32_1.0.0.201904181610/tools/bin/../lib/gcc/arm-none-eabi/7.3.1/../../../../arm-none-eabi/lib/thumb/v7e-m/fpv4-sp/hard\libc_nano.a(lib_a-memset.o)
 .text.memset   0x0000000000000000       0x10 c:/st/stm32cubeide_1.2.0/stm32cubeide/plugins/com.st.stm32cube.ide.mcu.externaltools.gnu-tools-for-stm32.7-2018-q2-update.win32_1.0.0.201904181610/tools/bin/../lib/gcc/arm-none-eabi/7.3.1/../../../../arm-none-eabi/lib/thumb/v7e-m/fpv4-sp/hard\libc_nano.a(lib_a-memset.o)
 .debug_frame   0x0000000000000000       0x20 c:/st/stm32cubeide_1.2.0/stm32cubeide/plugins/com.st.stm32cube.ide.mcu.externaltools.gnu-tools-for-stm32.7-2018-q2-update.win32_1.0.0.201904181610/tools/bin/../lib/gcc/arm-none-eabi/7.3.1/../../../../arm-none-eabi/lib/thumb/v7e-m/fpv4-sp/hard\libc_nano.a(lib_a-memset.o)
 .ARM.attributes
                0x0000000000000000       0x34 c:/st/stm32cubeide_1.2.0/stm32cubeide/plugins/com.st.stm32cube.ide.mcu.externaltools.gnu-tools-for-stm32.7-2018-q2-update.win32_1.0.0.201904181610/tools/bin/../lib/gcc/arm-none-eabi/7.3.1/../../../../arm-none-eabi/lib/thumb/v7e-m/fpv4-sp/hard\libc_nano.a(lib_a-memset.o)
 .data          0x0000000000000000        0x0 c:/st/stm32cubeide_1.2.0/stm32cubeide/plugins/com.st.stm32cube.ide.mcu.externaltools.gnu-tools-for-stm32.7-2018-q2-update.win32_1.0.0.201904181610/tools/bin/../lib/gcc/arm-none-eabi/7.3.1/../../../../arm-none-eabi/lib/thumb/v7e-m/fpv4-sp/hard\libc_nano.a(lib_a-strlen.o)
 .bss           0x0000000000000000        0x0 c:/st/stm32cubeide_1.2.0/stm32cubeide/plugins/com.st.stm32cube.ide.mcu.externaltools.gnu-tools-for-stm32.7-2018-q2-update.win32_1.0.0.201904181610/tools/bin/../lib/gcc/arm-none-eabi/7.3.1/../../../../arm-none-eabi/lib/thumb/v7e-m/fpv4-sp/hard\libc_nano.a(lib_a-strlen.o)
 .text          0x0000000000000000        0x0 c:/st/stm32cubeide_1.2.0/stm32cubeide/plugins/com.st.stm32cube.ide.mcu.externaltools.gnu-tools-for-stm32.7-2018-q2-update.win32_1.0.0.201904181610/tools/bin/../lib/gcc/arm-none-eabi/7.3.1/../../../../arm-none-eabi/lib/thumb/v7e-m/fpv4-sp/hard\libnosys.a(_exit.o)
 .data          0x0000000000000000        0x0 c:/st/stm32cubeide_1.2.0/stm32cubeide/plugins/com.st.stm32cube.ide.mcu.externaltools.gnu-tools-for-stm32.7-2018-q2-update.win32_1.0.0.201904181610/tools/bin/../lib/gcc/arm-none-eabi/7.3.1/../../../../arm-none-eabi/lib/thumb/v7e-m/fpv4-sp/hard\libnosys.a(_exit.o)
 .bss           0x0000000000000000        0x0 c:/st/stm32cubeide_1.2.0/stm32cubeide/plugins/com.st.stm32cube.ide.mcu.externaltools.gnu-tools-for-stm32.7-2018-q2-update.win32_1.0.0.201904181610/tools/bin/../lib/gcc/arm-none-eabi/7.3.1/../../../../arm-none-eabi/lib/thumb/v7e-m/fpv4-sp/hard\libnosys.a(_exit.o)
 .text._exit    0x0000000000000000        0x2 c:/st/stm32cubeide_1.2.0/stm32cubeide/plugins/com.st.stm32cube.ide.mcu.externaltools.gnu-tools-for-stm32.7-2018-q2-update.win32_1.0.0.201904181610/tools/bin/../lib/gcc/arm-none-eabi/7.3.1/../../../../arm-none-eabi/lib/thumb/v7e-m/fpv4-sp/hard\libnosys.a(_exit.o)
 .debug_frame   0x0000000000000000       0x20 c:/st/stm32cubeide_1.2.0/stm32cubeide/plugins/com.st.stm32cube.ide.mcu.externaltools.gnu-tools-for-stm32.7-2018-q2-update.win32_1.0.0.201904181610/tools/bin/../lib/gcc/arm-none-eabi/7.3.1/../../../../arm-none-eabi/lib/thumb/v7e-m/fpv4-sp/hard\libnosys.a(_exit.o)
 .ARM.attributes
                0x0000000000000000       0x34 c:/st/stm32cubeide_1.2.0/stm32cubeide/plugins/com.st.stm32cube.ide.mcu.externaltools.gnu-tools-for-stm32.7-2018-q2-update.win32_1.0.0.201904181610/tools/bin/../lib/gcc/arm-none-eabi/7.3.1/../../../../arm-none-eabi/lib/thumb/v7e-m/fpv4-sp/hard\libnosys.a(_exit.o)
 .text          0x0000000000000000        0x0 c:/st/stm32cubeide_1.2.0/stm32cubeide/plugins/com.st.stm32cube.ide.mcu.externaltools.gnu-tools-for-stm32.7-2018-q2-update.win32_1.0.0.201904181610/tools/bin/../lib/gcc/arm-none-eabi/7.3.1/thumb/v7e-m/fpv4-sp/hard/crtend.o
 .data          0x0000000000000000        0x0 c:/st/stm32cubeide_1.2.0/stm32cubeide/plugins/com.st.stm32cube.ide.mcu.externaltools.gnu-tools-for-stm32.7-2018-q2-update.win32_1.0.0.201904181610/tools/bin/../lib/gcc/arm-none-eabi/7.3.1/thumb/v7e-m/fpv4-sp/hard/crtend.o
 .bss           0x0000000000000000        0x0 c:/st/stm32cubeide_1.2.0/stm32cubeide/plugins/com.st.stm32cube.ide.mcu.externaltools.gnu-tools-for-stm32.7-2018-q2-update.win32_1.0.0.201904181610/tools/bin/../lib/gcc/arm-none-eabi/7.3.1/thumb/v7e-m/fpv4-sp/hard/crtend.o
 .eh_frame      0x0000000000000000        0x4 c:/st/stm32cubeide_1.2.0/stm32cubeide/plugins/com.st.stm32cube.ide.mcu.externaltools.gnu-tools-for-stm32.7-2018-q2-update.win32_1.0.0.201904181610/tools/bin/../lib/gcc/arm-none-eabi/7.3.1/thumb/v7e-m/fpv4-sp/hard/crtend.o
 .ARM.attributes
                0x0000000000000000       0x34 c:/st/stm32cubeide_1.2.0/stm32cubeide/plugins/com.st.stm32cube.ide.mcu.externaltools.gnu-tools-for-stm32.7-2018-q2-update.win32_1.0.0.201904181610/tools/bin/../lib/gcc/arm-none-eabi/7.3.1/thumb/v7e-m/fpv4-sp/hard/crtend.o
 .text          0x0000000000000000        0x0 c:/st/stm32cubeide_1.2.0/stm32cubeide/plugins/com.st.stm32cube.ide.mcu.externaltools.gnu-tools-for-stm32.7-2018-q2-update.win32_1.0.0.201904181610/tools/bin/../lib/gcc/arm-none-eabi/7.3.1/thumb/v7e-m/fpv4-sp/hard/crtn.o
 .data          0x0000000000000000        0x0 c:/st/stm32cubeide_1.2.0/stm32cubeide/plugins/com.st.stm32cube.ide.mcu.externaltools.gnu-tools-for-stm32.7-2018-q2-update.win32_1.0.0.201904181610/tools/bin/../lib/gcc/arm-none-eabi/7.3.1/thumb/v7e-m/fpv4-sp/hard/crtn.o
 .bss           0x0000000000000000        0x0 c:/st/stm32cubeide_1.2.0/stm32cubeide/plugins/com.st.stm32cube.ide.mcu.externaltools.gnu-tools-for-stm32.7-2018-q2-update.win32_1.0.0.201904181610/tools/bin/../lib/gcc/arm-none-eabi/7.3.1/thumb/v7e-m/fpv4-sp/hard/crtn.o

Memory Configuration

Name             Origin             Length             Attributes
RAM              0x0000000020000000 0x0000000000018000 xrw
ROM              0x0000000008000000 0x0000000000080000 xr
*default*        0x0000000000000000 0xffffffffffffffff

Linker script and memory map

LOAD c:/st/stm32cubeide_1.2.0/stm32cubeide/plugins/com.st.stm32cube.ide.mcu.externaltools.gnu-tools-for-stm32.7-2018-q2-update.win32_1.0.0.201904181610/tools/bin/../lib/gcc/arm-none-eabi/7.3.1/thumb/v7e-m/fpv4-sp/hard/crti.o
LOAD c:/st/stm32cubeide_1.2.0/stm32cubeide/plugins/com.st.stm32cube.ide.mcu.externaltools.gnu-tools-for-stm32.7-2018-q2-update.win32_1.0.0.201904181610/tools/bin/../lib/gcc/arm-none-eabi/7.3.1/thumb/v7e-m/fpv4-sp/hard/crtbegin.o
LOAD c:/st/stm32cubeide_1.2.0/stm32cubeide/plugins/com.st.stm32cube.ide.mcu.externaltools.gnu-tools-for-stm32.7-2018-q2-update.win32_1.0.0.201904181610/tools/bin/../lib/gcc/arm-none-eabi/7.3.1/../../../../arm-none-eabi/lib/thumb/v7e-m/fpv4-sp/hard/crt0.o
LOAD Src/0014uart_tx.o
LOAD Startup/startup_stm32f401retx.o
LOAD drivers/Src/stm32f401xx_gpio_driver.o
LOAD drivers/Src/stm32f401xx_i2c_driver.o
LOAD drivers/Src/stm32f401xx_rcc_driver.o
LOAD drivers/Src/stm32f401xx_spi_driver.o
LOAD drivers/Src/stm32f401xx_usart_driver.o
START GROUP
LOAD c:/st/stm32cubeide_1.2.0/stm32cubeide/plugins/com.st.stm32cube.ide.mcu.externaltools.gnu-tools-for-stm32.7-2018-q2-update.win32_1.0.0.201904181610/tools/bin/../lib/gcc/arm-none-eabi/7.3.1/../../../../arm-none-eabi/lib/thumb/v7e-m/fpv4-sp/hard\libc_nano.a
LOAD c:/st/stm32cubeide_1.2.0/stm32cubeide/plugins/com.st.stm32cube.ide.mcu.externaltools.gnu-tools-for-stm32.7-2018-q2-update.win32_1.0.0.201904181610/tools/bin/../lib/gcc/arm-none-eabi/7.3.1/../../../../arm-none-eabi/lib/thumb/v7e-m/fpv4-sp/hard\libm.a
END GROUP
START GROUP
LOAD c:/st/stm32cubeide_1.2.0/stm32cubeide/plugins/com.st.stm32cube.ide.mcu.externaltools.gnu-tools-for-stm32.7-2018-q2-update.win32_1.0.0.201904181610/tools/bin/../lib/gcc/arm-none-eabi/7.3.1/thumb/v7e-m/fpv4-sp/hard\libgcc.a
LOAD c:/st/stm32cubeide_1.2.0/stm32cubeide/plugins/com.st.stm32cube.ide.mcu.externaltools.gnu-tools-for-stm32.7-2018-q2-update.win32_1.0.0.201904181610/tools/bin/../lib/gcc/arm-none-eabi/7.3.1/../../../../arm-none-eabi/lib/thumb/v7e-m/fpv4-sp/hard\libc_nano.a
END GROUP
START GROUP
LOAD c:/st/stm32cubeide_1.2.0/stm32cubeide/plugins/com.st.stm32cube.ide.mcu.externaltools.gnu-tools-for-stm32.7-2018-q2-update.win32_1.0.0.201904181610/tools/bin/../lib/gcc/arm-none-eabi/7.3.1/thumb/v7e-m/fpv4-sp/hard\libgcc.a
LOAD c:/st/stm32cubeide_1.2.0/stm32cubeide/plugins/com.st.stm32cube.ide.mcu.externaltools.gnu-tools-for-stm32.7-2018-q2-update.win32_1.0.0.201904181610/tools/bin/../lib/gcc/arm-none-eabi/7.3.1/../../../../arm-none-eabi/lib/thumb/v7e-m/fpv4-sp/hard\libc_nano.a
LOAD c:/st/stm32cubeide_1.2.0/stm32cubeide/plugins/com.st.stm32cube.ide.mcu.externaltools.gnu-tools-for-stm32.7-2018-q2-update.win32_1.0.0.201904181610/tools/bin/../lib/gcc/arm-none-eabi/7.3.1/../../../../arm-none-eabi/lib/thumb/v7e-m/fpv4-sp/hard\libnosys.a
END GROUP
START GROUP
LOAD c:/st/stm32cubeide_1.2.0/stm32cubeide/plugins/com.st.stm32cube.ide.mcu.externaltools.gnu-tools-for-stm32.7-2018-q2-update.win32_1.0.0.201904181610/tools/bin/../lib/gcc/arm-none-eabi/7.3.1/thumb/v7e-m/fpv4-sp/hard\libgcc.a
LOAD c:/st/stm32cubeide_1.2.0/stm32cubeide/plugins/com.st.stm32cube.ide.mcu.externaltools.gnu-tools-for-stm32.7-2018-q2-update.win32_1.0.0.201904181610/tools/bin/../lib/gcc/arm-none-eabi/7.3.1/../../../../arm-none-eabi/lib/thumb/v7e-m/fpv4-sp/hard\libc_nano.a
LOAD c:/st/stm32cubeide_1.2.0/stm32cubeide/plugins/com.st.stm32cube.ide.mcu.externaltools.gnu-tools-for-stm32.7-2018-q2-update.win32_1.0.0.201904181610/tools/bin/../lib/gcc/arm-none-eabi/7.3.1/../../../../arm-none-eabi/lib/thumb/v7e-m/fpv4-sp/hard\libnosys.a
END GROUP
LOAD c:/st/stm32cubeide_1.2.0/stm32cubeide/plugins/com.st.stm32cube.ide.mcu.externaltools.gnu-tools-for-stm32.7-2018-q2-update.win32_1.0.0.201904181610/tools/bin/../lib/gcc/arm-none-eabi/7.3.1/thumb/v7e-m/fpv4-sp/hard/crtend.o
LOAD c:/st/stm32cubeide_1.2.0/stm32cubeide/plugins/com.st.stm32cube.ide.mcu.externaltools.gnu-tools-for-stm32.7-2018-q2-update.win32_1.0.0.201904181610/tools/bin/../lib/gcc/arm-none-eabi/7.3.1/thumb/v7e-m/fpv4-sp/hard/crtn.o
                0x0000000020018000                _estack = (ORIGIN (RAM) + LENGTH (RAM))
                0x0000000000000200                _Min_Heap_Size = 0x200
                0x0000000000000400                _Min_Stack_Size = 0x400

.isr_vector     0x0000000008000000      0x194
                0x0000000008000000                . = ALIGN (0x4)
 *(.isr_vector)
 .isr_vector    0x0000000008000000      0x194 Startup/startup_stm32f401retx.o
                0x0000000008000000                g_pfnVectors
                0x0000000008000194                . = ALIGN (0x4)

.text           0x0000000008000194      0xcf4
                0x0000000008000194                . = ALIGN (0x4)
 *(.text)
 .text          0x0000000008000194       0x40 c:/st/stm32cubeide_1.2.0/stm32cubeide/plugins/com.st.stm32cube.ide.mcu.externaltools.gnu-tools-for-stm32.7-2018-q2-update.win32_1.0.0.201904181610/tools/bin/../lib/gcc/arm-none-eabi/7.3.1/thumb/v7e-m/fpv4-sp/hard/crtbegin.o
 .text          0x00000000080001d4       0x10 c:/st/stm32cubeide_1.2.0/stm32cubeide/plugins/com.st.stm32cube.ide.mcu.externaltools.gnu-tools-for-stm32.7-2018-q2-update.win32_1.0.0.201904181610/tools/bin/../lib/gcc/arm-none-eabi/7.3.1/../../../../arm-none-eabi/lib/thumb/v7e-m/fpv4-sp/hard\libc_nano.a(lib_a-strlen.o)
                0x00000000080001d4                strlen
 *(.text*)
 .text.USART2_Init
                0x00000000080001e4       0x44 Src/0014uart_tx.o
                0x00000000080001e4                USART2_Init
 .text.USART2_GPIOInit
                0x0000000008000228       0x44 Src/0014uart_tx.o
                0x0000000008000228                USART2_GPIOInit
 .text.GPIO_ButtonInit
                0x000000000800026c       0x30 Src/0014uart_tx.o
                0x000000000800026c                GPIO_ButtonInit
 .text.delay    0x000000000800029c       0x2c Src/0014uart_tx.o
                0x000000000800029c                delay
 .text.main     0x00000000080002c8       0xb4 Src/0014uart_tx.o
                0x00000000080002c8                main
 .text.Reset_Handler
                0x000000000800037c       0x50 Startup/startup_stm32f401retx.o
                0x000000000800037c                Reset_Handler
 .text.Default_Handler
                0x00000000080003cc        0x2 Startup/startup_stm32f401retx.o
                0x00000000080003cc                RTC_Alarm_IRQHandler
                0x00000000080003cc                EXTI2_IRQHandler
                0x00000000080003cc                DebugMon_Handler
                0x00000000080003cc                SPI4_IRQHandler
                0x00000000080003cc                TIM1_CC_IRQHandler
                0x00000000080003cc                HardFault_Handler
                0x00000000080003cc                SysTick_Handler
                0x00000000080003cc                PVD_IRQHandler
                0x00000000080003cc                SDIO_IRQHandler
                0x00000000080003cc                TAMP_STAMP_IRQHandler
                0x00000000080003cc                PendSV_Handler
                0x00000000080003cc                NMI_Handler
                0x00000000080003cc                EXTI3_IRQHandler
                0x00000000080003cc                TIM1_UP_TIM10_IRQHandler
                0x00000000080003cc                I2C3_ER_IRQHandler
                0x00000000080003cc                EXTI0_IRQHandler
                0x00000000080003cc                I2C2_EV_IRQHandler
                0x00000000080003cc                FPU_IRQHandler
                0x00000000080003cc                UsageFault_Handler
                0x00000000080003cc                SPI1_IRQHandler
                0x00000000080003cc                TIM1_BRK_TIM9_IRQHandler
                0x00000000080003cc                I2C1_EV_IRQHandler
                0x00000000080003cc                TIM3_IRQHandler
                0x00000000080003cc                RCC_IRQHandler
                0x00000000080003cc                Default_Handler
                0x00000000080003cc                EXTI15_10_IRQHandler
                0x00000000080003cc                ADC_IRQHandler
                0x00000000080003cc                I2C3_EV_IRQHandler
                0x00000000080003cc                EXTI9_5_IRQHandler
                0x00000000080003cc                RTC_WKUP_IRQHandler
                0x00000000080003cc                SPI2_IRQHandler
                0x00000000080003cc                MemManage_Handler
                0x00000000080003cc                SVC_Handler
                0x00000000080003cc                EXTI4_IRQHandler
                0x00000000080003cc                TIM2_IRQHandler
                0x00000000080003cc                OTG_FS_WKUP_IRQHandler
                0x00000000080003cc                TIM1_TRG_COM_TIM11_IRQHandler
                0x00000000080003cc                EXTI1_IRQHandler
                0x00000000080003cc                I2C2_ER_IRQHandler
                0x00000000080003cc                FLASH_IRQHandler
                0x00000000080003cc                BusFault_Handler
                0x00000000080003cc                OTG_FS_IRQHandler
                0x00000000080003cc                SPI3_IRQHandler
                0x00000000080003cc                I2C1_ER_IRQHandler
 *fill*         0x00000000080003ce        0x2 
 .text.GPIO_PeriClockControl
                0x00000000080003d0      0x140 drivers/Src/stm32f401xx_gpio_driver.o
                0x00000000080003d0                GPIO_PeriClockControl
 .text.GPIO_Init
                0x0000000008000510      0x344 drivers/Src/stm32f401xx_gpio_driver.o
                0x0000000008000510                GPIO_Init
 .text.GPIO_ReadFromInputPin
                0x0000000008000854       0x2c drivers/Src/stm32f401xx_gpio_driver.o
                0x0000000008000854                GPIO_ReadFromInputPin
 .text.RCC_GetPCLK1Value
                0x0000000008000880       0xb0 drivers/Src/stm32f401xx_rcc_driver.o
                0x0000000008000880                RCC_GetPCLK1Value
 .text.RCC_GetPCLK2Value
                0x0000000008000930       0xa0 drivers/Src/stm32f401xx_rcc_driver.o
                0x0000000008000930                RCC_GetPCLK2Value
 .text.RCC_GetPLLOutputClock
                0x00000000080009d0       0x10 drivers/Src/stm32f401xx_rcc_driver.o
                0x00000000080009d0                RCC_GetPLLOutputClock
 .text.USART_PeripheralControl
                0x00000000080009e0       0x38 drivers/Src/stm32f401xx_usart_driver.o
                0x00000000080009e0                USART_PeripheralControl
 .text.USART_PeriClockControl
                0x0000000008000a18       0xb0 drivers/Src/stm32f401xx_usart_driver.o
                0x0000000008000a18                USART_PeriClockControl
 .text.USART_GetFlagStatus
                0x0000000008000ac8       0x2a drivers/Src/stm32f401xx_usart_driver.o
                0x0000000008000ac8                USART_GetFlagStatus
 *fill*         0x0000000008000af2        0x2 
 .text.USART_SetBaudRate
                0x0000000008000af4       0xe4 drivers/Src/stm32f401xx_usart_driver.o
                0x0000000008000af4                USART_SetBaudRate
 .text.USART_Init
                0x0000000008000bd8      0x106 drivers/Src/stm32f401xx_usart_driver.o
                0x0000000008000bd8                USART_Init
 .text.USART_SendData
                0x0000000008000cde       0x9a drivers/Src/stm32f401xx_usart_driver.o
                0x0000000008000cde                USART_SendData
 .text.USART_ReceiveData
                0x0000000008000d78       0xae drivers/Src/stm32f401xx_usart_driver.o
                0x0000000008000d78                USART_ReceiveData
 *fill*         0x0000000008000e26        0x2 
 .text.__libc_init_array
                0x0000000008000e28       0x48 c:/st/stm32cubeide_1.2.0/stm32cubeide/plugins/com.st.stm32cube.ide.mcu.externaltools.gnu-tools-for-stm32.7-2018-q2-update.win32_1.0.0.201904181610/tools/bin/../lib/gcc/arm-none-eabi/7.3.1/../../../../arm-none-eabi/lib/thumb/v7e-m/fpv4-sp/hard\libc_nano.a(lib_a-init.o)
                0x0000000008000e28                __libc_init_array
 *(.glue_7)
 .glue_7        0x0000000008000e70        0x0 linker stubs
 *(.glue_7t)
 .glue_7t       0x0000000008000e70        0x0 linker stubs
 *(.eh_frame)
 .eh_frame      0x0000000008000e70        0x0 c:/st/stm32cubeide_1.2.0/stm32cubeide/plugins/com.st.stm32cube.ide.mcu.externaltools.gnu-tools-for-stm32.7-2018-q2-update.win32_1.0.0.201904181610/tools/bin/../lib/gcc/arm-none-eabi/7.3.1/thumb/v7e-m/fpv4-sp/hard/crtbegin.o
 *(.init)
 .init          0x0000000008000e70        0x4 c:/st/stm32cubeide_1.2.0/stm32cubeide/plugins/com.st.stm32cube.ide.mcu.externaltools.gnu-tools-for-stm32.7-2018-q2-update.win32_1.0.0.201904181610/tools/bin/../lib/gcc/arm-none-eabi/7.3.1/thumb/v7e-m/fpv4-sp/hard/crti.o
                0x0000000008000e70                _init
 .init          0x0000000008000e74        0x8 c:/st/stm32cubeide_1.2.0/stm32cubeide/plugins/com.st.stm32cube.ide.mcu.externaltools.gnu-tools-for-stm32.7-2018-q2-update.win32_1.0.0.201904181610/tools/bin/../lib/gcc/arm-none-eabi/7.3.1/thumb/v7e-m/fpv4-sp/hard/crtn.o
 *(.fini)
 .fini          0x0000000008000e7c        0x4 c:/st/stm32cubeide_1.2.0/stm32cubeide/plugins/com.st.stm32cube.ide.mcu.externaltools.gnu-tools-for-stm32.7-2018-q2-update.win32_1.0.0.201904181610/tools/bin/../lib/gcc/arm-none-eabi/7.3.1/thumb/v7e-m/fpv4-sp/hard/crti.o
                0x0000000008000e7c                _fini
 .fini          0x0000000008000e80        0x8 c:/st/stm32cubeide_1.2.0/stm32cubeide/plugins/com.st.stm32cube.ide.mcu.externaltools.gnu-tools-for-stm32.7-2018-q2-update.win32_1.0.0.201904181610/tools/bin/../lib/gcc/arm-none-eabi/7.3.1/thumb/v7e-m/fpv4-sp/hard/crtn.o
                0x0000000008000e88                . = ALIGN (0x4)
                0x0000000008000e88                _etext = .

.vfp11_veneer   0x0000000008000e88        0x0
 .vfp11_veneer  0x0000000008000e88        0x0 linker stubs

.v4_bx          0x0000000008000e88        0x0
 .v4_bx         0x0000000008000e88        0x0 linker stubs

.iplt           0x0000000008000e88        0x0
 .iplt          0x0000000008000e88        0x0 c:/st/stm32cubeide_1.2.0/stm32cubeide/plugins/com.st.stm32cube.ide.mcu.externaltools.gnu-tools-for-stm32.7-2018-q2-update.win32_1.0.0.201904181610/tools/bin/../lib/gcc/arm-none-eabi/7.3.1/thumb/v7e-m/fpv4-sp/hard/crtbegin.o

.rel.dyn        0x0000000008000e88        0x0
 .rel.iplt      0x0000000008000e88        0x0 c:/st/stm32cubeide_1.2.0/stm32cubeide/plugins/com.st.stm32cube.ide.mcu.externaltools.gnu-tools-for-stm32.7-2018-q2-update.win32_1.0.0.201904181610/tools/bin/../lib/gcc/arm-none-eabi/7.3.1/thumb/v7e-m/fpv4-sp/hard/crtbegin.o

.rodata         0x0000000008000e88        0x0
                0x0000000008000e88                . = ALIGN (0x4)
 *(.rodata)
 *(.rodata*)
                0x0000000008000e88                . = ALIGN (0x4)

.ARM.extab      0x0000000008000e88        0x0
                0x0000000008000e88                . = ALIGN (0x4)
 *(.ARM.extab* .gnu.linkonce.armextab.*)
                0x0000000008000e88                . = ALIGN (0x4)

.ARM            0x0000000008000e88        0x0
                0x0000000008000e88                . = ALIGN (0x4)
                0x0000000008000e88                __exidx_start = .
 *(.ARM.exidx*)
                0x0000000008000e88                __exidx_end = .
                0x0000000008000e88                . = ALIGN (0x4)

.preinit_array  0x0000000008000e88        0x0
                0x0000000008000e88                . = ALIGN (0x4)
                0x0000000008000e88                PROVIDE (__preinit_array_start = .)
 *(.preinit_array*)
                0x0000000008000e88                PROVIDE (__preinit_array_end = .)
                0x0000000008000e88                . = ALIGN (0x4)

.init_array     0x0000000008000e88        0x4
                0x0000000008000e88                . = ALIGN (0x4)
                0x0000000008000e88                PROVIDE (__init_array_start = .)
 *(SORT_BY_NAME(.init_array.*))
 *(.init_array*)
 .init_array    0x0000000008000e88        0x4 c:/st/stm32cubeide_1.2.0/stm32cubeide/plugins/com.st.stm32cube.ide.mcu.externaltools.gnu-tools-for-stm32.7-2018-q2-update.win32_1.0.0.201904181610/tools/bin/../lib/gcc/arm-none-eabi/7.3.1/thumb/v7e-m/fpv4-sp/hard/crtbegin.o
                0x0000000008000e8c                PROVIDE (__init_array_end = .)
                0x0000000008000e8c                . = ALIGN (0x4)

.fini_array     0x0000000008000e8c        0x4
                0x0000000008000e8c                . = ALIGN (0x4)
                [!provide]                        PROVIDE (__fini_array_start = .)
 *(SORT_BY_NAME(.fini_array.*))
 *(.fini_array*)
 .fini_array    0x0000000008000e8c        0x4 c:/st/stm32cubeide_1.2.0/stm32cubeide/plugins/com.st.stm32cube.ide.mcu.externaltools.gnu-tools-for-stm32.7-2018-q2-update.win32_1.0.0.201904181610/tools/bin/../lib/gcc/arm-none-eabi/7.3.1/thumb/v7e-m/fpv4-sp/hard/crtbegin.o
                [!provide]                        PROVIDE (__fini_array_end = .)
                0x0000000008000e90                . = ALIGN (0x4)
                0x0000000008000e90                _sidata = LOADADDR (.data)

.data           0x0000000020000000      0x814 load address 0x0000000008000e90
                0x0000000020000000                . = ALIGN (0x4)
                0x0000000020000000                _sdata = .
 *(.data)
 *(.data*)
 .data.msg1     0x0000000020000000      0x400 Src/0014uart_tx.o
                0x0000000020000000                msg1
 .data.msg2     0x0000000020000400      0x400 Src/0014uart_tx.o
                0x0000000020000400                msg2
 .data.AHB_PreScaler
                0x0000000020000800       0x10 drivers/Src/stm32f401xx_rcc_driver.o
                0x0000000020000800                AHB_PreScaler
 .data.APB1_PreScaler
                0x0000000020000810        0x4 drivers/Src/stm32f401xx_rcc_driver.o
                0x0000000020000810                APB1_PreScaler
                0x0000000020000814                . = ALIGN (0x4)
                0x0000000020000814                _edata = .

.igot.plt       0x0000000020000814        0x0 load address 0x00000000080016a4
 .igot.plt      0x0000000020000814        0x0 c:/st/stm32cubeide_1.2.0/stm32cubeide/plugins/com.st.stm32cube.ide.mcu.externaltools.gnu-tools-for-stm32.7-2018-q2-update.win32_1.0.0.201904181610/tools/bin/../lib/gcc/arm-none-eabi/7.3.1/thumb/v7e-m/fpv4-sp/hard/crtbegin.o
                0x0000000020000814                . = ALIGN (0x4)

.bss            0x0000000020000814       0x80 load address 0x00000000080016a4
                0x0000000020000814                _sbss = .
                0x0000000020000814                __bss_start__ = _sbss
 *(.bss)
 .bss           0x0000000020000814       0x1c c:/st/stm32cubeide_1.2.0/stm32cubeide/plugins/com.st.stm32cube.ide.mcu.externaltools.gnu-tools-for-stm32.7-2018-q2-update.win32_1.0.0.201904181610/tools/bin/../lib/gcc/arm-none-eabi/7.3.1/thumb/v7e-m/fpv4-sp/hard/crtbegin.o
 *(.bss*)
 *(COMMON)
 COMMON         0x0000000020000830       0x64 Src/0014uart_tx.o
                0x0000000020000830                rcv_buf
                0x0000000020000850                usart2_handle
                0x0000000020000874                rcv_print
                0x0000000020000894                . = ALIGN (0x4)
                0x0000000020000894                _ebss = .
                0x0000000020000894                __bss_end__ = _ebss

._user_heap_stack
                0x0000000020000894      0x604 load address 0x00000000080016a4
                0x0000000020000898                . = ALIGN (0x8)
 *fill*         0x0000000020000894        0x4 
                [!provide]                        PROVIDE (end = .)
                [!provide]                        PROVIDE (_end = .)
                0x0000000020000a98                . = (. + _Min_Heap_Size)
 *fill*         0x0000000020000898      0x200 
                0x0000000020000e98                . = (. + _Min_Stack_Size)
 *fill*         0x0000000020000a98      0x400 
                0x0000000020000e98                . = ALIGN (0x8)

/DISCARD/
 libc.a(*)
 libm.a(*)
 libgcc.a(*)

.ARM.attributes
                0x0000000000000000       0x30
 *(.ARM.attributes)
 .ARM.attributes
                0x0000000000000000       0x22 c:/st/stm32cubeide_1.2.0/stm32cubeide/plugins/com.st.stm32cube.ide.mcu.externaltools.gnu-tools-for-stm32.7-2018-q2-update.win32_1.0.0.201904181610/tools/bin/../lib/gcc/arm-none-eabi/7.3.1/thumb/v7e-m/fpv4-sp/hard/crti.o
 .ARM.attributes
                0x0000000000000022       0x34 c:/st/stm32cubeide_1.2.0/stm32cubeide/plugins/com.st.stm32cube.ide.mcu.externaltools.gnu-tools-for-stm32.7-2018-q2-update.win32_1.0.0.201904181610/tools/bin/../lib/gcc/arm-none-eabi/7.3.1/thumb/v7e-m/fpv4-sp/hard/crtbegin.o
 .ARM.attributes
                0x0000000000000056       0x39 Src/0014uart_tx.o
 .ARM.attributes
                0x000000000000008f       0x21 Startup/startup_stm32f401retx.o
 .ARM.attributes
                0x00000000000000b0       0x39 drivers/Src/stm32f401xx_gpio_driver.o
 .ARM.attributes
                0x00000000000000e9       0x39 drivers/Src/stm32f401xx_rcc_driver.o
 .ARM.attributes
                0x0000000000000122       0x39 drivers/Src/stm32f401xx_usart_driver.o
 .ARM.attributes
                0x000000000000015b       0x34 c:/st/stm32cubeide_1.2.0/stm32cubeide/plugins/com.st.stm32cube.ide.mcu.externaltools.gnu-tools-for-stm32.7-2018-q2-update.win32_1.0.0.201904181610/tools/bin/../lib/gcc/arm-none-eabi/7.3.1/../../../../arm-none-eabi/lib/thumb/v7e-m/fpv4-sp/hard\libc_nano.a(lib_a-init.o)
 .ARM.attributes
                0x000000000000018f       0x1b c:/st/stm32cubeide_1.2.0/stm32cubeide/plugins/com.st.stm32cube.ide.mcu.externaltools.gnu-tools-for-stm32.7-2018-q2-update.win32_1.0.0.201904181610/tools/bin/../lib/gcc/arm-none-eabi/7.3.1/../../../../arm-none-eabi/lib/thumb/v7e-m/fpv4-sp/hard\libc_nano.a(lib_a-strlen.o)
 .ARM.attributes
                0x00000000000001aa       0x22 c:/st/stm32cubeide_1.2.0/stm32cubeide/plugins/com.st.stm32cube.ide.mcu.externaltools.gnu-tools-for-stm32.7-2018-q2-update.win32_1.0.0.201904181610/tools/bin/../lib/gcc/arm-none-eabi/7.3.1/thumb/v7e-m/fpv4-sp/hard/crtn.o
OUTPUT(STM32F4xx_drivers.elf elf32-littlearm)

.debug_info     0x0000000000000000     0x1dfd
 .debug_info    0x0000000000000000      0xc4a Src/0014uart_tx.o
 .debug_info    0x0000000000000c4a       0x22 Startup/startup_stm32f401retx.o
 .debug_info    0x0000000000000c6c      0x6f5 drivers/Src/stm32f401xx_gpio_driver.o
 .debug_info    0x0000000000001361      0x36c drivers/Src/stm32f401xx_rcc_driver.o
 .debug_info    0x00000000000016cd      0x730 drivers/Src/stm32f401xx_usart_driver.o

.debug_abbrev   0x0000000000000000      0x605
 .debug_abbrev  0x0000000000000000      0x1fb Src/0014uart_tx.o
 .debug_abbrev  0x00000000000001fb       0x12 Startup/startup_stm32f401retx.o
 .debug_abbrev  0x000000000000020d      0x159 drivers/Src/stm32f401xx_gpio_driver.o
 .debug_abbrev  0x0000000000000366       0xfd drivers/Src/stm32f401xx_rcc_driver.o
 .debug_abbrev  0x0000000000000463      0x1a2 drivers/Src/stm32f401xx_usart_driver.o

.debug_aranges  0x0000000000000000      0x188
 .debug_aranges
                0x0000000000000000       0x40 Src/0014uart_tx.o
 .debug_aranges
                0x0000000000000040       0x28 Startup/startup_stm32f401retx.o
 .debug_aranges
                0x0000000000000068       0x70 drivers/Src/stm32f401xx_gpio_driver.o
 .debug_aranges
                0x00000000000000d8       0x30 drivers/Src/stm32f401xx_rcc_driver.o
 .debug_aranges
                0x0000000000000108       0x80 drivers/Src/stm32f401xx_usart_driver.o

.debug_ranges   0x0000000000000000      0x140
 .debug_ranges  0x0000000000000000       0x30 Src/0014uart_tx.o
 .debug_ranges  0x0000000000000030       0x20 Startup/startup_stm32f401retx.o
 .debug_ranges  0x0000000000000050       0x60 drivers/Src/stm32f401xx_gpio_driver.o
 .debug_ranges  0x00000000000000b0       0x20 drivers/Src/stm32f401xx_rcc_driver.o
 .debug_ranges  0x00000000000000d0       0x70 drivers/Src/stm32f401xx_usart_driver.o

.debug_macro    0x0000000000000000     0x2e06
 .debug_macro   0x0000000000000000      0x220 Src/0014uart_tx.o
 .debug_macro   0x0000000000000220      0xa60 Src/0014uart_tx.o
 .debug_macro   0x0000000000000c80       0x22 Src/0014uart_tx.o
 .debug_macro   0x0000000000000ca2       0x40 Src/0014uart_tx.o
 .debug_macro   0x0000000000000ce2       0x18 Src/0014uart_tx.o
 .debug_macro   0x0000000000000cfa       0x94 Src/0014uart_tx.o
 .debug_macro   0x0000000000000d8e       0x3c Src/0014uart_tx.o
 .debug_macro   0x0000000000000dca       0x34 Src/0014uart_tx.o
 .debug_macro   0x0000000000000dfe       0x16 Src/0014uart_tx.o
 .debug_macro   0x0000000000000e14       0x57 Src/0014uart_tx.o
 .debug_macro   0x0000000000000e6b       0x97 Src/0014uart_tx.o
 .debug_macro   0x0000000000000f02      0x330 Src/0014uart_tx.o
 .debug_macro   0x0000000000001232       0xfd Src/0014uart_tx.o
 .debug_macro   0x000000000000132f       0x10 Src/0014uart_tx.o
 .debug_macro   0x000000000000133f       0x52 Src/0014uart_tx.o
 .debug_macro   0x0000000000001391       0x1f Src/0014uart_tx.o
 .debug_macro   0x00000000000013b0       0x43 Src/0014uart_tx.o
 .debug_macro   0x00000000000013f3       0x20 Src/0014uart_tx.o
 .debug_macro   0x0000000000001413      0x1a3 Src/0014uart_tx.o
 .debug_macro   0x00000000000015b6       0x10 Src/0014uart_tx.o
 .debug_macro   0x00000000000015c6       0x6a Src/0014uart_tx.o
 .debug_macro   0x0000000000001630       0x1c Src/0014uart_tx.o
 .debug_macro   0x000000000000164c       0x52 Src/0014uart_tx.o
 .debug_macro   0x000000000000169e       0x40 Src/0014uart_tx.o
 .debug_macro   0x00000000000016de       0x10 Src/0014uart_tx.o
 .debug_macro   0x00000000000016ee       0x40 Src/0014uart_tx.o
 .debug_macro   0x000000000000172e       0xd7 Src/0014uart_tx.o
 .debug_macro   0x0000000000001805       0x1c Src/0014uart_tx.o
 .debug_macro   0x0000000000001821       0x3d Src/0014uart_tx.o
 .debug_macro   0x000000000000185e       0x16 Src/0014uart_tx.o
 .debug_macro   0x0000000000001874      0x145 Src/0014uart_tx.o
 .debug_macro   0x00000000000019b9       0x16 Src/0014uart_tx.o
 .debug_macro   0x00000000000019cf       0x35 Src/0014uart_tx.o
 .debug_macro   0x0000000000001a04       0x20 Src/0014uart_tx.o
 .debug_macro   0x0000000000001a24       0xef Src/0014uart_tx.o
 .debug_macro   0x0000000000001b13      0x1df Src/0014uart_tx.o
 .debug_macro   0x0000000000001cf2      0x71b Src/0014uart_tx.o
 .debug_macro   0x000000000000240d       0xd0 Src/0014uart_tx.o
 .debug_macro   0x00000000000024dd      0x12a Src/0014uart_tx.o
 .debug_macro   0x0000000000002607      0x106 Src/0014uart_tx.o
 .debug_macro   0x000000000000270d       0x8a drivers/Src/stm32f401xx_gpio_driver.o
 .debug_macro   0x0000000000002797      0x174 drivers/Src/stm32f401xx_gpio_driver.o
 .debug_macro   0x000000000000290b       0x8e drivers/Src/stm32f401xx_gpio_driver.o
 .debug_macro   0x0000000000002999       0x51 drivers/Src/stm32f401xx_gpio_driver.o
 .debug_macro   0x00000000000029ea      0x124 drivers/Src/stm32f401xx_gpio_driver.o
 .debug_macro   0x0000000000002b0e       0x85 drivers/Src/stm32f401xx_rcc_driver.o
 .debug_macro   0x0000000000002b93       0x9d drivers/Src/stm32f401xx_usart_driver.o
 .debug_macro   0x0000000000002c30      0x100 drivers/Src/stm32f401xx_usart_driver.o
 .debug_macro   0x0000000000002d30       0xd6 drivers/Src/stm32f401xx_usart_driver.o

.debug_line     0x0000000000000000     0x17f2
 .debug_line    0x0000000000000000      0x6e2 Src/0014uart_tx.o
 .debug_line    0x00000000000006e2       0x84 Startup/startup_stm32f401retx.o
 .debug_line    0x0000000000000766      0x5fb drivers/Src/stm32f401xx_gpio_driver.o
 .debug_line    0x0000000000000d61      0x467 drivers/Src/stm32f401xx_rcc_driver.o
 .debug_line    0x00000000000011c8      0x62a drivers/Src/stm32f401xx_usart_driver.o

.debug_str      0x0000000000000000     0xae56
 .debug_str     0x0000000000000000     0xa927 Src/0014uart_tx.o
                                       0xab87 (size before relaxing)
 .debug_str     0x000000000000a927       0x31 Startup/startup_stm32f401retx.o
                                         0x7f (size before relaxing)
 .debug_str     0x000000000000a958      0x2a2 drivers/Src/stm32f401xx_gpio_driver.o
                                       0x642e (size before relaxing)
 .debug_str     0x000000000000abfa       0xe0 drivers/Src/stm32f401xx_rcc_driver.o
                                       0x5fe2 (size before relaxing)
 .debug_str     0x000000000000acda      0x17c drivers/Src/stm32f401xx_usart_driver.o
                                       0x68fb (size before relaxing)

.comment        0x0000000000000000       0x7b
 .comment       0x0000000000000000       0x7b Src/0014uart_tx.o
                                         0x7c (size before relaxing)
 .comment       0x000000000000007b       0x7c drivers/Src/stm32f401xx_gpio_driver.o
 .comment       0x000000000000007b       0x7c drivers/Src/stm32f401xx_rcc_driver.o
 .comment       0x000000000000007b       0x7c drivers/Src/stm32f401xx_usart_driver.o

.debug_frame    0x0000000000000000      0x534
 .debug_frame   0x0000000000000000       0xbc Src/0014uart_tx.o
 .debug_frame   0x00000000000000bc      0x1c8 drivers/Src/stm32f401xx_gpio_driver.o
 .debug_frame   0x0000000000000284       0x7c drivers/Src/stm32f401xx_rcc_driver.o
 .debug_frame   0x0000000000000300      0x208 drivers/Src/stm32f401xx_usart_driver.o
 .debug_frame   0x0000000000000508       0x2c c:/st/stm32cubeide_1.2.0/stm32cubeide/plugins/com.st.stm32cube.ide.mcu.externaltools.gnu-tools-for-stm32.7-2018-q2-update.win32_1.0.0.201904181610/tools/bin/../lib/gcc/arm-none-eabi/7.3.1/../../../../arm-none-eabi/lib/thumb/v7e-m/fpv4-sp/hard\libc_nano.a(lib_a-init.o)
