stm32f401xx_spi_driver.c:28:6:SPI_PeriClockControl	16	static
stm32f401xx_spi_driver.c:53:6:teste	24	static
stm32f401xx_spi_driver.c:85:6:SPI_Init	24	static
stm32f401xx_spi_driver.c:142:6:SPI_DeInit	16	static
stm32f401xx_spi_driver.c:168:9:SPI_GetFlagStatus	16	static
stm32f401xx_spi_driver.c:193:6:SPI_SendData	24	static
stm32f401xx_spi_driver.c:233:6:SPI_ReceiveData	24	static
stm32f401xx_spi_driver.c:271:9:SPI_SendDataIT	32	static
stm32f401xx_spi_driver.c:306:9:SPI_ReceiveDataIT	32	static
stm32f401xx_spi_driver.c:344:6:SPI_IRQInterruptConfig	16	static
stm32f401xx_spi_driver.c:391:6:SPI_IRQPriorityConfig	24	static
stm32f401xx_spi_driver.c:415:6:SPI_IRQHandling	24	static
stm32f401xx_spi_driver.c:461:6:SPI_PeripheralControl	16	static
stm32f401xx_spi_driver.c:491:6:SPI_SSIConfig	16	static
stm32f401xx_spi_driver.c:513:6:SPI_SSOEConfig	16	static
stm32f401xx_spi_driver.c:534:6:SPI_CloseTransmission	16	static
stm32f401xx_spi_driver.c:554:6:SPI_CloseReception	16	static
stm32f401xx_spi_driver.c:574:6:SPI_ClearOVRFlag	24	static
stm32f401xx_spi_driver.c:598:13:SPI_ApplicationEventCallback	16	static
stm32f401xx_spi_driver.c:615:13:spi_txe_interrupt_handle	16	static
stm32f401xx_spi_driver.c:653:13:spi_rxne_interrupt_handle	16	static
stm32f401xx_spi_driver.c:691:13:spi_ovr_err_interrupt_handle	24	static
